<?xml version="1.0" encoding="utf-8"?>
<CoverageSession xmlns:xsd="http://www.w3.org/2001/XMLSchema" xmlns:xsi="http://www.w3.org/2001/XMLSchema-instance">
  <Summary numSequencePoints="476" visitedSequencePoints="353" numBranchPoints="257" visitedBranchPoints="177" sequenceCoverage="74.16" branchCoverage="68.87" maxCyclomaticComplexity="10" minCyclomaticComplexity="1" visitedClasses="34" numClasses="39" visitedMethods="135" numMethods="177" />
  <Modules>
    <Module skippedDueTo="Filter" hash="B2-E7-C6-75-5A-8F-45-0B-CA-A7-A6-86-F2-5E-94-26-D2-45-2F-3F">
      <ModulePath>c:\program files\dotnet\shared\Microsoft.NETCore.App\2.1.0\System.Private.CoreLib.dll</ModulePath>
      <ModuleTime>2018-05-15T17:03:40Z</ModuleTime>
      <ModuleName>System.Private.CoreLib</ModuleName>
      <Classes />
    </Module>
    <Module skippedDueTo="MissingPdb" hash="2B-FA-51-67-24-04-EA-9E-F0-4F-31-BC-83-93-95-5A-B6-73-00-98">
      <ModulePath>c:\program files\dotnet\sdk\2.1.300\dotnet.dll</ModulePath>
      <ModuleTime>2018-05-22T18:56:18Z</ModuleTime>
      <ModuleName>dotnet</ModuleName>
      <Classes />
    </Module>
    <Module skippedDueTo="Filter" hash="9F-39-BF-B3-E6-CA-45-5F-FF-EC-C9-17-D3-19-65-B0-6E-2F-17-4E">
      <ModulePath>c:\program files\dotnet\shared\Microsoft.NETCore.App\2.1.0\System.Runtime.dll</ModulePath>
      <ModuleTime>2018-05-15T17:03:38Z</ModuleTime>
      <ModuleName>System.Runtime</ModuleName>
      <Classes />
    </Module>
    <Module skippedDueTo="MissingPdb" hash="10-D9-5E-5F-C1-30-6D-DC-D5-57-8D-8E-D0-DC-07-D7-C0-91-30-27">
      <ModulePath>c:\program files\dotnet\sdk\2.1.300\Microsoft.DotNet.Cli.Utils.dll</ModulePath>
      <ModuleTime>2018-05-22T19:00:08Z</ModuleTime>
      <ModuleName>Microsoft.DotNet.Cli.Utils</ModuleName>
      <Classes />
    </Module>
    <Module skippedDueTo="MissingPdb" hash="CE-9A-28-50-C8-7A-CB-EA-AB-DB-66-61-78-38-6D-69-39-93-C5-40">
      <ModulePath>c:\program files\dotnet\shared\Microsoft.NETCore.App\2.1.0\netstandard.dll</ModulePath>
      <ModuleTime>2018-05-15T17:03:40Z</ModuleTime>
      <ModuleName>netstandard</ModuleName>
      <Classes />
    </Module>
    <Module skippedDueTo="Filter" hash="8D-7A-CE-FA-10-05-D7-6F-3C-AC-3E-F0-BA-01-AD-CE-0B-22-99-8B">
      <ModulePath>c:\program files\dotnet\shared\Microsoft.NETCore.App\2.1.0\System.Runtime.Extensions.dll</ModulePath>
      <ModuleTime>2018-05-15T17:03:38Z</ModuleTime>
      <ModuleName>System.Runtime.Extensions</ModuleName>
      <Classes />
    </Module>
    <Module skippedDueTo="Filter" hash="40-85-75-1E-6D-24-67-1C-AF-4E-3B-D9-80-9C-3F-AB-6D-60-D4-C0">
      <ModulePath>c:\program files\dotnet\shared\Microsoft.NETCore.App\2.1.0\System.Runtime.Loader.dll</ModulePath>
      <ModuleTime>2018-05-15T17:03:38Z</ModuleTime>
      <ModuleName>System.Runtime.Loader</ModuleName>
      <Classes />
    </Module>
    <Module skippedDueTo="MissingPdb" hash="25-FE-65-CF-8D-DE-90-81-68-78-51-35-16-D5-62-62-94-42-F1-2D">
      <ModulePath>c:\program files\dotnet\sdk\2.1.300\Microsoft.DotNet.PlatformAbstractions.dll</ModulePath>
      <ModuleTime>2018-05-22T19:00:08Z</ModuleTime>
      <ModuleName>Microsoft.DotNet.PlatformAbstractions</ModuleName>
      <Classes />
    </Module>
    <Module skippedDueTo="Filter" hash="BD-CE-88-18-22-8A-25-85-EF-42-FE-24-18-B9-4F-9D-F6-47-F0-A9">
      <ModulePath>c:\program files\dotnet\shared\Microsoft.NETCore.App\2.1.0\System.Runtime.InteropServices.RuntimeInformation.dll</ModulePath>
      <ModuleTime>2018-05-15T17:03:38Z</ModuleTime>
      <ModuleName>System.Runtime.InteropServices.RuntimeInformation</ModuleName>
      <Classes />
    </Module>
    <Module skippedDueTo="Filter" hash="7C-48-0B-B8-42-17-41-57-6D-4B-89-E5-56-89-D0-D0-8F-11-92-5B">
      <ModulePath>c:\program files\dotnet\shared\Microsoft.NETCore.App\2.1.0\System.Runtime.InteropServices.dll</ModulePath>
      <ModuleTime>2018-05-15T17:03:38Z</ModuleTime>
      <ModuleName>System.Runtime.InteropServices</ModuleName>
      <Classes />
    </Module>
    <Module skippedDueTo="Filter" hash="DC-82-33-86-1B-03-21-60-3C-01-E1-E1-DD-56-79-12-7A-1D-2E-21">
      <ModulePath>c:\program files\dotnet\shared\Microsoft.NETCore.App\2.1.0\System.Threading.dll</ModulePath>
      <ModuleTime>2018-05-15T17:03:38Z</ModuleTime>
      <ModuleName>System.Threading</ModuleName>
      <Classes />
    </Module>
    <Module skippedDueTo="Filter" hash="25-50-01-7A-06-31-FD-01-25-66-B3-FF-54-A1-13-10-BF-28-EA-43">
      <ModulePath>c:\program files\dotnet\shared\Microsoft.NETCore.App\2.1.0\System.IO.FileSystem.dll</ModulePath>
      <ModuleTime>2018-05-15T17:03:34Z</ModuleTime>
      <ModuleName>System.IO.FileSystem</ModuleName>
      <Classes />
    </Module>
    <Module skippedDueTo="Filter" hash="66-45-6C-B8-6E-33-46-CE-D5-9F-71-FB-DC-B0-1E-2B-68-D1-4A-7D">
      <ModulePath>c:\program files\dotnet\sdk\2.1.300\runtimes\win\lib\netcoreapp2.0\System.Text.Encoding.CodePages.dll</ModulePath>
      <ModuleTime>2018-05-22T18:56:18Z</ModuleTime>
      <ModuleName>System.Text.Encoding.CodePages</ModuleName>
      <Classes />
    </Module>
    <Module skippedDueTo="Filter" hash="24-71-BF-19-D6-43-AE-96-67-A7-D6-7A-23-51-8F-EA-D9-BB-9E-0B">
      <ModulePath>c:\program files\dotnet\shared\Microsoft.NETCore.App\2.1.0\System.Collections.dll</ModulePath>
      <ModuleTime>2018-05-15T17:03:34Z</ModuleTime>
      <ModuleName>System.Collections</ModuleName>
      <Classes />
    </Module>
    <Module skippedDueTo="Filter" hash="9E-5F-AD-60-04-57-6F-40-C1-C3-F9-E2-BC-8E-5E-64-5E-61-98-48">
      <ModulePath>c:\program files\dotnet\shared\Microsoft.NETCore.App\2.1.0\System.Collections.Concurrent.dll</ModulePath>
      <ModuleTime>2018-05-15T17:03:34Z</ModuleTime>
      <ModuleName>System.Collections.Concurrent</ModuleName>
      <Classes />
    </Module>
    <Module skippedDueTo="Filter" hash="D0-AD-42-F2-E9-D2-D4-94-0D-63-8C-61-4E-52-4F-0D-DA-1A-CD-6F">
      <ModulePath>c:\program files\dotnet\shared\Microsoft.NETCore.App\2.1.0\System.Threading.Thread.dll</ModulePath>
      <ModuleTime>2018-05-15T17:03:38Z</ModuleTime>
      <ModuleName>System.Threading.Thread</ModuleName>
      <Classes />
    </Module>
    <Module skippedDueTo="MissingPdb" hash="43-AC-B9-A0-7E-21-D1-DB-A8-42-3B-84-83-FD-34-8D-97-77-3A-87">
      <ModulePath>c:\program files\dotnet\sdk\2.1.300\Microsoft.DotNet.Configurer.dll</ModulePath>
      <ModuleTime>2018-05-22T19:00:08Z</ModuleTime>
      <ModuleName>Microsoft.DotNet.Configurer</ModuleName>
      <Classes />
    </Module>
    <Module skippedDueTo="MissingPdb" hash="98-6B-2F-2D-04-DB-0A-94-C1-B7-FA-63-EF-04-60-1A-1E-61-B4-43">
      <ModulePath>c:\program files\dotnet\sdk\2.1.300\Microsoft.DotNet.Cli.CommandLine.dll</ModulePath>
      <ModuleTime>2018-05-22T19:00:08Z</ModuleTime>
      <ModuleName>Microsoft.DotNet.Cli.CommandLine</ModuleName>
      <Classes />
    </Module>
    <Module skippedDueTo="Filter" hash="75-89-4A-9A-A6-FC-DB-A1-DD-35-84-48-C9-3B-21-8A-92-4A-92-5F">
      <ModulePath>c:\program files\dotnet\shared\Microsoft.NETCore.App\2.1.0\System.Diagnostics.Process.dll</ModulePath>
      <ModuleTime>2018-05-15T17:03:34Z</ModuleTime>
      <ModuleName>System.Diagnostics.Process</ModuleName>
      <Classes />
    </Module>
    <Module skippedDueTo="MissingPdb" hash="5D-42-85-92-97-CA-1E-FF-47-73-15-41-50-01-36-CD-4A-CD-55-6C">
      <ModulePath>c:\program files\dotnet\sdk\2.1.300\Microsoft.DotNet.InternalAbstractions.dll</ModulePath>
      <ModuleTime>2018-05-22T19:00:08Z</ModuleTime>
      <ModuleName>Microsoft.DotNet.InternalAbstractions</ModuleName>
      <Classes />
    </Module>
    <Module skippedDueTo="Filter" hash="9F-99-A9-A6-DD-81-FE-32-D3-9F-D2-E3-AD-B9-5F-98-E3-C3-D3-BD">
      <ModulePath>c:\program files\dotnet\shared\Microsoft.NETCore.App\2.1.0\System.Linq.dll</ModulePath>
      <ModuleTime>2018-05-15T17:03:36Z</ModuleTime>
      <ModuleName>System.Linq</ModuleName>
      <Classes />
    </Module>
    <Module skippedDueTo="MissingPdb" hash="D2-56-A4-DE-8B-E4-74-DB-2A-9D-96-42-3C-8E-47-75-8A-85-8F-DA">
      <ModulePath>c:\program files\dotnet\sdk\2.1.300\NuGet.Frameworks.dll</ModulePath>
      <ModuleTime>2018-05-22T19:03:40Z</ModuleTime>
      <ModuleName>NuGet.Frameworks</ModuleName>
      <Classes />
    </Module>
    <Module skippedDueTo="Filter" hash="FB-2A-22-7D-6B-48-6C-07-93-20-FE-9E-D2-85-0C-2E-DA-B6-18-C7">
      <ModulePath>c:\program files\dotnet\shared\Microsoft.NETCore.App\2.1.0\System.Console.dll</ModulePath>
      <ModuleTime>2018-05-15T17:03:34Z</ModuleTime>
      <ModuleName>System.Console</ModuleName>
      <Classes />
    </Module>
    <Module skippedDueTo="Filter" hash="3C-1A-D1-7D-BD-42-C9-7D-FE-CD-90-2F-00-88-4C-15-52-1E-4E-0F">
      <ModulePath>c:\program files\dotnet\shared\Microsoft.NETCore.App\2.1.0\System.IO.FileSystem.Primitives.dll</ModulePath>
      <ModuleTime>2018-05-15T17:03:34Z</ModuleTime>
      <ModuleName>System.IO.FileSystem.Primitives</ModuleName>
      <Classes />
    </Module>
    <Module skippedDueTo="Filter" hash="AE-68-82-F2-C5-D2-6B-96-09-C2-97-18-05-09-35-66-CE-14-B6-EC">
      <ModulePath>c:\program files\dotnet\shared\Microsoft.NETCore.App\2.1.0\System.AppContext.dll</ModulePath>
      <ModuleTime>2018-05-15T17:03:32Z</ModuleTime>
      <ModuleName>System.AppContext</ModuleName>
      <Classes />
    </Module>
    <Module skippedDueTo="Filter" hash="99-33-4D-CD-87-78-88-0E-F6-12-EF-CA-31-D9-97-F4-A8-D8-3D-E1">
      <ModulePath>c:\program files\dotnet\shared\Microsoft.NETCore.App\2.1.0\System.Memory.dll</ModulePath>
      <ModuleTime>2018-05-15T17:03:36Z</ModuleTime>
      <ModuleName>System.Memory</ModuleName>
      <Classes />
    </Module>
    <Module skippedDueTo="Filter" hash="93-AD-CD-25-C3-0E-A0-A6-7A-07-9E-D5-7A-CB-BF-3D-90-A1-F9-C5">
      <ModulePath>c:\program files\dotnet\shared\Microsoft.NETCore.App\2.1.0\System.IO.dll</ModulePath>
      <ModuleTime>2018-05-15T17:03:36Z</ModuleTime>
      <ModuleName>System.IO</ModuleName>
      <Classes />
    </Module>
    <Module skippedDueTo="Filter" hash="4B-C9-61-40-58-3E-0C-63-D9-7B-DD-60-9F-00-0F-85-73-7E-F7-06">
      <ModulePath>c:\program files\dotnet\shared\Microsoft.NETCore.App\2.1.0\System.Text.Encoding.Extensions.dll</ModulePath>
      <ModuleTime>2018-05-15T17:03:38Z</ModuleTime>
      <ModuleName>System.Text.Encoding.Extensions</ModuleName>
      <Classes />
    </Module>
    <Module skippedDueTo="MissingPdb" hash="0D-0F-7D-34-CA-A6-65-47-7B-9A-11-AC-9B-85-8D-E3-52-ED-44-21">
      <ModulePath>c:\program files\dotnet\sdk\2.1.300\Microsoft.ApplicationInsights.dll</ModulePath>
      <ModuleTime>2018-05-22T19:00:08Z</ModuleTime>
      <ModuleName>Microsoft.ApplicationInsights</ModuleName>
      <Classes />
    </Module>
    <Module skippedDueTo="Filter" hash="99-CC-76-16-41-8D-C7-16-82-C9-39-01-13-46-6B-62-39-B8-7E-32">
      <ModulePath>c:\program files\dotnet\shared\Microsoft.NETCore.App\2.1.0\System.Reflection.Extensions.dll</ModulePath>
      <ModuleTime>2018-05-15T17:03:38Z</ModuleTime>
      <ModuleName>System.Reflection.Extensions</ModuleName>
      <Classes />
    </Module>
    <Module skippedDueTo="Filter" hash="1E-3D-7F-D9-96-A2-6B-1F-8A-00-47-08-B1-B4-3D-4B-FC-82-C0-E0">
      <ModulePath>c:\program files\dotnet\shared\Microsoft.NETCore.App\2.1.0\System.Reflection.dll</ModulePath>
      <ModuleTime>2018-05-15T17:03:38Z</ModuleTime>
      <ModuleName>System.Reflection</ModuleName>
      <Classes />
    </Module>
    <Module skippedDueTo="Filter" hash="7B-69-F4-1E-A3-58-9E-D6-28-EB-77-F1-9D-13-F7-D8-20-E7-06-CC">
      <ModulePath>c:\program files\dotnet\shared\Microsoft.NETCore.App\2.1.0\System.Xml.XDocument.dll</ModulePath>
      <ModuleTime>2018-05-15T17:03:38Z</ModuleTime>
      <ModuleName>System.Xml.XDocument</ModuleName>
      <Classes />
    </Module>
    <Module skippedDueTo="Filter" hash="21-08-D5-0F-67-C7-B3-A5-F0-0B-F9-E9-57-C9-65-4E-BD-60-05-42">
      <ModulePath>c:\program files\dotnet\shared\Microsoft.NETCore.App\2.1.0\System.Private.Xml.Linq.dll</ModulePath>
      <ModuleTime>2018-05-15T17:03:36Z</ModuleTime>
      <ModuleName>System.Private.Xml.Linq</ModuleName>
      <Classes />
    </Module>
    <Module skippedDueTo="Filter" hash="6C-10-44-7E-EF-B7-6F-EF-94-1C-16-FA-4B-F1-3F-1A-2E-B7-36-36">
      <ModulePath>c:\program files\dotnet\shared\Microsoft.NETCore.App\2.1.0\System.Security.Cryptography.Algorithms.dll</ModulePath>
      <ModuleTime>2018-05-15T17:03:38Z</ModuleTime>
      <ModuleName>System.Security.Cryptography.Algorithms</ModuleName>
      <Classes />
    </Module>
    <Module skippedDueTo="Filter" hash="96-1F-A5-9A-60-99-81-FC-8E-F0-9A-6E-0B-B0-7C-FD-63-B6-C5-CD">
      <ModulePath>c:\program files\dotnet\shared\Microsoft.NETCore.App\2.1.0\System.Security.Cryptography.Primitives.dll</ModulePath>
      <ModuleTime>2018-05-15T17:03:38Z</ModuleTime>
      <ModuleName>System.Security.Cryptography.Primitives</ModuleName>
      <Classes />
    </Module>
    <Module skippedDueTo="Filter" hash="59-22-E0-A2-F3-0C-E7-ED-94-CC-53-3D-C8-3A-1A-1E-27-CB-A9-37">
      <ModulePath>c:\program files\dotnet\shared\Microsoft.NETCore.App\2.1.0\System.Private.Xml.dll</ModulePath>
      <ModuleTime>2018-05-15T17:03:36Z</ModuleTime>
      <ModuleName>System.Private.Xml</ModuleName>
      <Classes />
    </Module>
    <Module skippedDueTo="Filter" hash="A7-E9-86-00-CF-78-E5-77-89-9A-59-FD-9F-AE-61-2D-6A-36-CF-91">
      <ModulePath>c:\program files\dotnet\shared\Microsoft.NETCore.App\2.1.0\System.Text.RegularExpressions.dll</ModulePath>
      <ModuleTime>2018-05-15T17:03:38Z</ModuleTime>
      <ModuleName>System.Text.RegularExpressions</ModuleName>
      <Classes />
    </Module>
    <Module skippedDueTo="Filter" hash="5E-40-03-20-BE-51-A5-B8-5B-25-4F-F1-25-17-FA-A8-F7-D6-1D-75">
      <ModulePath>c:\program files\dotnet\shared\Microsoft.NETCore.App\2.1.0\System.Xml.ReaderWriter.dll</ModulePath>
      <ModuleTime>2018-05-15T17:03:38Z</ModuleTime>
      <ModuleName>System.Xml.ReaderWriter</ModuleName>
      <Classes />
    </Module>
    <Module skippedDueTo="Filter" hash="D8-1F-91-FC-FE-F3-18-9C-C0-64-98-06-CA-A4-4A-14-A8-D4-E1-A1">
      <ModulePath>c:\program files\dotnet\shared\Microsoft.NETCore.App\2.1.0\System.Diagnostics.Tracing.dll</ModulePath>
      <ModuleTime>2018-05-15T17:03:34Z</ModuleTime>
      <ModuleName>System.Diagnostics.Tracing</ModuleName>
      <Classes />
    </Module>
    <Module skippedDueTo="Filter" hash="9D-16-07-1F-E6-AE-43-F8-08-7D-77-2C-41-30-DA-C0-55-6C-5D-B8">
      <ModulePath>c:\program files\dotnet\shared\Microsoft.NETCore.App\2.1.0\System.Private.Uri.dll</ModulePath>
      <ModuleTime>2018-05-15T17:03:36Z</ModuleTime>
      <ModuleName>System.Private.Uri</ModuleName>
      <Classes />
    </Module>
    <Module skippedDueTo="Filter" hash="4F-1F-3B-7B-DB-07-CF-E1-A3-99-93-8D-8C-97-A1-6A-0C-41-8E-E9">
      <ModulePath>c:\program files\dotnet\shared\Microsoft.NETCore.App\2.1.0\System.Threading.Tasks.dll</ModulePath>
      <ModuleTime>2018-05-15T17:03:38Z</ModuleTime>
      <ModuleName>System.Threading.Tasks</ModuleName>
      <Classes />
    </Module>
    <Module skippedDueTo="Filter" hash="42-A9-56-1E-D9-D8-E5-61-4B-B5-2A-4C-CA-8E-A6-DE-FB-9F-B4-71">
      <ModulePath>c:\program files\dotnet\shared\Microsoft.NETCore.App\2.1.0\System.Globalization.dll</ModulePath>
      <ModuleTime>2018-05-15T17:03:34Z</ModuleTime>
      <ModuleName>System.Globalization</ModuleName>
      <Classes />
    </Module>
    <Module skippedDueTo="Filter" hash="0A-4E-6E-9A-77-64-F6-77-BF-DB-19-83-60-08-67-E6-59-D4-B5-89">
      <ModulePath>c:\program files\dotnet\shared\Microsoft.NETCore.App\2.1.0\System.Buffers.dll</ModulePath>
      <ModuleTime>2018-05-15T17:03:34Z</ModuleTime>
      <ModuleName>System.Buffers</ModuleName>
      <Classes />
    </Module>
    <Module skippedDueTo="Filter" hash="BB-70-F4-68-DD-92-B3-F6-FB-00-D6-D4-4C-56-CB-EF-A3-91-1B-0D">
      <ModulePath>c:\program files\dotnet\shared\Microsoft.NETCore.App\2.1.0\System.Reflection.Emit.ILGeneration.dll</ModulePath>
      <ModuleTime>2018-05-15T17:03:38Z</ModuleTime>
      <ModuleName>System.Reflection.Emit.ILGeneration</ModuleName>
      <Classes />
    </Module>
    <Module skippedDueTo="Filter" hash="38-CE-AE-5A-FB-25-CF-0E-7C-94-96-84-5F-7C-AD-3A-56-F4-A2-A4">
      <ModulePath>c:\program files\dotnet\shared\Microsoft.NETCore.App\2.1.0\System.Reflection.Emit.Lightweight.dll</ModulePath>
      <ModuleTime>2018-05-15T17:03:38Z</ModuleTime>
      <ModuleName>System.Reflection.Emit.Lightweight</ModuleName>
      <Classes />
    </Module>
    <Module skippedDueTo="Filter" hash="CC-EB-DD-C7-0A-85-19-06-8D-84-86-4E-4E-44-CF-17-AF-4A-84-68">
      <ModulePath>c:\program files\dotnet\shared\Microsoft.NETCore.App\2.1.0\System.Reflection.Primitives.dll</ModulePath>
      <ModuleTime>2018-05-15T17:03:38Z</ModuleTime>
      <ModuleName>System.Reflection.Primitives</ModuleName>
      <Classes />
    </Module>
    <Module skippedDueTo="Filter" hash="B1-14-2E-2B-2D-74-A8-39-95-C9-CD-C4-2D-7C-86-6D-97-7E-30-39">
      <ModulePath>c:\program files\dotnet\shared\Microsoft.NETCore.App\2.1.0\System.Resources.ResourceManager.dll</ModulePath>
      <ModuleTime>2018-05-15T17:03:38Z</ModuleTime>
      <ModuleName>System.Resources.ResourceManager</ModuleName>
      <Classes />
    </Module>
    <Module skippedDueTo="MissingPdb" hash="F3-1F-A6-80-63-32-8B-A0-D0-9E-15-DE-87-B6-B9-1A-A2-25-7C-66">
      <ModulePath>c:\program files\dotnet\sdk\2.1.300\pt-BR\dotnet.resources.dll</ModulePath>
      <ModuleTime>2018-05-22T18:57:00Z</ModuleTime>
      <ModuleName>dotnet.resources</ModuleName>
      <Classes />
    </Module>
    <Module skippedDueTo="MissingPdb" hash="20-B2-59-8F-C7-14-4E-F0-13-BD-7E-A3-10-08-23-76-28-0E-DB-8D">
      <ModulePath>c:\program files\dotnet\shared\Microsoft.NETCore.App\2.1.0\Microsoft.Win32.Registry.dll</ModulePath>
      <ModuleTime>2018-05-15T17:03:32Z</ModuleTime>
      <ModuleName>Microsoft.Win32.Registry</ModuleName>
      <Classes />
    </Module>
    <Module skippedDueTo="Filter" hash="CB-39-E5-B1-B4-D2-03-F7-BD-8B-F2-1B-FF-A9-EA-6F-4B-61-93-6D">
      <ModulePath>c:\program files\dotnet\shared\Microsoft.NETCore.App\2.1.0\System.Diagnostics.Tools.dll</ModulePath>
      <ModuleTime>2018-05-15T17:03:34Z</ModuleTime>
      <ModuleName>System.Diagnostics.Tools</ModuleName>
      <Classes />
    </Module>
    <Module skippedDueTo="Filter" hash="20-62-97-87-EA-D6-D2-70-FB-5A-D2-29-1E-B7-32-2D-E1-23-80-FA">
      <ModulePath>c:\program files\dotnet\shared\Microsoft.NETCore.App\2.1.0\System.Diagnostics.Debug.dll</ModulePath>
      <ModuleTime>2018-05-15T17:03:34Z</ModuleTime>
      <ModuleName>System.Diagnostics.Debug</ModuleName>
      <Classes />
    </Module>
    <Module skippedDueTo="Filter" hash="6D-9D-C3-30-B6-80-47-63-E9-F9-98-B3-86-27-D0-F5-80-75-FE-62">
      <ModulePath>c:\program files\dotnet\shared\Microsoft.NETCore.App\2.1.0\System.Text.Encoding.dll</ModulePath>
      <ModuleTime>2018-05-15T17:03:38Z</ModuleTime>
      <ModuleName>System.Text.Encoding</ModuleName>
      <Classes />
    </Module>
    <Module skippedDueTo="Filter" hash="66-3E-96-27-78-BC-78-E5-7A-31-7D-F8-36-DC-98-0F-1D-42-CC-49">
      <ModulePath>c:\program files\dotnet\shared\Microsoft.NETCore.App\2.1.0\System.IO.Compression.dll</ModulePath>
      <ModuleTime>2018-05-15T17:03:34Z</ModuleTime>
      <ModuleName>System.IO.Compression</ModuleName>
      <Classes />
    </Module>
    <Module skippedDueTo="MissingPdb" hash="41-4A-9A-A2-E1-F8-6E-7D-B4-28-4D-C5-7A-5F-EF-78-9E-E6-46-F4">
      <ModulePath>c:\program files\dotnet\sdk\2.1.300\Microsoft.Build.Framework.dll</ModulePath>
      <ModuleTime>2018-05-22T19:00:08Z</ModuleTime>
      <ModuleName>Microsoft.Build.Framework</ModuleName>
      <Classes />
    </Module>
    <Module skippedDueTo="Filter" hash="66-30-70-85-91-ED-55-B3-0B-E6-B9-A6-64-9D-CC-CC-94-0A-EE-C8">
      <ModulePath>c:\program files\dotnet\shared\Microsoft.NETCore.App\2.1.0\System.Net.Http.dll</ModulePath>
      <ModuleTime>2018-05-15T17:03:36Z</ModuleTime>
      <ModuleName>System.Net.Http</ModuleName>
      <Classes />
    </Module>
    <Module skippedDueTo="Filter" hash="F9-67-FE-2B-96-8A-EC-95-FB-27-2A-27-AA-B3-38-DC-99-35-B9-A1">
      <ModulePath>c:\program files\dotnet\shared\Microsoft.NETCore.App\2.1.0\System.ComponentModel.Primitives.dll</ModulePath>
      <ModuleTime>2018-05-15T17:03:34Z</ModuleTime>
      <ModuleName>System.ComponentModel.Primitives</ModuleName>
      <Classes />
    </Module>
    <Module skippedDueTo="Filter" hash="B1-C8-79-68-C3-E4-96-D6-C7-EB-75-26-AC-CE-24-90-57-2E-90-BA">
      <ModulePath>c:\program files\dotnet\shared\Microsoft.NETCore.App\2.1.0\System.Net.Primitives.dll</ModulePath>
      <ModuleTime>2018-05-15T17:03:36Z</ModuleTime>
      <ModuleName>System.Net.Primitives</ModuleName>
      <Classes />
    </Module>
    <Module skippedDueTo="Filter" hash="CB-26-D8-B4-F5-C0-85-70-AA-9F-52-97-F5-68-EC-32-9B-2D-73-B3">
      <ModulePath>c:\program files\dotnet\shared\Microsoft.NETCore.App\2.1.0\System.Net.Security.dll</ModulePath>
      <ModuleTime>2018-05-15T17:03:36Z</ModuleTime>
      <ModuleName>System.Net.Security</ModuleName>
      <Classes />
    </Module>
    <Module skippedDueTo="MissingPdb" hash="0F-17-E9-42-47-D4-6C-92-50-FA-03-31-93-DC-B9-61-95-E3-80-A2">
      <ModulePath>c:\program files\dotnet\shared\Microsoft.NETCore.App\2.1.0\Microsoft.Win32.Primitives.dll</ModulePath>
      <ModuleTime>2018-05-15T17:03:32Z</ModuleTime>
      <ModuleName>Microsoft.Win32.Primitives</ModuleName>
      <Classes />
    </Module>
    <Module skippedDueTo="Filter" hash="98-96-3F-E5-73-90-B1-DF-65-97-14-A3-21-62-18-F5-77-F5-B3-B6">
      <ModulePath>c:\program files\dotnet\shared\Microsoft.NETCore.App\2.1.0\System.Security.Cryptography.X509Certificates.dll</ModulePath>
      <ModuleTime>2018-05-15T17:03:38Z</ModuleTime>
      <ModuleName>System.Security.Cryptography.X509Certificates</ModuleName>
      <Classes />
    </Module>
    <Module skippedDueTo="Filter" hash="0F-DB-A7-E6-AA-F8-E5-3E-DE-54-3D-EA-49-AC-84-46-97-51-FA-C2">
      <ModulePath>c:\program files\dotnet\shared\Microsoft.NETCore.App\2.1.0\System.Diagnostics.DiagnosticSource.dll</ModulePath>
      <ModuleTime>2018-05-15T17:03:34Z</ModuleTime>
      <ModuleName>System.Diagnostics.DiagnosticSource</ModuleName>
      <Classes />
    </Module>
    <Module skippedDueTo="Filter" hash="C0-16-E9-9B-FF-FA-5B-79-E3-1C-03-FB-3D-CB-62-55-5D-54-B0-65">
      <ModulePath>c:\program files\dotnet\shared\Microsoft.NETCore.App\2.1.0\System.Collections.NonGeneric.dll</ModulePath>
      <ModuleTime>2018-05-15T17:03:34Z</ModuleTime>
      <ModuleName>System.Collections.NonGeneric</ModuleName>
      <Classes />
    </Module>
    <Module skippedDueTo="Filter" hash="83-47-75-52-B4-4C-F0-7A-DA-4F-28-C8-7A-7F-40-D2-DB-8A-36-84">
      <ModulePath>c:\program files\dotnet\shared\Microsoft.NETCore.App\2.1.0\System.Threading.Timer.dll</ModulePath>
      <ModuleTime>2018-05-15T17:03:38Z</ModuleTime>
      <ModuleName>System.Threading.Timer</ModuleName>
      <Classes />
    </Module>
    <Module skippedDueTo="Filter" hash="0A-B2-E4-7B-B0-E9-FD-9C-A8-4F-38-C9-DE-41-06-D4-7B-D0-78-CC">
      <ModulePath>c:\program files\dotnet\shared\Microsoft.NETCore.App\2.1.0\System.Net.NetworkInformation.dll</ModulePath>
      <ModuleTime>2018-05-15T17:03:36Z</ModuleTime>
      <ModuleName>System.Net.NetworkInformation</ModuleName>
      <Classes />
    </Module>
    <Module skippedDueTo="Filter" hash="3F-BD-5F-B2-1B-D5-24-D9-56-14-4D-D5-55-71-7D-18-8E-58-FE-39">
      <ModulePath>c:\program files\dotnet\shared\Microsoft.NETCore.App\2.1.0\System.Net.Sockets.dll</ModulePath>
      <ModuleTime>2018-05-15T17:03:36Z</ModuleTime>
      <ModuleName>System.Net.Sockets</ModuleName>
      <Classes />
    </Module>
    <Module skippedDueTo="Filter" hash="16-06-8F-98-40-06-94-A2-59-B4-EB-EA-21-F3-79-D0-0A-AD-45-7D">
      <ModulePath>c:\program files\dotnet\shared\Microsoft.NETCore.App\2.1.0\System.Threading.Overlapped.dll</ModulePath>
      <ModuleTime>2018-05-15T17:03:38Z</ModuleTime>
      <ModuleName>System.Threading.Overlapped</ModuleName>
      <Classes />
    </Module>
    <Module skippedDueTo="Filter" hash="EC-3F-C7-DD-79-2E-04-92-8D-F3-A5-60-2F-FB-16-43-DD-1B-31-10">
      <ModulePath>c:\program files\dotnet\shared\Microsoft.NETCore.App\2.1.0\System.Net.NameResolution.dll</ModulePath>
      <ModuleTime>2018-05-15T17:03:36Z</ModuleTime>
      <ModuleName>System.Net.NameResolution</ModuleName>
      <Classes />
    </Module>
    <Module skippedDueTo="Filter" hash="FE-78-53-9B-1A-13-3F-2F-ED-91-53-E1-AA-73-FA-63-EF-04-D3-99">
      <ModulePath>c:\program files\dotnet\shared\Microsoft.NETCore.App\2.1.0\System.Security.Principal.Windows.dll</ModulePath>
      <ModuleTime>2018-05-15T17:03:38Z</ModuleTime>
      <ModuleName>System.Security.Principal.Windows</ModuleName>
      <Classes />
    </Module>
    <Module skippedDueTo="Filter" hash="D3-0C-F6-3D-A6-F7-83-3E-1E-46-C2-F3-6F-5E-E8-35-37-73-4B-30">
      <ModulePath>c:\program files\dotnet\shared\Microsoft.NETCore.App\2.1.0\System.Security.Claims.dll</ModulePath>
      <ModuleTime>2018-05-15T17:03:38Z</ModuleTime>
      <ModuleName>System.Security.Claims</ModuleName>
      <Classes />
    </Module>
    <Module skippedDueTo="Filter" hash="12-B7-51-68-45-5A-41-43-72-AB-32-1D-14-F1-4B-C8-FE-3E-0C-95">
      <ModulePath>c:\program files\dotnet\shared\Microsoft.NETCore.App\2.1.0\System.Security.Principal.dll</ModulePath>
      <ModuleTime>2018-05-15T17:03:38Z</ModuleTime>
      <ModuleName>System.Security.Principal</ModuleName>
      <Classes />
    </Module>
    <Module skippedDueTo="Filter" hash="B2-E7-C6-75-5A-8F-45-0B-CA-A7-A6-86-F2-5E-94-26-D2-45-2F-3F">
      <ModulePath>c:\program files\dotnet\shared\Microsoft.NETCore.App\2.1.0\System.Private.CoreLib.dll</ModulePath>
      <ModuleTime>2018-05-15T17:03:40Z</ModuleTime>
      <ModuleName>System.Private.CoreLib</ModuleName>
      <Classes />
    </Module>
    <Module skippedDueTo="Filter" hash="06-17-26-DD-65-DD-EF-6E-2E-D9-3B-5F-6B-34-E5-D7-6D-F3-F7-E0">
      <ModulePath>c:\program files\dotnet\shared\Microsoft.NETCore.App\2.1.0\System.Security.Cryptography.Encoding.dll</ModulePath>
      <ModuleTime>2018-05-15T17:03:38Z</ModuleTime>
      <ModuleName>System.Security.Cryptography.Encoding</ModuleName>
      <Classes />
    </Module>
    <Module skippedDueTo="MissingPdb" hash="0B-00-63-62-08-97-52-5E-F9-8B-EB-3C-D1-A6-54-CE-C0-73-A7-B0">
      <ModulePath>c:\program files\dotnet\sdk\2.1.300\MSBuild.dll</ModulePath>
      <ModuleTime>2018-05-22T19:04:42Z</ModuleTime>
      <ModuleName>MSBuild</ModuleName>
      <Classes />
    </Module>
    <Module skippedDueTo="Filter" hash="9F-39-BF-B3-E6-CA-45-5F-FF-EC-C9-17-D3-19-65-B0-6E-2F-17-4E">
      <ModulePath>c:\program files\dotnet\shared\Microsoft.NETCore.App\2.1.0\System.Runtime.dll</ModulePath>
      <ModuleTime>2018-05-15T17:03:38Z</ModuleTime>
      <ModuleName>System.Runtime</ModuleName>
      <Classes />
    </Module>
    <Module skippedDueTo="Filter" hash="8D-7A-CE-FA-10-05-D7-6F-3C-AC-3E-F0-BA-01-AD-CE-0B-22-99-8B">
      <ModulePath>c:\program files\dotnet\shared\Microsoft.NETCore.App\2.1.0\System.Runtime.Extensions.dll</ModulePath>
      <ModuleTime>2018-05-15T17:03:38Z</ModuleTime>
      <ModuleName>System.Runtime.Extensions</ModuleName>
      <Classes />
    </Module>
    <Module skippedDueTo="Filter" hash="DC-82-33-86-1B-03-21-60-3C-01-E1-E1-DD-56-79-12-7A-1D-2E-21">
      <ModulePath>c:\program files\dotnet\shared\Microsoft.NETCore.App\2.1.0\System.Threading.dll</ModulePath>
      <ModuleTime>2018-05-15T17:03:38Z</ModuleTime>
      <ModuleName>System.Threading</ModuleName>
      <Classes />
    </Module>
    <Module skippedDueTo="Filter" hash="25-50-01-7A-06-31-FD-01-25-66-B3-FF-54-A1-13-10-BF-28-EA-43">
      <ModulePath>c:\program files\dotnet\shared\Microsoft.NETCore.App\2.1.0\System.IO.FileSystem.dll</ModulePath>
      <ModuleTime>2018-05-15T17:03:34Z</ModuleTime>
      <ModuleName>System.IO.FileSystem</ModuleName>
      <Classes />
    </Module>
    <Module skippedDueTo="Filter" hash="BD-CE-88-18-22-8A-25-85-EF-42-FE-24-18-B9-4F-9D-F6-47-F0-A9">
      <ModulePath>c:\program files\dotnet\shared\Microsoft.NETCore.App\2.1.0\System.Runtime.InteropServices.RuntimeInformation.dll</ModulePath>
      <ModuleTime>2018-05-15T17:03:38Z</ModuleTime>
      <ModuleName>System.Runtime.InteropServices.RuntimeInformation</ModuleName>
      <Classes />
    </Module>
    <Module skippedDueTo="Filter" hash="9F-99-A9-A6-DD-81-FE-32-D3-9F-D2-E3-AD-B9-5F-98-E3-C3-D3-BD">
      <ModulePath>c:\program files\dotnet\shared\Microsoft.NETCore.App\2.1.0\System.Linq.dll</ModulePath>
      <ModuleTime>2018-05-15T17:03:36Z</ModuleTime>
      <ModuleName>System.Linq</ModuleName>
      <Classes />
    </Module>
    <Module skippedDueTo="Filter" hash="A7-E9-86-00-CF-78-E5-77-89-9A-59-FD-9F-AE-61-2D-6A-36-CF-91">
      <ModulePath>c:\program files\dotnet\shared\Microsoft.NETCore.App\2.1.0\System.Text.RegularExpressions.dll</ModulePath>
      <ModuleTime>2018-05-15T17:03:38Z</ModuleTime>
      <ModuleName>System.Text.RegularExpressions</ModuleName>
      <Classes />
    </Module>
    <Module skippedDueTo="Filter" hash="24-71-BF-19-D6-43-AE-96-67-A7-D6-7A-23-51-8F-EA-D9-BB-9E-0B">
      <ModulePath>c:\program files\dotnet\shared\Microsoft.NETCore.App\2.1.0\System.Collections.dll</ModulePath>
      <ModuleTime>2018-05-15T17:03:34Z</ModuleTime>
      <ModuleName>System.Collections</ModuleName>
      <Classes />
    </Module>
    <Module skippedDueTo="Filter" hash="0A-4E-6E-9A-77-64-F6-77-BF-DB-19-83-60-08-67-E6-59-D4-B5-89">
      <ModulePath>c:\program files\dotnet\shared\Microsoft.NETCore.App\2.1.0\System.Buffers.dll</ModulePath>
      <ModuleTime>2018-05-15T17:03:34Z</ModuleTime>
      <ModuleName>System.Buffers</ModuleName>
      <Classes />
    </Module>
    <Module skippedDueTo="Filter" hash="90-9A-ED-47-04-2B-8A-42-2C-26-2D-AC-58-1F-41-AA-7C-AB-DA-48">
      <ModulePath>c:\program files\dotnet\shared\Microsoft.NETCore.App\2.1.0\System.Threading.ThreadPool.dll</ModulePath>
      <ModuleTime>2018-05-15T17:03:38Z</ModuleTime>
      <ModuleName>System.Threading.ThreadPool</ModuleName>
      <Classes />
    </Module>
    <Module skippedDueTo="Filter" hash="99-33-4D-CD-87-78-88-0E-F6-12-EF-CA-31-D9-97-F4-A8-D8-3D-E1">
      <ModulePath>c:\program files\dotnet\shared\Microsoft.NETCore.App\2.1.0\System.Memory.dll</ModulePath>
      <ModuleTime>2018-05-15T17:03:36Z</ModuleTime>
      <ModuleName>System.Memory</ModuleName>
      <Classes />
    </Module>
    <Module skippedDueTo="Filter" hash="7C-48-0B-B8-42-17-41-57-6D-4B-89-E5-56-89-D0-D0-8F-11-92-5B">
      <ModulePath>c:\program files\dotnet\shared\Microsoft.NETCore.App\2.1.0\System.Runtime.InteropServices.dll</ModulePath>
      <ModuleTime>2018-05-15T17:03:38Z</ModuleTime>
      <ModuleName>System.Runtime.InteropServices</ModuleName>
      <Classes />
    </Module>
    <Module skippedDueTo="Filter" hash="FB-2A-22-7D-6B-48-6C-07-93-20-FE-9E-D2-85-0C-2E-DA-B6-18-C7">
      <ModulePath>c:\program files\dotnet\shared\Microsoft.NETCore.App\2.1.0\System.Console.dll</ModulePath>
      <ModuleTime>2018-05-15T17:03:34Z</ModuleTime>
      <ModuleName>System.Console</ModuleName>
      <Classes />
    </Module>
    <Module skippedDueTo="Filter" hash="75-89-4A-9A-A6-FC-DB-A1-DD-35-84-48-C9-3B-21-8A-92-4A-92-5F">
      <ModulePath>c:\program files\dotnet\shared\Microsoft.NETCore.App\2.1.0\System.Diagnostics.Process.dll</ModulePath>
      <ModuleTime>2018-05-15T17:03:34Z</ModuleTime>
      <ModuleName>System.Diagnostics.Process</ModuleName>
      <Classes />
    </Module>
    <Module skippedDueTo="Filter" hash="F9-67-FE-2B-96-8A-EC-95-FB-27-2A-27-AA-B3-38-DC-99-35-B9-A1">
      <ModulePath>c:\program files\dotnet\shared\Microsoft.NETCore.App\2.1.0\System.ComponentModel.Primitives.dll</ModulePath>
      <ModuleTime>2018-05-15T17:03:34Z</ModuleTime>
      <ModuleName>System.ComponentModel.Primitives</ModuleName>
      <Classes />
    </Module>
    <Module skippedDueTo="MissingPdb" hash="41-4A-9A-A2-E1-F8-6E-7D-B4-28-4D-C5-7A-5F-EF-78-9E-E6-46-F4">
      <ModulePath>c:\program files\dotnet\sdk\2.1.300\Microsoft.Build.Framework.dll</ModulePath>
      <ModuleTime>2018-05-22T19:00:08Z</ModuleTime>
      <ModuleName>Microsoft.Build.Framework</ModuleName>
      <Classes />
    </Module>
    <Module skippedDueTo="MissingPdb" hash="CE-9A-28-50-C8-7A-CB-EA-AB-DB-66-61-78-38-6D-69-39-93-C5-40">
      <ModulePath>c:\program files\dotnet\shared\Microsoft.NETCore.App\2.1.0\netstandard.dll</ModulePath>
      <ModuleTime>2018-05-15T17:03:40Z</ModuleTime>
      <ModuleName>netstandard</ModuleName>
      <Classes />
    </Module>
    <Module skippedDueTo="MissingPdb" hash="98-42-51-D3-30-C9-87-5D-C1-EF-E3-90-DF-95-44-6C-CA-37-C8-1B">
      <ModulePath>c:\program files\dotnet\sdk\2.1.300\Microsoft.Build.dll</ModulePath>
      <ModuleTime>2018-05-22T19:00:20Z</ModuleTime>
      <ModuleName>Microsoft.Build</ModuleName>
      <Classes />
    </Module>
    <Module skippedDueTo="Filter" hash="66-45-6C-B8-6E-33-46-CE-D5-9F-71-FB-DC-B0-1E-2B-68-D1-4A-7D">
      <ModulePath>c:\program files\dotnet\sdk\2.1.300\runtimes\win\lib\netcoreapp2.0\System.Text.Encoding.CodePages.dll</ModulePath>
      <ModuleTime>2018-05-22T18:56:18Z</ModuleTime>
      <ModuleName>System.Text.Encoding.CodePages</ModuleName>
      <Classes />
    </Module>
    <Module skippedDueTo="Filter" hash="9E-5F-AD-60-04-57-6F-40-C1-C3-F9-E2-BC-8E-5E-64-5E-61-98-48">
      <ModulePath>c:\program files\dotnet\shared\Microsoft.NETCore.App\2.1.0\System.Collections.Concurrent.dll</ModulePath>
      <ModuleTime>2018-05-15T17:03:34Z</ModuleTime>
      <ModuleName>System.Collections.Concurrent</ModuleName>
      <Classes />
    </Module>
    <Module skippedDueTo="MissingPdb" hash="2B-FA-51-67-24-04-EA-9E-F0-4F-31-BC-83-93-95-5A-B6-73-00-98">
      <ModulePath>c:\program files\dotnet\sdk\2.1.300\dotnet.dll</ModulePath>
      <ModuleTime>2018-05-22T18:56:18Z</ModuleTime>
      <ModuleName>dotnet</ModuleName>
      <Classes />
    </Module>
    <Module skippedDueTo="MissingPdb" hash="24-55-3A-CA-4E-C6-90-35-58-6E-6F-30-28-3D-A3-E0-18-20-89-47">
      <ModulePath>c:\program files\dotnet\sdk\2.1.300\Microsoft.DotNet.Tools.MigrateCommand.dll</ModulePath>
      <ModuleTime>2018-05-22T19:00:08Z</ModuleTime>
      <ModuleName>Microsoft.DotNet.Tools.MigrateCommand</ModuleName>
      <Classes />
    </Module>
    <Module skippedDueTo="MissingPdb" hash="43-AC-B9-A0-7E-21-D1-DB-A8-42-3B-84-83-FD-34-8D-97-77-3A-87">
      <ModulePath>c:\program files\dotnet\sdk\2.1.300\Microsoft.DotNet.Configurer.dll</ModulePath>
      <ModuleTime>2018-05-22T19:00:08Z</ModuleTime>
      <ModuleName>Microsoft.DotNet.Configurer</ModuleName>
      <Classes />
    </Module>
    <Module skippedDueTo="MissingPdb" hash="10-D9-5E-5F-C1-30-6D-DC-D5-57-8D-8E-D0-DC-07-D7-C0-91-30-27">
      <ModulePath>c:\program files\dotnet\sdk\2.1.300\Microsoft.DotNet.Cli.Utils.dll</ModulePath>
      <ModuleTime>2018-05-22T19:00:08Z</ModuleTime>
      <ModuleName>Microsoft.DotNet.Cli.Utils</ModuleName>
      <Classes />
    </Module>
    <Module skippedDueTo="MissingPdb" hash="D2-56-A4-DE-8B-E4-74-DB-2A-9D-96-42-3C-8E-47-75-8A-85-8F-DA">
      <ModulePath>c:\program files\dotnet\sdk\2.1.300\NuGet.Frameworks.dll</ModulePath>
      <ModuleTime>2018-05-22T19:03:40Z</ModuleTime>
      <ModuleName>NuGet.Frameworks</ModuleName>
      <Classes />
    </Module>
    <Module skippedDueTo="MissingPdb" hash="5D-42-85-92-97-CA-1E-FF-47-73-15-41-50-01-36-CD-4A-CD-55-6C">
      <ModulePath>c:\program files\dotnet\sdk\2.1.300\Microsoft.DotNet.InternalAbstractions.dll</ModulePath>
      <ModuleTime>2018-05-22T19:00:08Z</ModuleTime>
      <ModuleName>Microsoft.DotNet.InternalAbstractions</ModuleName>
      <Classes />
    </Module>
    <Module skippedDueTo="Filter" hash="3C-1A-D1-7D-BD-42-C9-7D-FE-CD-90-2F-00-88-4C-15-52-1E-4E-0F">
      <ModulePath>c:\program files\dotnet\shared\Microsoft.NETCore.App\2.1.0\System.IO.FileSystem.Primitives.dll</ModulePath>
      <ModuleTime>2018-05-15T17:03:34Z</ModuleTime>
      <ModuleName>System.IO.FileSystem.Primitives</ModuleName>
      <Classes />
    </Module>
    <Module skippedDueTo="MissingPdb" hash="0D-0F-7D-34-CA-A6-65-47-7B-9A-11-AC-9B-85-8D-E3-52-ED-44-21">
      <ModulePath>c:\program files\dotnet\sdk\2.1.300\Microsoft.ApplicationInsights.dll</ModulePath>
      <ModuleTime>2018-05-22T19:00:08Z</ModuleTime>
      <ModuleName>Microsoft.ApplicationInsights</ModuleName>
      <Classes />
    </Module>
    <Module skippedDueTo="Filter" hash="4B-C9-61-40-58-3E-0C-63-D9-7B-DD-60-9F-00-0F-85-73-7E-F7-06">
      <ModulePath>c:\program files\dotnet\shared\Microsoft.NETCore.App\2.1.0\System.Text.Encoding.Extensions.dll</ModulePath>
      <ModuleTime>2018-05-15T17:03:38Z</ModuleTime>
      <ModuleName>System.Text.Encoding.Extensions</ModuleName>
      <Classes />
    </Module>
    <Module skippedDueTo="MissingPdb" hash="25-FE-65-CF-8D-DE-90-81-68-78-51-35-16-D5-62-62-94-42-F1-2D">
      <ModulePath>c:\program files\dotnet\sdk\2.1.300\Microsoft.DotNet.PlatformAbstractions.dll</ModulePath>
      <ModuleTime>2018-05-22T19:00:08Z</ModuleTime>
      <ModuleName>Microsoft.DotNet.PlatformAbstractions</ModuleName>
      <Classes />
    </Module>
    <Module skippedDueTo="Filter" hash="99-CC-76-16-41-8D-C7-16-82-C9-39-01-13-46-6B-62-39-B8-7E-32">
      <ModulePath>c:\program files\dotnet\shared\Microsoft.NETCore.App\2.1.0\System.Reflection.Extensions.dll</ModulePath>
      <ModuleTime>2018-05-15T17:03:38Z</ModuleTime>
      <ModuleName>System.Reflection.Extensions</ModuleName>
      <Classes />
    </Module>
    <Module skippedDueTo="Filter" hash="1E-3D-7F-D9-96-A2-6B-1F-8A-00-47-08-B1-B4-3D-4B-FC-82-C0-E0">
      <ModulePath>c:\program files\dotnet\shared\Microsoft.NETCore.App\2.1.0\System.Reflection.dll</ModulePath>
      <ModuleTime>2018-05-15T17:03:38Z</ModuleTime>
      <ModuleName>System.Reflection</ModuleName>
      <Classes />
    </Module>
    <Module skippedDueTo="Filter" hash="7B-69-F4-1E-A3-58-9E-D6-28-EB-77-F1-9D-13-F7-D8-20-E7-06-CC">
      <ModulePath>c:\program files\dotnet\shared\Microsoft.NETCore.App\2.1.0\System.Xml.XDocument.dll</ModulePath>
      <ModuleTime>2018-05-15T17:03:38Z</ModuleTime>
      <ModuleName>System.Xml.XDocument</ModuleName>
      <Classes />
    </Module>
    <Module skippedDueTo="Filter" hash="21-08-D5-0F-67-C7-B3-A5-F0-0B-F9-E9-57-C9-65-4E-BD-60-05-42">
      <ModulePath>c:\program files\dotnet\shared\Microsoft.NETCore.App\2.1.0\System.Private.Xml.Linq.dll</ModulePath>
      <ModuleTime>2018-05-15T17:03:36Z</ModuleTime>
      <ModuleName>System.Private.Xml.Linq</ModuleName>
      <Classes />
    </Module>
    <Module skippedDueTo="Filter" hash="59-22-E0-A2-F3-0C-E7-ED-94-CC-53-3D-C8-3A-1A-1E-27-CB-A9-37">
      <ModulePath>c:\program files\dotnet\shared\Microsoft.NETCore.App\2.1.0\System.Private.Xml.dll</ModulePath>
      <ModuleTime>2018-05-15T17:03:36Z</ModuleTime>
      <ModuleName>System.Private.Xml</ModuleName>
      <Classes />
    </Module>
    <Module skippedDueTo="Filter" hash="5E-40-03-20-BE-51-A5-B8-5B-25-4F-F1-25-17-FA-A8-F7-D6-1D-75">
      <ModulePath>c:\program files\dotnet\shared\Microsoft.NETCore.App\2.1.0\System.Xml.ReaderWriter.dll</ModulePath>
      <ModuleTime>2018-05-15T17:03:38Z</ModuleTime>
      <ModuleName>System.Xml.ReaderWriter</ModuleName>
      <Classes />
    </Module>
    <Module skippedDueTo="Filter" hash="D8-1F-91-FC-FE-F3-18-9C-C0-64-98-06-CA-A4-4A-14-A8-D4-E1-A1">
      <ModulePath>c:\program files\dotnet\shared\Microsoft.NETCore.App\2.1.0\System.Diagnostics.Tracing.dll</ModulePath>
      <ModuleTime>2018-05-15T17:03:34Z</ModuleTime>
      <ModuleName>System.Diagnostics.Tracing</ModuleName>
      <Classes />
    </Module>
    <Module skippedDueTo="Filter" hash="9D-16-07-1F-E6-AE-43-F8-08-7D-77-2C-41-30-DA-C0-55-6C-5D-B8">
      <ModulePath>c:\program files\dotnet\shared\Microsoft.NETCore.App\2.1.0\System.Private.Uri.dll</ModulePath>
      <ModuleTime>2018-05-15T17:03:36Z</ModuleTime>
      <ModuleName>System.Private.Uri</ModuleName>
      <Classes />
    </Module>
    <Module skippedDueTo="Filter" hash="4F-1F-3B-7B-DB-07-CF-E1-A3-99-93-8D-8C-97-A1-6A-0C-41-8E-E9">
      <ModulePath>c:\program files\dotnet\shared\Microsoft.NETCore.App\2.1.0\System.Threading.Tasks.dll</ModulePath>
      <ModuleTime>2018-05-15T17:03:38Z</ModuleTime>
      <ModuleName>System.Threading.Tasks</ModuleName>
      <Classes />
    </Module>
    <Module skippedDueTo="Filter" hash="42-A9-56-1E-D9-D8-E5-61-4B-B5-2A-4C-CA-8E-A6-DE-FB-9F-B4-71">
      <ModulePath>c:\program files\dotnet\shared\Microsoft.NETCore.App\2.1.0\System.Globalization.dll</ModulePath>
      <ModuleTime>2018-05-15T17:03:34Z</ModuleTime>
      <ModuleName>System.Globalization</ModuleName>
      <Classes />
    </Module>
    <Module skippedDueTo="Filter" hash="2B-15-19-D9-E6-56-DC-AC-E0-43-94-94-4C-00-47-20-93-31-C3-E5">
      <ModulePath>c:\program files\dotnet\shared\Microsoft.NETCore.App\2.1.0\System.Threading.Tasks.Dataflow.dll</ModulePath>
      <ModuleTime>2018-05-15T17:03:38Z</ModuleTime>
      <ModuleName>System.Threading.Tasks.Dataflow</ModuleName>
      <Classes />
    </Module>
    <Module skippedDueTo="Filter" hash="6C-10-44-7E-EF-B7-6F-EF-94-1C-16-FA-4B-F1-3F-1A-2E-B7-36-36">
      <ModulePath>c:\program files\dotnet\shared\Microsoft.NETCore.App\2.1.0\System.Security.Cryptography.Algorithms.dll</ModulePath>
      <ModuleTime>2018-05-15T17:03:38Z</ModuleTime>
      <ModuleName>System.Security.Cryptography.Algorithms</ModuleName>
      <Classes />
    </Module>
    <Module skippedDueTo="Filter" hash="96-1F-A5-9A-60-99-81-FC-8E-F0-9A-6E-0B-B0-7C-FD-63-B6-C5-CD">
      <ModulePath>c:\program files\dotnet\shared\Microsoft.NETCore.App\2.1.0\System.Security.Cryptography.Primitives.dll</ModulePath>
      <ModuleTime>2018-05-15T17:03:38Z</ModuleTime>
      <ModuleName>System.Security.Cryptography.Primitives</ModuleName>
      <Classes />
    </Module>
    <Module skippedDueTo="MissingPdb" hash="20-B2-59-8F-C7-14-4E-F0-13-BD-7E-A3-10-08-23-76-28-0E-DB-8D">
      <ModulePath>c:\program files\dotnet\shared\Microsoft.NETCore.App\2.1.0\Microsoft.Win32.Registry.dll</ModulePath>
      <ModuleTime>2018-05-15T17:03:32Z</ModuleTime>
      <ModuleName>Microsoft.Win32.Registry</ModuleName>
      <Classes />
    </Module>
    <Module skippedDueTo="Filter" hash="B1-14-2E-2B-2D-74-A8-39-95-C9-CD-C4-2D-7C-86-6D-97-7E-30-39">
      <ModulePath>c:\program files\dotnet\shared\Microsoft.NETCore.App\2.1.0\System.Resources.ResourceManager.dll</ModulePath>
      <ModuleTime>2018-05-15T17:03:38Z</ModuleTime>
      <ModuleName>System.Resources.ResourceManager</ModuleName>
      <Classes />
    </Module>
    <Module skippedDueTo="MissingPdb" hash="BD-F0-0C-C4-CB-1C-B4-D6-36-C9-BD-73-D7-D1-38-7A-77-8A-02-8D">
      <ModulePath>c:\program files\dotnet\sdk\2.1.300\pt-BR\Microsoft.Build.resources.dll</ModulePath>
      <ModuleTime>2018-05-22T18:59:50Z</ModuleTime>
      <ModuleName>Microsoft.Build.resources</ModuleName>
      <Classes />
    </Module>
    <Module skippedDueTo="Filter" hash="41-ED-E1-98-BB-A2-1A-69-AC-77-E0-4E-8D-36-CF-B1-5A-52-81-B9">
      <ModulePath>c:\program files\dotnet\shared\Microsoft.NETCore.App\2.1.0\System.ObjectModel.dll</ModulePath>
      <ModuleTime>2018-05-15T17:03:36Z</ModuleTime>
      <ModuleName>System.ObjectModel</ModuleName>
      <Classes />
    </Module>
    <Module skippedDueTo="Filter" hash="D0-AD-42-F2-E9-D2-D4-94-0D-63-8C-61-4E-52-4F-0D-DA-1A-CD-6F">
      <ModulePath>c:\program files\dotnet\shared\Microsoft.NETCore.App\2.1.0\System.Threading.Thread.dll</ModulePath>
      <ModuleTime>2018-05-15T17:03:38Z</ModuleTime>
      <ModuleName>System.Threading.Thread</ModuleName>
      <Classes />
    </Module>
    <Module skippedDueTo="Filter" hash="9A-D5-0C-A3-5D-58-2D-DE-6A-31-89-EE-94-D7-1F-CA-8E-4A-4A-3A">
      <ModulePath>c:\program files\dotnet\shared\Microsoft.NETCore.App\2.1.0\System.Diagnostics.TraceSource.dll</ModulePath>
      <ModuleTime>2018-05-15T17:03:34Z</ModuleTime>
      <ModuleName>System.Diagnostics.TraceSource</ModuleName>
      <Classes />
    </Module>
    <Module skippedDueTo="Filter" hash="40-85-75-1E-6D-24-67-1C-AF-4E-3B-D9-80-9C-3F-AB-6D-60-D4-C0">
      <ModulePath>c:\program files\dotnet\shared\Microsoft.NETCore.App\2.1.0\System.Runtime.Loader.dll</ModulePath>
      <ModuleTime>2018-05-15T17:03:38Z</ModuleTime>
      <ModuleName>System.Runtime.Loader</ModuleName>
      <Classes />
    </Module>
    <Module skippedDueTo="MissingPdb" hash="72-0A-30-A7-22-EC-F1-8C-49-6B-B1-CA-D6-E7-A8-7F-FE-63-FD-8E">
      <ModulePath>c:\program files\dotnet\sdk\2.1.300\SdkResolvers\NuGet.MSBuildSdkResolver\NuGet.MSBuildSdkResolver.dll</ModulePath>
      <ModuleTime>2018-05-22T19:04:32Z</ModuleTime>
      <ModuleName>NuGet.MSBuildSdkResolver</ModuleName>
      <Classes />
    </Module>
    <Module skippedDueTo="Filter" hash="81-A4-25-B6-D3-88-DA-45-70-D0-3A-2D-05-DE-62-CD-FB-83-91-B1">
      <ModulePath>c:\program files\dotnet\shared\Microsoft.NETCore.App\2.1.0\System.Diagnostics.FileVersionInfo.dll</ModulePath>
      <ModuleTime>2018-05-15T17:03:34Z</ModuleTime>
      <ModuleName>System.Diagnostics.FileVersionInfo</ModuleName>
      <Classes />
    </Module>
    <Module skippedDueTo="Filter" hash="0B-FA-56-19-85-6A-C4-75-4C-10-0F-DC-F8-D1-5B-9B-CD-DC-C3-F6">
      <ModulePath>c:\program files\dotnet\shared\Microsoft.NETCore.App\2.1.0\System.Collections.Immutable.dll</ModulePath>
      <ModuleTime>2018-05-15T17:03:34Z</ModuleTime>
      <ModuleName>System.Collections.Immutable</ModuleName>
      <Classes />
    </Module>
    <Module skippedDueTo="Filter" hash="DC-EE-C1-38-F2-18-91-33-F1-C3-BD-36-22-CF-EB-CB-64-37-AA-32">
      <ModulePath>c:\program files\dotnet\shared\Microsoft.NETCore.App\2.1.0\System.Threading.Tasks.Parallel.dll</ModulePath>
      <ModuleTime>2018-05-15T17:03:38Z</ModuleTime>
      <ModuleName>System.Threading.Tasks.Parallel</ModuleName>
      <Classes />
    </Module>
    <Module skippedDueTo="MissingPdb" hash="8A-24-7E-36-DC-BB-93-15-20-2B-32-6B-08-66-22-C1-4D-10-12-59">
      <ModulePath>c:\program files\dotnet\sdk\2.1.300\Microsoft.Build.Utilities.Core.dll</ModulePath>
      <ModuleTime>2018-05-22T19:00:08Z</ModuleTime>
      <ModuleName>Microsoft.Build.Utilities.Core</ModuleName>
      <Classes />
    </Module>
    <Module skippedDueTo="Filter" hash="BB-70-F4-68-DD-92-B3-F6-FB-00-D6-D4-4C-56-CB-EF-A3-91-1B-0D">
      <ModulePath>c:\program files\dotnet\shared\Microsoft.NETCore.App\2.1.0\System.Reflection.Emit.ILGeneration.dll</ModulePath>
      <ModuleTime>2018-05-15T17:03:38Z</ModuleTime>
      <ModuleName>System.Reflection.Emit.ILGeneration</ModuleName>
      <Classes />
    </Module>
    <Module skippedDueTo="Filter" hash="38-CE-AE-5A-FB-25-CF-0E-7C-94-96-84-5F-7C-AD-3A-56-F4-A2-A4">
      <ModulePath>c:\program files\dotnet\shared\Microsoft.NETCore.App\2.1.0\System.Reflection.Emit.Lightweight.dll</ModulePath>
      <ModuleTime>2018-05-15T17:03:38Z</ModuleTime>
      <ModuleName>System.Reflection.Emit.Lightweight</ModuleName>
      <Classes />
    </Module>
    <Module skippedDueTo="Filter" hash="CC-EB-DD-C7-0A-85-19-06-8D-84-86-4E-4E-44-CF-17-AF-4A-84-68">
      <ModulePath>c:\program files\dotnet\shared\Microsoft.NETCore.App\2.1.0\System.Reflection.Primitives.dll</ModulePath>
      <ModuleTime>2018-05-15T17:03:38Z</ModuleTime>
      <ModuleName>System.Reflection.Primitives</ModuleName>
      <Classes />
    </Module>
    <Module skippedDueTo="MissingPdb" hash="FB-DC-55-48-ED-9E-8C-F4-0E-8F-50-C4-94-E6-C5-79-7F-EF-F6-51">
      <ModulePath>c:\program files\dotnet\sdk\2.1.300\Microsoft.Build.Tasks.Core.dll</ModulePath>
      <ModuleTime>2018-05-22T19:00:10Z</ModuleTime>
      <ModuleName>Microsoft.Build.Tasks.Core</ModuleName>
      <Classes />
    </Module>
    <Module skippedDueTo="MissingPdb" hash="18-EE-CC-43-F3-5A-28-5D-B0-E2-E8-22-54-66-C0-45-22-26-87-06">
      <ModulePath>c:\program files\dotnet\sdk\2.1.300\Microsoft.TestPlatform.Build.dll</ModulePath>
      <ModuleTime>2018-05-22T19:00:08Z</ModuleTime>
      <ModuleName>Microsoft.TestPlatform.Build</ModuleName>
      <Classes />
    </Module>
    <Module skippedDueTo="MissingPdb" hash="F6-11-46-8A-F0-98-87-39-E9-8F-E4-C6-C3-6A-6B-FD-B2-A1-2B-E9">
      <ModulePath>c:\program files\dotnet\sdk\2.1.300\pt-BR\Microsoft.TestPlatform.Build.resources.dll</ModulePath>
      <ModuleTime>2018-05-22T18:59:50Z</ModuleTime>
      <ModuleName>Microsoft.TestPlatform.Build.resources</ModuleName>
      <Classes />
    </Module>
    <Module skippedDueTo="MissingPdb" hash="0F-17-E9-42-47-D4-6C-92-50-FA-03-31-93-DC-B9-61-95-E3-80-A2">
      <ModulePath>c:\program files\dotnet\shared\Microsoft.NETCore.App\2.1.0\Microsoft.Win32.Primitives.dll</ModulePath>
      <ModuleTime>2018-05-15T17:03:32Z</ModuleTime>
      <ModuleName>Microsoft.Win32.Primitives</ModuleName>
      <Classes />
    </Module>
    <Module skippedDueTo="Filter" hash="B2-E7-C6-75-5A-8F-45-0B-CA-A7-A6-86-F2-5E-94-26-D2-45-2F-3F">
      <ModulePath>c:\program files\dotnet\shared\Microsoft.NETCore.App\2.1.0\System.Private.CoreLib.dll</ModulePath>
      <ModuleTime>2018-05-15T17:03:40Z</ModuleTime>
      <ModuleName>System.Private.CoreLib</ModuleName>
      <Classes />
    </Module>
    <Module skippedDueTo="MissingPdb" hash="F3-9A-9E-47-BD-1F-FC-B7-12-E8-9E-DE-07-B2-CC-CF-DA-99-E7-EC">
      <ModulePath>c:\program files\dotnet\sdk\2.1.300\vstest.console.dll</ModulePath>
      <ModuleTime>2018-05-22T19:04:26Z</ModuleTime>
      <ModuleName>vstest.console</ModuleName>
      <Classes />
    </Module>
    <Module skippedDueTo="Filter" hash="9F-39-BF-B3-E6-CA-45-5F-FF-EC-C9-17-D3-19-65-B0-6E-2F-17-4E">
      <ModulePath>c:\program files\dotnet\shared\Microsoft.NETCore.App\2.1.0\System.Runtime.dll</ModulePath>
      <ModuleTime>2018-05-15T17:03:38Z</ModuleTime>
      <ModuleName>System.Runtime</ModuleName>
      <Classes />
    </Module>
    <Module skippedDueTo="Filter" hash="75-89-4A-9A-A6-FC-DB-A1-DD-35-84-48-C9-3B-21-8A-92-4A-92-5F">
      <ModulePath>c:\program files\dotnet\shared\Microsoft.NETCore.App\2.1.0\System.Diagnostics.Process.dll</ModulePath>
      <ModuleTime>2018-05-15T17:03:34Z</ModuleTime>
      <ModuleName>System.Diagnostics.Process</ModuleName>
      <Classes />
    </Module>
    <Module skippedDueTo="Filter" hash="F9-67-FE-2B-96-8A-EC-95-FB-27-2A-27-AA-B3-38-DC-99-35-B9-A1">
      <ModulePath>c:\program files\dotnet\shared\Microsoft.NETCore.App\2.1.0\System.ComponentModel.Primitives.dll</ModulePath>
      <ModuleTime>2018-05-15T17:03:34Z</ModuleTime>
      <ModuleName>System.ComponentModel.Primitives</ModuleName>
      <Classes />
    </Module>
    <Module skippedDueTo="Filter" hash="8D-7A-CE-FA-10-05-D7-6F-3C-AC-3E-F0-BA-01-AD-CE-0B-22-99-8B">
      <ModulePath>c:\program files\dotnet\shared\Microsoft.NETCore.App\2.1.0\System.Runtime.Extensions.dll</ModulePath>
      <ModuleTime>2018-05-15T17:03:38Z</ModuleTime>
      <ModuleName>System.Runtime.Extensions</ModuleName>
      <Classes />
    </Module>
    <Module skippedDueTo="MissingPdb" hash="C0-95-17-62-CF-CA-16-02-90-53-FC-9E-86-43-6F-F6-FD-C3-AF-86">
      <ModulePath>c:\program files\dotnet\sdk\2.1.300\Microsoft.TestPlatform.CoreUtilities.dll</ModulePath>
      <ModuleTime>2018-05-22T19:00:08Z</ModuleTime>
      <ModuleName>Microsoft.TestPlatform.CoreUtilities</ModuleName>
      <Classes />
    </Module>
    <Module skippedDueTo="Filter" hash="20-62-97-87-EA-D6-D2-70-FB-5A-D2-29-1E-B7-32-2D-E1-23-80-FA">
      <ModulePath>c:\program files\dotnet\shared\Microsoft.NETCore.App\2.1.0\System.Diagnostics.Debug.dll</ModulePath>
      <ModuleTime>2018-05-15T17:03:34Z</ModuleTime>
      <ModuleName>System.Diagnostics.Debug</ModuleName>
      <Classes />
    </Module>
    <Module skippedDueTo="Filter" hash="D0-AD-42-F2-E9-D2-D4-94-0D-63-8C-61-4E-52-4F-0D-DA-1A-CD-6F">
      <ModulePath>c:\program files\dotnet\shared\Microsoft.NETCore.App\2.1.0\System.Threading.Thread.dll</ModulePath>
      <ModuleTime>2018-05-15T17:03:38Z</ModuleTime>
      <ModuleName>System.Threading.Thread</ModuleName>
      <Classes />
    </Module>
    <Module skippedDueTo="Filter" hash="DC-82-33-86-1B-03-21-60-3C-01-E1-E1-DD-56-79-12-7A-1D-2E-21">
      <ModulePath>c:\program files\dotnet\shared\Microsoft.NETCore.App\2.1.0\System.Threading.dll</ModulePath>
      <ModuleTime>2018-05-15T17:03:38Z</ModuleTime>
      <ModuleName>System.Threading</ModuleName>
      <Classes />
    </Module>
    <Module skippedDueTo="Filter" hash="FB-2A-22-7D-6B-48-6C-07-93-20-FE-9E-D2-85-0C-2E-DA-B6-18-C7">
      <ModulePath>c:\program files\dotnet\shared\Microsoft.NETCore.App\2.1.0\System.Console.dll</ModulePath>
      <ModuleTime>2018-05-15T17:03:34Z</ModuleTime>
      <ModuleName>System.Console</ModuleName>
      <Classes />
    </Module>
    <Module skippedDueTo="Filter" hash="93-AD-CD-25-C3-0E-A0-A6-7A-07-9E-D5-7A-CB-BF-3D-90-A1-F9-C5">
      <ModulePath>c:\program files\dotnet\shared\Microsoft.NETCore.App\2.1.0\System.IO.dll</ModulePath>
      <ModuleTime>2018-05-15T17:03:36Z</ModuleTime>
      <ModuleName>System.IO</ModuleName>
      <Classes />
    </Module>
    <Module skippedDueTo="Filter" hash="4B-C9-61-40-58-3E-0C-63-D9-7B-DD-60-9F-00-0F-85-73-7E-F7-06">
      <ModulePath>c:\program files\dotnet\shared\Microsoft.NETCore.App\2.1.0\System.Text.Encoding.Extensions.dll</ModulePath>
      <ModuleTime>2018-05-15T17:03:38Z</ModuleTime>
      <ModuleName>System.Text.Encoding.Extensions</ModuleName>
      <Classes />
    </Module>
    <Module skippedDueTo="Filter" hash="D8-1F-91-FC-FE-F3-18-9C-C0-64-98-06-CA-A4-4A-14-A8-D4-E1-A1">
      <ModulePath>c:\program files\dotnet\shared\Microsoft.NETCore.App\2.1.0\System.Diagnostics.Tracing.dll</ModulePath>
      <ModuleTime>2018-05-15T17:03:34Z</ModuleTime>
      <ModuleName>System.Diagnostics.Tracing</ModuleName>
      <Classes />
    </Module>
    <Module skippedDueTo="Filter" hash="24-71-BF-19-D6-43-AE-96-67-A7-D6-7A-23-51-8F-EA-D9-BB-9E-0B">
      <ModulePath>c:\program files\dotnet\shared\Microsoft.NETCore.App\2.1.0\System.Collections.dll</ModulePath>
      <ModuleTime>2018-05-15T17:03:34Z</ModuleTime>
      <ModuleName>System.Collections</ModuleName>
      <Classes />
    </Module>
    <Module skippedDueTo="MissingPdb" hash="60-D6-38-EA-6B-E5-75-50-88-15-82-67-5E-CC-19-CB-6B-FA-17-62">
      <ModulePath>c:\program files\dotnet\sdk\2.1.300\Microsoft.VisualStudio.TestPlatform.ObjectModel.dll</ModulePath>
      <ModuleTime>2018-05-22T19:00:18Z</ModuleTime>
      <ModuleName>Microsoft.VisualStudio.TestPlatform.ObjectModel</ModuleName>
      <Classes />
    </Module>
    <Module skippedDueTo="MissingPdb" hash="67-52-A5-4C-F5-A2-F2-BF-07-8A-47-B0-7D-AF-B1-AB-EF-9C-CC-35">
      <ModulePath>c:\program files\dotnet\sdk\2.1.300\Microsoft.VisualStudio.TestPlatform.Client.dll</ModulePath>
      <ModuleTime>2018-05-22T19:00:18Z</ModuleTime>
      <ModuleName>Microsoft.VisualStudio.TestPlatform.Client</ModuleName>
      <Classes />
    </Module>
    <Module skippedDueTo="MissingPdb" hash="72-DD-6A-AA-B8-C5-40-DF-0E-82-89-AE-38-D9-5E-4A-7E-C6-BE-E2">
      <ModulePath>c:\program files\dotnet\sdk\2.1.300\Microsoft.VisualStudio.TestPlatform.Common.dll</ModulePath>
      <ModuleTime>2018-05-22T19:00:08Z</ModuleTime>
      <ModuleName>Microsoft.VisualStudio.TestPlatform.Common</ModuleName>
      <Classes />
    </Module>
    <Module skippedDueTo="Filter" hash="9F-99-A9-A6-DD-81-FE-32-D3-9F-D2-E3-AD-B9-5F-98-E3-C3-D3-BD">
      <ModulePath>c:\program files\dotnet\shared\Microsoft.NETCore.App\2.1.0\System.Linq.dll</ModulePath>
      <ModuleTime>2018-05-15T17:03:36Z</ModuleTime>
      <ModuleName>System.Linq</ModuleName>
      <Classes />
    </Module>
    <Module skippedDueTo="Filter" hash="7C-48-0B-B8-42-17-41-57-6D-4B-89-E5-56-89-D0-D0-8F-11-92-5B">
      <ModulePath>c:\program files\dotnet\shared\Microsoft.NETCore.App\2.1.0\System.Runtime.InteropServices.dll</ModulePath>
      <ModuleTime>2018-05-15T17:03:38Z</ModuleTime>
      <ModuleName>System.Runtime.InteropServices</ModuleName>
      <Classes />
    </Module>
    <Module skippedDueTo="Filter" hash="B1-14-2E-2B-2D-74-A8-39-95-C9-CD-C4-2D-7C-86-6D-97-7E-30-39">
      <ModulePath>c:\program files\dotnet\shared\Microsoft.NETCore.App\2.1.0\System.Resources.ResourceManager.dll</ModulePath>
      <ModuleTime>2018-05-15T17:03:38Z</ModuleTime>
      <ModuleName>System.Resources.ResourceManager</ModuleName>
      <Classes />
    </Module>
    <Module skippedDueTo="MissingPdb" hash="29-59-D8-D9-50-A0-F5-D0-6C-42-98-EC-B7-0F-69-27-11-C7-9B-0D">
      <ModulePath>c:\program files\dotnet\sdk\2.1.300\pt-BR\vstest.console.resources.dll</ModulePath>
      <ModuleTime>2018-05-22T19:05:12Z</ModuleTime>
      <ModuleName>vstest.console.resources</ModuleName>
      <Classes />
    </Module>
    <Module skippedDueTo="Filter" hash="3C-1A-D1-7D-BD-42-C9-7D-FE-CD-90-2F-00-88-4C-15-52-1E-4E-0F">
      <ModulePath>c:\program files\dotnet\shared\Microsoft.NETCore.App\2.1.0\System.IO.FileSystem.Primitives.dll</ModulePath>
      <ModuleTime>2018-05-15T17:03:34Z</ModuleTime>
      <ModuleName>System.IO.FileSystem.Primitives</ModuleName>
      <Classes />
    </Module>
    <Module skippedDueTo="Filter" hash="25-50-01-7A-06-31-FD-01-25-66-B3-FF-54-A1-13-10-BF-28-EA-43">
      <ModulePath>c:\program files\dotnet\shared\Microsoft.NETCore.App\2.1.0\System.IO.FileSystem.dll</ModulePath>
      <ModuleTime>2018-05-15T17:03:34Z</ModuleTime>
      <ModuleName>System.IO.FileSystem</ModuleName>
      <Classes />
    </Module>
    <Module skippedDueTo="Filter" hash="5E-40-03-20-BE-51-A5-B8-5B-25-4F-F1-25-17-FA-A8-F7-D6-1D-75">
      <ModulePath>c:\program files\dotnet\shared\Microsoft.NETCore.App\2.1.0\System.Xml.ReaderWriter.dll</ModulePath>
      <ModuleTime>2018-05-15T17:03:38Z</ModuleTime>
      <ModuleName>System.Xml.ReaderWriter</ModuleName>
      <Classes />
    </Module>
    <Module skippedDueTo="Filter" hash="59-22-E0-A2-F3-0C-E7-ED-94-CC-53-3D-C8-3A-1A-1E-27-CB-A9-37">
      <ModulePath>c:\program files\dotnet\shared\Microsoft.NETCore.App\2.1.0\System.Private.Xml.dll</ModulePath>
      <ModuleTime>2018-05-15T17:03:36Z</ModuleTime>
      <ModuleName>System.Private.Xml</ModuleName>
      <Classes />
    </Module>
    <Module skippedDueTo="MissingPdb" hash="6D-A7-72-81-84-FE-23-5C-F1-27-13-F3-C4-8A-00-F5-A6-BA-24-C0">
      <ModulePath>c:\program files\dotnet\sdk\2.1.300\Microsoft.TestPlatform.PlatformAbstractions.dll</ModulePath>
      <ModuleTime>2018-05-22T19:00:08Z</ModuleTime>
      <ModuleName>Microsoft.TestPlatform.PlatformAbstractions</ModuleName>
      <Classes />
    </Module>
    <Module skippedDueTo="Filter" hash="41-61-2A-DD-55-32-A7-88-1C-A9-36-A4-27-45-56-E6-D1-E6-71-37">
      <ModulePath>c:\program files\dotnet\shared\Microsoft.NETCore.App\2.1.0\System.Xml.XmlDocument.dll</ModulePath>
      <ModuleTime>2018-05-15T17:03:38Z</ModuleTime>
      <ModuleName>System.Xml.XmlDocument</ModuleName>
      <Classes />
    </Module>
    <Module skippedDueTo="MissingPdb" hash="40-2E-B6-98-67-4D-2A-F1-3E-02-48-1D-63-28-E8-87-47-C0-6F-5D">
      <ModulePath>c:\program files\dotnet\sdk\2.1.300\Microsoft.TestPlatform.Utilities.dll</ModulePath>
      <ModuleTime>2018-05-22T19:00:08Z</ModuleTime>
      <ModuleName>Microsoft.TestPlatform.Utilities</ModuleName>
      <Classes />
    </Module>
    <Module skippedDueTo="Filter" hash="BD-CE-88-18-22-8A-25-85-EF-42-FE-24-18-B9-4F-9D-F6-47-F0-A9">
      <ModulePath>c:\program files\dotnet\shared\Microsoft.NETCore.App\2.1.0\System.Runtime.InteropServices.RuntimeInformation.dll</ModulePath>
      <ModuleTime>2018-05-15T17:03:38Z</ModuleTime>
      <ModuleName>System.Runtime.InteropServices.RuntimeInformation</ModuleName>
      <Classes />
    </Module>
    <Module skippedDueTo="Filter" hash="9D-16-07-1F-E6-AE-43-F8-08-7D-77-2C-41-30-DA-C0-55-6C-5D-B8">
      <ModulePath>c:\program files\dotnet\shared\Microsoft.NETCore.App\2.1.0\System.Private.Uri.dll</ModulePath>
      <ModuleTime>2018-05-15T17:03:36Z</ModuleTime>
      <ModuleName>System.Private.Uri</ModuleName>
      <Classes />
    </Module>
    <Module skippedDueTo="Filter" hash="99-33-4D-CD-87-78-88-0E-F6-12-EF-CA-31-D9-97-F4-A8-D8-3D-E1">
      <ModulePath>c:\program files\dotnet\shared\Microsoft.NETCore.App\2.1.0\System.Memory.dll</ModulePath>
      <ModuleTime>2018-05-15T17:03:36Z</ModuleTime>
      <ModuleName>System.Memory</ModuleName>
      <Classes />
    </Module>
    <Module skippedDueTo="Filter" hash="6C-10-44-7E-EF-B7-6F-EF-94-1C-16-FA-4B-F1-3F-1A-2E-B7-36-36">
      <ModulePath>c:\program files\dotnet\shared\Microsoft.NETCore.App\2.1.0\System.Security.Cryptography.Algorithms.dll</ModulePath>
      <ModuleTime>2018-05-15T17:03:38Z</ModuleTime>
      <ModuleName>System.Security.Cryptography.Algorithms</ModuleName>
      <Classes />
    </Module>
    <Module skippedDueTo="Filter" hash="84-24-F2-48-5A-70-17-DF-BC-51-4D-27-EE-CF-22-07-A7-E4-DE-0E">
      <ModulePath>c:\program files\dotnet\sdk\2.1.300\System.Xml.XPath.XmlDocument.dll</ModulePath>
      <ModuleTime>2018-05-22T18:56:16Z</ModuleTime>
      <ModuleName>System.Xml.XPath.XmlDocument</ModuleName>
      <Classes />
    </Module>
    <Module skippedDueTo="Filter" hash="29-E2-66-05-A8-7C-57-34-86-04-0F-E6-83-21-00-EB-47-99-CD-C6">
      <ModulePath>c:\program files\dotnet\shared\Microsoft.NETCore.App\2.1.0\System.Xml.XPath.dll</ModulePath>
      <ModuleTime>2018-05-15T17:03:38Z</ModuleTime>
      <ModuleName>System.Xml.XPath</ModuleName>
      <Classes />
    </Module>
    <Module skippedDueTo="Filter" hash="42-A9-56-1E-D9-D8-E5-61-4B-B5-2A-4C-CA-8E-A6-DE-FB-9F-B4-71">
      <ModulePath>c:\program files\dotnet\shared\Microsoft.NETCore.App\2.1.0\System.Globalization.dll</ModulePath>
      <ModuleTime>2018-05-15T17:03:34Z</ModuleTime>
      <ModuleName>System.Globalization</ModuleName>
      <Classes />
    </Module>
    <Module skippedDueTo="Filter" hash="9A-D5-0C-A3-5D-58-2D-DE-6A-31-89-EE-94-D7-1F-CA-8E-4A-4A-3A">
      <ModulePath>c:\program files\dotnet\shared\Microsoft.NETCore.App\2.1.0\System.Diagnostics.TraceSource.dll</ModulePath>
      <ModuleTime>2018-05-15T17:03:34Z</ModuleTime>
      <ModuleName>System.Diagnostics.TraceSource</ModuleName>
      <Classes />
    </Module>
    <Module skippedDueTo="Filter" hash="C0-16-E9-9B-FF-FA-5B-79-E3-1C-03-FB-3D-CB-62-55-5D-54-B0-65">
      <ModulePath>c:\program files\dotnet\shared\Microsoft.NETCore.App\2.1.0\System.Collections.NonGeneric.dll</ModulePath>
      <ModuleTime>2018-05-15T17:03:34Z</ModuleTime>
      <ModuleName>System.Collections.NonGeneric</ModuleName>
      <Classes />
    </Module>
    <Module skippedDueTo="MissingPdb" hash="A3-8D-1B-38-4C-93-F7-27-54-18-F1-B0-A5-2B-FE-DE-CF-7C-02-B5">
      <ModulePath>c:\program files\dotnet\sdk\2.1.300\Microsoft.TestPlatform.CrossPlatEngine.dll</ModulePath>
      <ModuleTime>2018-05-22T19:00:18Z</ModuleTime>
      <ModuleName>Microsoft.TestPlatform.CrossPlatEngine</ModuleName>
      <Classes />
    </Module>
    <Module skippedDueTo="Filter" hash="1E-3D-7F-D9-96-A2-6B-1F-8A-00-47-08-B1-B4-3D-4B-FC-82-C0-E0">
      <ModulePath>c:\program files\dotnet\shared\Microsoft.NETCore.App\2.1.0\System.Reflection.dll</ModulePath>
      <ModuleTime>2018-05-15T17:03:38Z</ModuleTime>
      <ModuleName>System.Reflection</ModuleName>
      <Classes />
    </Module>
    <Module skippedDueTo="Filter" hash="0A-4E-6E-9A-77-64-F6-77-BF-DB-19-83-60-08-67-E6-59-D4-B5-89">
      <ModulePath>c:\program files\dotnet\shared\Microsoft.NETCore.App\2.1.0\System.Buffers.dll</ModulePath>
      <ModuleTime>2018-05-15T17:03:34Z</ModuleTime>
      <ModuleName>System.Buffers</ModuleName>
      <Classes />
    </Module>
    <Module skippedDueTo="Filter" hash="4F-1F-3B-7B-DB-07-CF-E1-A3-99-93-8D-8C-97-A1-6A-0C-41-8E-E9">
      <ModulePath>c:\program files\dotnet\shared\Microsoft.NETCore.App\2.1.0\System.Threading.Tasks.dll</ModulePath>
      <ModuleTime>2018-05-15T17:03:38Z</ModuleTime>
      <ModuleName>System.Threading.Tasks</ModuleName>
      <Classes />
    </Module>
    <Module skippedDueTo="Filter" hash="40-85-75-1E-6D-24-67-1C-AF-4E-3B-D9-80-9C-3F-AB-6D-60-D4-C0">
      <ModulePath>c:\program files\dotnet\shared\Microsoft.NETCore.App\2.1.0\System.Runtime.Loader.dll</ModulePath>
      <ModuleTime>2018-05-15T17:03:38Z</ModuleTime>
      <ModuleName>System.Runtime.Loader</ModuleName>
      <Classes />
    </Module>
    <Module skippedDueTo="MissingPdb" hash="80-85-B2-EE-0D-74-37-FF-B2-D8-DB-B7-B4-33-ED-58-2B-B6-21-8A">
      <ModulePath>c:\program files\dotnet\sdk\2.1.300\Extensions\Microsoft.TestPlatform.Extensions.BlameDataCollector.dll</ModulePath>
      <ModuleTime>2018-05-22T18:59:04Z</ModuleTime>
      <ModuleName>Microsoft.TestPlatform.Extensions.BlameDataCollector</ModuleName>
      <Classes />
    </Module>
    <Module skippedDueTo="Filter" hash="5C-05-B5-8E-5E-6F-DB-C1-7C-FE-45-86-B7-2E-90-50-8B-F6-A5-25">
      <ModulePath>c:\program files\dotnet\shared\Microsoft.NETCore.App\2.1.0\System.Reflection.TypeExtensions.dll</ModulePath>
      <ModuleTime>2018-05-15T17:03:38Z</ModuleTime>
      <ModuleName>System.Reflection.TypeExtensions</ModuleName>
      <Classes />
    </Module>
    <Module skippedDueTo="MissingPdb" hash="50-F7-E1-88-5A-5D-BC-61-D2-CA-79-C1-84-35-83-25-B7-E4-E5-3A">
      <ModulePath>c:\program files\dotnet\sdk\2.1.300\Extensions\Microsoft.TestPlatform.Extensions.EventLogCollector.dll</ModulePath>
      <ModuleTime>2018-05-22T18:55:58Z</ModuleTime>
      <ModuleName>Microsoft.TestPlatform.Extensions.EventLogCollector</ModuleName>
      <Classes />
    </Module>
    <Module skippedDueTo="Filter" hash="44-8B-AD-FD-2A-B5-FE-44-6C-1A-41-86-21-22-10-6D-A9-78-FA-D1">
      <ModulePath>c:\program files\dotnet\shared\Microsoft.NETCore.App\2.1.0\mscorlib.dll</ModulePath>
      <ModuleTime>2018-05-15T17:03:32Z</ModuleTime>
      <ModuleName>mscorlib</ModuleName>
      <Classes />
    </Module>
    <Module skippedDueTo="Filter" hash="A9-EC-E4-42-AC-07-BE-CA-81-CC-7E-A0-C9-5D-AF-B1-DD-1C-78-33">
      <ModulePath>c:\program files\dotnet\shared\Microsoft.NETCore.App\2.1.0\System.Xml.dll</ModulePath>
      <ModuleTime>2018-05-15T17:03:40Z</ModuleTime>
      <ModuleName>System.Xml</ModuleName>
      <Classes />
    </Module>
    <Module skippedDueTo="MissingPdb" hash="89-D2-DD-10-88-13-56-A6-7E-9E-AD-16-F9-75-B5-8A-27-FA-5E-08">
      <ModulePath>c:\program files\dotnet\sdk\2.1.300\Extensions\Microsoft.TestPlatform.TestHostRuntimeProvider.dll</ModulePath>
      <ModuleTime>2018-05-22T18:56:16Z</ModuleTime>
      <ModuleName>Microsoft.TestPlatform.TestHostRuntimeProvider</ModuleName>
      <Classes />
    </Module>
    <Module skippedDueTo="Filter" hash="99-CC-76-16-41-8D-C7-16-82-C9-39-01-13-46-6B-62-39-B8-7E-32">
      <ModulePath>c:\program files\dotnet\shared\Microsoft.NETCore.App\2.1.0\System.Reflection.Extensions.dll</ModulePath>
      <ModuleTime>2018-05-15T17:03:38Z</ModuleTime>
      <ModuleName>System.Reflection.Extensions</ModuleName>
      <Classes />
    </Module>
    <Module skippedDueTo="MissingPdb" hash="36-88-40-B8-02-18-FA-8D-7C-68-85-F7-9C-32-D9-7D-17-93-C4-DB">
      <ModulePath>c:\program files\dotnet\sdk\2.1.300\Extensions\Microsoft.VisualStudio.TestPlatform.Extensions.Trx.TestLogger.dll</ModulePath>
      <ModuleTime>2018-05-22T18:57:20Z</ModuleTime>
      <ModuleName>Microsoft.VisualStudio.TestPlatform.Extensions.Trx.TestLogger</ModuleName>
      <Classes />
    </Module>
    <Module skippedDueTo="Filter" hash="04-EE-21-3D-50-7D-5E-CE-12-10-F6-9C-5E-AA-EE-24-C1-E0-FD-B3">
      <ModulePath>c:\program files\dotnet\shared\Microsoft.NETCore.App\2.1.0\System.Reflection.Metadata.dll</ModulePath>
      <ModuleTime>2018-05-15T17:03:38Z</ModuleTime>
      <ModuleName>System.Reflection.Metadata</ModuleName>
      <Classes />
    </Module>
    <Module skippedDueTo="Filter" hash="0B-FA-56-19-85-6A-C4-75-4C-10-0F-DC-F8-D1-5B-9B-CD-DC-C3-F6">
      <ModulePath>c:\program files\dotnet\shared\Microsoft.NETCore.App\2.1.0\System.Collections.Immutable.dll</ModulePath>
      <ModuleTime>2018-05-15T17:03:34Z</ModuleTime>
      <ModuleName>System.Collections.Immutable</ModuleName>
      <Classes />
    </Module>
    <Module skippedDueTo="MissingPdb" hash="0F-17-E9-42-47-D4-6C-92-50-FA-03-31-93-DC-B9-61-95-E3-80-A2">
      <ModulePath>c:\program files\dotnet\shared\Microsoft.NETCore.App\2.1.0\Microsoft.Win32.Primitives.dll</ModulePath>
      <ModuleTime>2018-05-15T17:03:32Z</ModuleTime>
      <ModuleName>Microsoft.Win32.Primitives</ModuleName>
      <Classes />
    </Module>
    <Module skippedDueTo="MissingPdb" hash="4E-19-27-44-C3-50-65-EE-34-2A-70-E7-56-EB-BC-23-7A-40-53-67">
      <ModulePath>c:\program files\dotnet\sdk\2.1.300\Microsoft.TestPlatform.CommunicationUtilities.dll</ModulePath>
      <ModuleTime>2018-05-22T19:00:08Z</ModuleTime>
      <ModuleName>Microsoft.TestPlatform.CommunicationUtilities</ModuleName>
      <Classes />
    </Module>
    <Module skippedDueTo="MissingPdb" hash="B2-5D-47-CA-28-5B-B0-0E-FC-29-D9-01-B2-8D-36-88-65-61-54-0E">
      <ModulePath>c:\program files\dotnet\sdk\2.1.300\Newtonsoft.Json.dll</ModulePath>
      <ModuleTime>2018-05-22T19:05:00Z</ModuleTime>
      <ModuleName>Newtonsoft.Json</ModuleName>
      <Classes />
    </Module>
    <Module skippedDueTo="Filter" hash="0C-56-98-AE-50-0E-32-FC-94-AE-26-B2-60-30-BD-89-B1-8D-D3-D4">
      <ModulePath>c:\program files\dotnet\shared\Microsoft.NETCore.App\2.1.0\System.Runtime.Serialization.Primitives.dll</ModulePath>
      <ModuleTime>2018-05-15T17:03:38Z</ModuleTime>
      <ModuleName>System.Runtime.Serialization.Primitives</ModuleName>
      <Classes />
    </Module>
    <Module skippedDueTo="Filter" hash="9E-5F-AD-60-04-57-6F-40-C1-C3-F9-E2-BC-8E-5E-64-5E-61-98-48">
      <ModulePath>c:\program files\dotnet\shared\Microsoft.NETCore.App\2.1.0\System.Collections.Concurrent.dll</ModulePath>
      <ModuleTime>2018-05-15T17:03:34Z</ModuleTime>
      <ModuleName>System.Collections.Concurrent</ModuleName>
      <Classes />
    </Module>
    <Module skippedDueTo="Filter" hash="83-47-75-52-B4-4C-F0-7A-DA-4F-28-C8-7A-7F-40-D2-DB-8A-36-84">
      <ModulePath>c:\program files\dotnet\shared\Microsoft.NETCore.App\2.1.0\System.Threading.Timer.dll</ModulePath>
      <ModuleTime>2018-05-15T17:03:38Z</ModuleTime>
      <ModuleName>System.Threading.Timer</ModuleName>
      <Classes />
    </Module>
    <Module skippedDueTo="Filter" hash="B1-C8-79-68-C3-E4-96-D6-C7-EB-75-26-AC-CE-24-90-57-2E-90-BA">
      <ModulePath>c:\program files\dotnet\shared\Microsoft.NETCore.App\2.1.0\System.Net.Primitives.dll</ModulePath>
      <ModuleTime>2018-05-15T17:03:36Z</ModuleTime>
      <ModuleName>System.Net.Primitives</ModuleName>
      <Classes />
    </Module>
    <Module skippedDueTo="Filter" hash="3F-BD-5F-B2-1B-D5-24-D9-56-14-4D-D5-55-71-7D-18-8E-58-FE-39">
      <ModulePath>c:\program files\dotnet\shared\Microsoft.NETCore.App\2.1.0\System.Net.Sockets.dll</ModulePath>
      <ModuleTime>2018-05-15T17:03:36Z</ModuleTime>
      <ModuleName>System.Net.Sockets</ModuleName>
      <Classes />
    </Module>
    <Module skippedDueTo="Filter" hash="16-06-8F-98-40-06-94-A2-59-B4-EB-EA-21-F3-79-D0-0A-AD-45-7D">
      <ModulePath>c:\program files\dotnet\shared\Microsoft.NETCore.App\2.1.0\System.Threading.Overlapped.dll</ModulePath>
      <ModuleTime>2018-05-15T17:03:38Z</ModuleTime>
      <ModuleName>System.Threading.Overlapped</ModuleName>
      <Classes />
    </Module>
    <Module skippedDueTo="Filter" hash="EC-3F-C7-DD-79-2E-04-92-8D-F3-A5-60-2F-FB-16-43-DD-1B-31-10">
      <ModulePath>c:\program files\dotnet\shared\Microsoft.NETCore.App\2.1.0\System.Net.NameResolution.dll</ModulePath>
      <ModuleTime>2018-05-15T17:03:36Z</ModuleTime>
      <ModuleName>System.Net.NameResolution</ModuleName>
      <Classes />
    </Module>
    <Module skippedDueTo="MissingPdb" hash="0D-38-3A-DA-1E-A2-9A-26-05-79-C2-77-39-AE-12-DB-84-55-BF-6B">
      <ModulePath>c:\program files\dotnet\sdk\2.1.300\Microsoft.Extensions.DependencyModel.dll</ModulePath>
      <ModuleTime>2018-05-22T19:00:18Z</ModuleTime>
      <ModuleName>Microsoft.Extensions.DependencyModel</ModuleName>
      <Classes />
    </Module>
    <Module skippedDueTo="Filter" hash="E2-DD-41-07-A9-AC-5B-84-49-B7-E1-85-68-3D-69-DC-84-4B-3D-06">
      <ModulePath>c:\program files\dotnet\shared\Microsoft.NETCore.App\2.1.0\System.Dynamic.Runtime.dll</ModulePath>
      <ModuleTime>2018-05-15T17:03:34Z</ModuleTime>
      <ModuleName>System.Dynamic.Runtime</ModuleName>
      <Classes />
    </Module>
    <Module skippedDueTo="Filter" hash="CF-C6-6D-CD-52-19-4F-3F-36-51-5E-56-26-3A-93-A5-02-E2-58-2A">
      <ModulePath>c:\program files\dotnet\shared\Microsoft.NETCore.App\2.1.0\System.Linq.Expressions.dll</ModulePath>
      <ModuleTime>2018-05-15T17:03:36Z</ModuleTime>
      <ModuleName>System.Linq.Expressions</ModuleName>
      <Classes />
    </Module>
    <Module skippedDueTo="Filter" hash="41-ED-E1-98-BB-A2-1A-69-AC-77-E0-4E-8D-36-CF-B1-5A-52-81-B9">
      <ModulePath>c:\program files\dotnet\shared\Microsoft.NETCore.App\2.1.0\System.ObjectModel.dll</ModulePath>
      <ModuleTime>2018-05-15T17:03:36Z</ModuleTime>
      <ModuleName>System.ObjectModel</ModuleName>
      <Classes />
    </Module>
    <Module skippedDueTo="Filter" hash="90-9A-ED-47-04-2B-8A-42-2C-26-2D-AC-58-1F-41-AA-7C-AB-DA-48">
      <ModulePath>c:\program files\dotnet\shared\Microsoft.NETCore.App\2.1.0\System.Threading.ThreadPool.dll</ModulePath>
      <ModuleTime>2018-05-15T17:03:38Z</ModuleTime>
      <ModuleName>System.Threading.ThreadPool</ModuleName>
      <Classes />
    </Module>
    <Module skippedDueTo="Filter" hash="B2-E7-C6-75-5A-8F-45-0B-CA-A7-A6-86-F2-5E-94-26-D2-45-2F-3F">
      <ModulePath>c:\program files\dotnet\shared\Microsoft.NETCore.App\2.1.0\System.Private.CoreLib.dll</ModulePath>
      <ModuleTime>2018-05-15T17:03:40Z</ModuleTime>
      <ModuleName>System.Private.CoreLib</ModuleName>
      <Classes />
    </Module>
    <Module skippedDueTo="MissingPdb" hash="A7-28-B6-34-B2-A7-B8-0D-33-66-05-98-A7-37-D8-4A-76-E2-C3-F4">
      <ModulePath>C:\Users\elema\.nuget\packages\microsoft.testplatform.testhost\15.3.0-preview-20170628-02\lib\netstandard1.5\testhost.dll</ModulePath>
      <ModuleTime>2017-06-28T07:51:48Z</ModuleTime>
      <ModuleName>testhost</ModuleName>
      <Classes />
    </Module>
    <Module skippedDueTo="Filter" hash="9F-39-BF-B3-E6-CA-45-5F-FF-EC-C9-17-D3-19-65-B0-6E-2F-17-4E">
      <ModulePath>c:\program files\dotnet\shared\Microsoft.NETCore.App\2.1.0\System.Runtime.dll</ModulePath>
      <ModuleTime>2018-05-15T17:03:38Z</ModuleTime>
      <ModuleName>System.Runtime</ModuleName>
      <Classes />
    </Module>
    <Module skippedDueTo="MissingPdb" hash="B0-05-72-89-89-B9-56-9E-11-12-E8-A2-53-8C-88-F7-CD-9A-18-8E">
      <ModulePath>C:\Users\elema\.nuget\packages\microsoft.testplatform.objectmodel\15.3.0-preview-20170628-02\lib\netstandard1.5\Microsoft.TestPlatform.CoreUtilities.dll</ModulePath>
      <ModuleTime>2017-06-28T07:51:46Z</ModuleTime>
      <ModuleName>Microsoft.TestPlatform.CoreUtilities</ModuleName>
      <Classes />
    </Module>
    <Module skippedDueTo="Filter" hash="D8-1F-91-FC-FE-F3-18-9C-C0-64-98-06-CA-A4-4A-14-A8-D4-E1-A1">
      <ModulePath>c:\program files\dotnet\shared\Microsoft.NETCore.App\2.1.0\System.Diagnostics.Tracing.dll</ModulePath>
      <ModuleTime>2018-05-15T17:03:34Z</ModuleTime>
      <ModuleName>System.Diagnostics.Tracing</ModuleName>
      <Classes />
    </Module>
    <Module skippedDueTo="Filter" hash="75-89-4A-9A-A6-FC-DB-A1-DD-35-84-48-C9-3B-21-8A-92-4A-92-5F">
      <ModulePath>c:\program files\dotnet\shared\Microsoft.NETCore.App\2.1.0\System.Diagnostics.Process.dll</ModulePath>
      <ModuleTime>2018-05-15T17:03:34Z</ModuleTime>
      <ModuleName>System.Diagnostics.Process</ModuleName>
      <Classes />
    </Module>
    <Module skippedDueTo="Filter" hash="F9-67-FE-2B-96-8A-EC-95-FB-27-2A-27-AA-B3-38-DC-99-35-B9-A1">
      <ModulePath>c:\program files\dotnet\shared\Microsoft.NETCore.App\2.1.0\System.ComponentModel.Primitives.dll</ModulePath>
      <ModuleTime>2018-05-15T17:03:34Z</ModuleTime>
      <ModuleName>System.ComponentModel.Primitives</ModuleName>
      <Classes />
    </Module>
    <Module skippedDueTo="Filter" hash="8D-7A-CE-FA-10-05-D7-6F-3C-AC-3E-F0-BA-01-AD-CE-0B-22-99-8B">
      <ModulePath>c:\program files\dotnet\shared\Microsoft.NETCore.App\2.1.0\System.Runtime.Extensions.dll</ModulePath>
      <ModuleTime>2018-05-15T17:03:38Z</ModuleTime>
      <ModuleName>System.Runtime.Extensions</ModuleName>
      <Classes />
    </Module>
    <Module skippedDueTo="Filter" hash="20-62-97-87-EA-D6-D2-70-FB-5A-D2-29-1E-B7-32-2D-E1-23-80-FA">
      <ModulePath>c:\program files\dotnet\shared\Microsoft.NETCore.App\2.1.0\System.Diagnostics.Debug.dll</ModulePath>
      <ModuleTime>2018-05-15T17:03:34Z</ModuleTime>
      <ModuleName>System.Diagnostics.Debug</ModuleName>
      <Classes />
    </Module>
    <Module skippedDueTo="Filter" hash="D0-AD-42-F2-E9-D2-D4-94-0D-63-8C-61-4E-52-4F-0D-DA-1A-CD-6F">
      <ModulePath>c:\program files\dotnet\shared\Microsoft.NETCore.App\2.1.0\System.Threading.Thread.dll</ModulePath>
      <ModuleTime>2018-05-15T17:03:38Z</ModuleTime>
      <ModuleName>System.Threading.Thread</ModuleName>
      <Classes />
    </Module>
    <Module skippedDueTo="Filter" hash="24-71-BF-19-D6-43-AE-96-67-A7-D6-7A-23-51-8F-EA-D9-BB-9E-0B">
      <ModulePath>c:\program files\dotnet\shared\Microsoft.NETCore.App\2.1.0\System.Collections.dll</ModulePath>
      <ModuleTime>2018-05-15T17:03:34Z</ModuleTime>
      <ModuleName>System.Collections</ModuleName>
      <Classes />
    </Module>
    <Module skippedDueTo="MissingPdb" hash="9A-9A-13-72-A5-B2-9C-0E-78-4D-3D-65-FE-26-81-32-25-90-A0-93">
      <ModulePath>C:\Users\elema\.nuget\packages\microsoft.testplatform.testhost\15.3.0-preview-20170628-02\lib\netstandard1.5\Microsoft.TestPlatform.CrossPlatEngine.dll</ModulePath>
      <ModuleTime>2017-06-28T07:51:48Z</ModuleTime>
      <ModuleName>Microsoft.TestPlatform.CrossPlatEngine</ModuleName>
      <Classes />
    </Module>
    <Module skippedDueTo="MissingPdb" hash="76-47-3E-54-1A-AF-2C-BE-18-FC-47-62-B8-4A-01-5A-8F-EF-F1-94">
      <ModulePath>C:\Users\elema\.nuget\packages\microsoft.testplatform.testhost\15.3.0-preview-20170628-02\lib\netstandard1.5\Microsoft.TestPlatform.CommunicationUtilities.dll</ModulePath>
      <ModuleTime>2017-06-28T07:51:48Z</ModuleTime>
      <ModuleName>Microsoft.TestPlatform.CommunicationUtilities</ModuleName>
      <Classes />
    </Module>
    <Module skippedDueTo="MissingPdb" hash="FC-FD-AB-BC-E7-B4-7A-AF-A1-CD-98-89-5A-E6-EB-28-88-7F-28-62">
      <ModulePath>C:\Users\elema\.nuget\packages\microsoft.testplatform.testhost\15.3.0-preview-20170628-02\lib\netstandard1.5\Microsoft.VisualStudio.TestPlatform.Common.dll</ModulePath>
      <ModuleTime>2017-06-28T07:51:48Z</ModuleTime>
      <ModuleName>Microsoft.VisualStudio.TestPlatform.Common</ModuleName>
      <Classes />
    </Module>
    <Module skippedDueTo="MissingPdb" hash="CB-36-F9-6D-96-28-F2-95-5A-89-7B-FD-73-85-32-E0-F4-8B-0E-DE">
      <ModulePath>C:\Users\elema\.nuget\packages\microsoft.testplatform.objectmodel\15.3.0-preview-20170628-02\lib\netstandard1.5\Microsoft.VisualStudio.TestPlatform.ObjectModel.dll</ModulePath>
      <ModuleTime>2017-06-28T07:51:46Z</ModuleTime>
      <ModuleName>Microsoft.VisualStudio.TestPlatform.ObjectModel</ModuleName>
      <Classes />
    </Module>
    <Module skippedDueTo="Filter" hash="4F-1F-3B-7B-DB-07-CF-E1-A3-99-93-8D-8C-97-A1-6A-0C-41-8E-E9">
      <ModulePath>c:\program files\dotnet\shared\Microsoft.NETCore.App\2.1.0\System.Threading.Tasks.dll</ModulePath>
      <ModuleTime>2018-05-15T17:03:38Z</ModuleTime>
      <ModuleName>System.Threading.Tasks</ModuleName>
      <Classes />
    </Module>
    <Module skippedDueTo="MissingPdb" hash="AF-99-14-97-FF-6F-C8-8F-02-27-AC-19-57-DE-A7-A3-12-B1-19-53">
      <ModulePath>C:\Users\elema\.nuget\packages\microsoft.testplatform.objectmodel\15.3.0-preview-20170628-02\lib\netstandard1.5\Microsoft.TestPlatform.PlatformAbstractions.dll</ModulePath>
      <ModuleTime>2017-06-28T07:51:46Z</ModuleTime>
      <ModuleName>Microsoft.TestPlatform.PlatformAbstractions</ModuleName>
      <Classes />
    </Module>
    <Module skippedDueTo="MissingPdb" hash="53-D0-A3-B9-10-36-09-21-32-F4-D0-88-75-00-B5-DC-77-89-1D-78">
      <ModulePath>C:\Users\elema\.nuget\packages\newtonsoft.json\9.0.1\lib\netstandard1.0\Newtonsoft.Json.dll</ModulePath>
      <ModuleTime>2016-06-14T02:06:14Z</ModuleTime>
      <ModuleName>Newtonsoft.Json</ModuleName>
      <Classes />
    </Module>
    <Module skippedDueTo="Filter" hash="0C-56-98-AE-50-0E-32-FC-94-AE-26-B2-60-30-BD-89-B1-8D-D3-D4">
      <ModulePath>c:\program files\dotnet\shared\Microsoft.NETCore.App\2.1.0\System.Runtime.Serialization.Primitives.dll</ModulePath>
      <ModuleTime>2018-05-15T17:03:38Z</ModuleTime>
      <ModuleName>System.Runtime.Serialization.Primitives</ModuleName>
      <Classes />
    </Module>
    <Module skippedDueTo="Filter" hash="42-A9-56-1E-D9-D8-E5-61-4B-B5-2A-4C-CA-8E-A6-DE-FB-9F-B4-71">
      <ModulePath>c:\program files\dotnet\shared\Microsoft.NETCore.App\2.1.0\System.Globalization.dll</ModulePath>
      <ModuleTime>2018-05-15T17:03:34Z</ModuleTime>
      <ModuleName>System.Globalization</ModuleName>
      <Classes />
    </Module>
    <Module skippedDueTo="Filter" hash="DC-82-33-86-1B-03-21-60-3C-01-E1-E1-DD-56-79-12-7A-1D-2E-21">
      <ModulePath>c:\program files\dotnet\shared\Microsoft.NETCore.App\2.1.0\System.Threading.dll</ModulePath>
      <ModuleTime>2018-05-15T17:03:38Z</ModuleTime>
      <ModuleName>System.Threading</ModuleName>
      <Classes />
    </Module>
    <Module skippedDueTo="Filter" hash="9A-D5-0C-A3-5D-58-2D-DE-6A-31-89-EE-94-D7-1F-CA-8E-4A-4A-3A">
      <ModulePath>c:\program files\dotnet\shared\Microsoft.NETCore.App\2.1.0\System.Diagnostics.TraceSource.dll</ModulePath>
      <ModuleTime>2018-05-15T17:03:34Z</ModuleTime>
      <ModuleName>System.Diagnostics.TraceSource</ModuleName>
      <Classes />
    </Module>
    <Module skippedDueTo="Filter" hash="C0-16-E9-9B-FF-FA-5B-79-E3-1C-03-FB-3D-CB-62-55-5D-54-B0-65">
      <ModulePath>c:\program files\dotnet\shared\Microsoft.NETCore.App\2.1.0\System.Collections.NonGeneric.dll</ModulePath>
      <ModuleTime>2018-05-15T17:03:34Z</ModuleTime>
      <ModuleName>System.Collections.NonGeneric</ModuleName>
      <Classes />
    </Module>
    <Module skippedDueTo="Filter" hash="7C-48-0B-B8-42-17-41-57-6D-4B-89-E5-56-89-D0-D0-8F-11-92-5B">
      <ModulePath>c:\program files\dotnet\shared\Microsoft.NETCore.App\2.1.0\System.Runtime.InteropServices.dll</ModulePath>
      <ModuleTime>2018-05-15T17:03:38Z</ModuleTime>
      <ModuleName>System.Runtime.InteropServices</ModuleName>
      <Classes />
    </Module>
    <Module skippedDueTo="MissingPdb" hash="0F-17-E9-42-47-D4-6C-92-50-FA-03-31-93-DC-B9-61-95-E3-80-A2">
      <ModulePath>c:\program files\dotnet\shared\Microsoft.NETCore.App\2.1.0\Microsoft.Win32.Primitives.dll</ModulePath>
      <ModuleTime>2018-05-15T17:03:32Z</ModuleTime>
      <ModuleName>Microsoft.Win32.Primitives</ModuleName>
      <Classes />
    </Module>
    <Module skippedDueTo="Filter" hash="90-9A-ED-47-04-2B-8A-42-2C-26-2D-AC-58-1F-41-AA-7C-AB-DA-48">
      <ModulePath>c:\program files\dotnet\shared\Microsoft.NETCore.App\2.1.0\System.Threading.ThreadPool.dll</ModulePath>
      <ModuleTime>2018-05-15T17:03:38Z</ModuleTime>
      <ModuleName>System.Threading.ThreadPool</ModuleName>
      <Classes />
    </Module>
    <Module skippedDueTo="Filter" hash="3F-BD-5F-B2-1B-D5-24-D9-56-14-4D-D5-55-71-7D-18-8E-58-FE-39">
      <ModulePath>c:\program files\dotnet\shared\Microsoft.NETCore.App\2.1.0\System.Net.Sockets.dll</ModulePath>
      <ModuleTime>2018-05-15T17:03:36Z</ModuleTime>
      <ModuleName>System.Net.Sockets</ModuleName>
      <Classes />
    </Module>
    <Module skippedDueTo="Filter" hash="B1-C8-79-68-C3-E4-96-D6-C7-EB-75-26-AC-CE-24-90-57-2E-90-BA">
      <ModulePath>c:\program files\dotnet\shared\Microsoft.NETCore.App\2.1.0\System.Net.Primitives.dll</ModulePath>
      <ModuleTime>2018-05-15T17:03:36Z</ModuleTime>
      <ModuleName>System.Net.Primitives</ModuleName>
      <Classes />
    </Module>
    <Module skippedDueTo="Filter" hash="93-AD-CD-25-C3-0E-A0-A6-7A-07-9E-D5-7A-CB-BF-3D-90-A1-F9-C5">
      <ModulePath>c:\program files\dotnet\shared\Microsoft.NETCore.App\2.1.0\System.IO.dll</ModulePath>
      <ModuleTime>2018-05-15T17:03:36Z</ModuleTime>
      <ModuleName>System.IO</ModuleName>
      <Classes />
    </Module>
    <Module skippedDueTo="Filter" hash="16-06-8F-98-40-06-94-A2-59-B4-EB-EA-21-F3-79-D0-0A-AD-45-7D">
      <ModulePath>c:\program files\dotnet\shared\Microsoft.NETCore.App\2.1.0\System.Threading.Overlapped.dll</ModulePath>
      <ModuleTime>2018-05-15T17:03:38Z</ModuleTime>
      <ModuleName>System.Threading.Overlapped</ModuleName>
      <Classes />
    </Module>
    <Module skippedDueTo="Filter" hash="EC-3F-C7-DD-79-2E-04-92-8D-F3-A5-60-2F-FB-16-43-DD-1B-31-10">
      <ModulePath>c:\program files\dotnet\shared\Microsoft.NETCore.App\2.1.0\System.Net.NameResolution.dll</ModulePath>
      <ModuleTime>2018-05-15T17:03:36Z</ModuleTime>
      <ModuleName>System.Net.NameResolution</ModuleName>
      <Classes />
    </Module>
    <Module skippedDueTo="Filter" hash="FE-78-53-9B-1A-13-3F-2F-ED-91-53-E1-AA-73-FA-63-EF-04-D3-99">
      <ModulePath>c:\program files\dotnet\shared\Microsoft.NETCore.App\2.1.0\System.Security.Principal.Windows.dll</ModulePath>
      <ModuleTime>2018-05-15T17:03:38Z</ModuleTime>
      <ModuleName>System.Security.Principal.Windows</ModuleName>
      <Classes />
    </Module>
    <Module skippedDueTo="Filter" hash="D3-0C-F6-3D-A6-F7-83-3E-1E-46-C2-F3-6F-5E-E8-35-37-73-4B-30">
      <ModulePath>c:\program files\dotnet\shared\Microsoft.NETCore.App\2.1.0\System.Security.Claims.dll</ModulePath>
      <ModuleTime>2018-05-15T17:03:38Z</ModuleTime>
      <ModuleName>System.Security.Claims</ModuleName>
      <Classes />
    </Module>
    <Module skippedDueTo="Filter" hash="12-B7-51-68-45-5A-41-43-72-AB-32-1D-14-F1-4B-C8-FE-3E-0C-95">
      <ModulePath>c:\program files\dotnet\shared\Microsoft.NETCore.App\2.1.0\System.Security.Principal.dll</ModulePath>
      <ModuleTime>2018-05-15T17:03:38Z</ModuleTime>
      <ModuleName>System.Security.Principal</ModuleName>
      <Classes />
    </Module>
    <Module skippedDueTo="Filter" hash="6D-9D-C3-30-B6-80-47-63-E9-F9-98-B3-86-27-D0-F5-80-75-FE-62">
      <ModulePath>c:\program files\dotnet\shared\Microsoft.NETCore.App\2.1.0\System.Text.Encoding.dll</ModulePath>
      <ModuleTime>2018-05-15T17:03:38Z</ModuleTime>
      <ModuleName>System.Text.Encoding</ModuleName>
      <Classes />
    </Module>
    <Module skippedDueTo="Filter" hash="FE-78-53-9B-1A-13-3F-2F-ED-91-53-E1-AA-73-FA-63-EF-04-D3-99">
      <ModulePath>c:\program files\dotnet\shared\Microsoft.NETCore.App\2.1.0\System.Security.Principal.Windows.dll</ModulePath>
      <ModuleTime>2018-05-15T17:03:38Z</ModuleTime>
      <ModuleName>System.Security.Principal.Windows</ModuleName>
      <Classes />
    </Module>
    <Module skippedDueTo="Filter" hash="D3-0C-F6-3D-A6-F7-83-3E-1E-46-C2-F3-6F-5E-E8-35-37-73-4B-30">
      <ModulePath>c:\program files\dotnet\shared\Microsoft.NETCore.App\2.1.0\System.Security.Claims.dll</ModulePath>
      <ModuleTime>2018-05-15T17:03:38Z</ModuleTime>
      <ModuleName>System.Security.Claims</ModuleName>
      <Classes />
    </Module>
    <Module skippedDueTo="Filter" hash="12-B7-51-68-45-5A-41-43-72-AB-32-1D-14-F1-4B-C8-FE-3E-0C-95">
      <ModulePath>c:\program files\dotnet\shared\Microsoft.NETCore.App\2.1.0\System.Security.Principal.dll</ModulePath>
      <ModuleTime>2018-05-15T17:03:38Z</ModuleTime>
      <ModuleName>System.Security.Principal</ModuleName>
      <Classes />
    </Module>
    <Module skippedDueTo="Filter" hash="E2-DD-41-07-A9-AC-5B-84-49-B7-E1-85-68-3D-69-DC-84-4B-3D-06">
      <ModulePath>c:\program files\dotnet\shared\Microsoft.NETCore.App\2.1.0\System.Dynamic.Runtime.dll</ModulePath>
      <ModuleTime>2018-05-15T17:03:34Z</ModuleTime>
      <ModuleName>System.Dynamic.Runtime</ModuleName>
      <Classes />
    </Module>
    <Module skippedDueTo="Filter" hash="CF-C6-6D-CD-52-19-4F-3F-36-51-5E-56-26-3A-93-A5-02-E2-58-2A">
      <ModulePath>c:\program files\dotnet\shared\Microsoft.NETCore.App\2.1.0\System.Linq.Expressions.dll</ModulePath>
      <ModuleTime>2018-05-15T17:03:36Z</ModuleTime>
      <ModuleName>System.Linq.Expressions</ModuleName>
      <Classes />
    </Module>
    <Module skippedDueTo="Filter" hash="99-33-4D-CD-87-78-88-0E-F6-12-EF-CA-31-D9-97-F4-A8-D8-3D-E1">
      <ModulePath>c:\program files\dotnet\shared\Microsoft.NETCore.App\2.1.0\System.Memory.dll</ModulePath>
      <ModuleTime>2018-05-15T17:03:36Z</ModuleTime>
      <ModuleName>System.Memory</ModuleName>
      <Classes />
    </Module>
    <Module skippedDueTo="Filter" hash="7B-69-F4-1E-A3-58-9E-D6-28-EB-77-F1-9D-13-F7-D8-20-E7-06-CC">
      <ModulePath>c:\program files\dotnet\shared\Microsoft.NETCore.App\2.1.0\System.Xml.XDocument.dll</ModulePath>
      <ModuleTime>2018-05-15T17:03:38Z</ModuleTime>
      <ModuleName>System.Xml.XDocument</ModuleName>
      <Classes />
    </Module>
    <Module skippedDueTo="Filter" hash="21-08-D5-0F-67-C7-B3-A5-F0-0B-F9-E9-57-C9-65-4E-BD-60-05-42">
      <ModulePath>c:\program files\dotnet\shared\Microsoft.NETCore.App\2.1.0\System.Private.Xml.Linq.dll</ModulePath>
      <ModuleTime>2018-05-15T17:03:36Z</ModuleTime>
      <ModuleName>System.Private.Xml.Linq</ModuleName>
      <Classes />
    </Module>
    <Module skippedDueTo="Filter" hash="A7-E9-86-00-CF-78-E5-77-89-9A-59-FD-9F-AE-61-2D-6A-36-CF-91">
      <ModulePath>c:\program files\dotnet\shared\Microsoft.NETCore.App\2.1.0\System.Text.RegularExpressions.dll</ModulePath>
      <ModuleTime>2018-05-15T17:03:38Z</ModuleTime>
      <ModuleName>System.Text.RegularExpressions</ModuleName>
      <Classes />
    </Module>
    <Module skippedDueTo="MissingPdb" hash="">
      <ModulePath>RefEmit_InMemoryManifestModule</ModulePath>
      <ModuleTime>0001-01-01T00:00:00</ModuleTime>
      <ModuleName>Anonymously Hosted DynamicMethods Assembly</ModuleName>
      <Classes />
    </Module>
    <Module skippedDueTo="Filter" hash="9D-16-07-1F-E6-AE-43-F8-08-7D-77-2C-41-30-DA-C0-55-6C-5D-B8">
      <ModulePath>c:\program files\dotnet\shared\Microsoft.NETCore.App\2.1.0\System.Private.Uri.dll</ModulePath>
      <ModuleTime>2018-05-15T17:03:36Z</ModuleTime>
      <ModuleName>System.Private.Uri</ModuleName>
      <Classes />
    </Module>
    <Module skippedDueTo="Filter" hash="1E-3D-7F-D9-96-A2-6B-1F-8A-00-47-08-B1-B4-3D-4B-FC-82-C0-E0">
      <ModulePath>c:\program files\dotnet\shared\Microsoft.NETCore.App\2.1.0\System.Reflection.dll</ModulePath>
      <ModuleTime>2018-05-15T17:03:38Z</ModuleTime>
      <ModuleName>System.Reflection</ModuleName>
      <Classes />
    </Module>
    <Module skippedDueTo="Filter" hash="99-CC-76-16-41-8D-C7-16-82-C9-39-01-13-46-6B-62-39-B8-7E-32">
      <ModulePath>c:\program files\dotnet\shared\Microsoft.NETCore.App\2.1.0\System.Reflection.Extensions.dll</ModulePath>
      <ModuleTime>2018-05-15T17:03:38Z</ModuleTime>
      <ModuleName>System.Reflection.Extensions</ModuleName>
      <Classes />
    </Module>
    <Module skippedDueTo="Filter" hash="9F-99-A9-A6-DD-81-FE-32-D3-9F-D2-E3-AD-B9-5F-98-E3-C3-D3-BD">
      <ModulePath>c:\program files\dotnet\shared\Microsoft.NETCore.App\2.1.0\System.Linq.dll</ModulePath>
      <ModuleTime>2018-05-15T17:03:36Z</ModuleTime>
      <ModuleName>System.Linq</ModuleName>
      <Classes />
    </Module>
    <Module skippedDueTo="Filter" hash="41-ED-E1-98-BB-A2-1A-69-AC-77-E0-4E-8D-36-CF-B1-5A-52-81-B9">
      <ModulePath>c:\program files\dotnet\shared\Microsoft.NETCore.App\2.1.0\System.ObjectModel.dll</ModulePath>
      <ModuleTime>2018-05-15T17:03:36Z</ModuleTime>
      <ModuleName>System.ObjectModel</ModuleName>
      <Classes />
    </Module>
    <Module skippedDueTo="Filter" hash="7B-69-F4-1E-A3-58-9E-D6-28-EB-77-F1-9D-13-F7-D8-20-E7-06-CC">
      <ModulePath>c:\program files\dotnet\shared\Microsoft.NETCore.App\2.1.0\System.Xml.XDocument.dll</ModulePath>
      <ModuleTime>2018-05-15T17:03:38Z</ModuleTime>
      <ModuleName>System.Xml.XDocument</ModuleName>
      <Classes />
    </Module>
    <Module skippedDueTo="Filter" hash="21-08-D5-0F-67-C7-B3-A5-F0-0B-F9-E9-57-C9-65-4E-BD-60-05-42">
      <ModulePath>c:\program files\dotnet\shared\Microsoft.NETCore.App\2.1.0\System.Private.Xml.Linq.dll</ModulePath>
      <ModuleTime>2018-05-15T17:03:36Z</ModuleTime>
      <ModuleName>System.Private.Xml.Linq</ModuleName>
      <Classes />
    </Module>
    <Module skippedDueTo="Filter" hash="59-22-E0-A2-F3-0C-E7-ED-94-CC-53-3D-C8-3A-1A-1E-27-CB-A9-37">
      <ModulePath>c:\program files\dotnet\shared\Microsoft.NETCore.App\2.1.0\System.Private.Xml.dll</ModulePath>
      <ModuleTime>2018-05-15T17:03:36Z</ModuleTime>
      <ModuleName>System.Private.Xml</ModuleName>
      <Classes />
    </Module>
    <Module skippedDueTo="Filter" hash="A7-E9-86-00-CF-78-E5-77-89-9A-59-FD-9F-AE-61-2D-6A-36-CF-91">
      <ModulePath>c:\program files\dotnet\shared\Microsoft.NETCore.App\2.1.0\System.Text.RegularExpressions.dll</ModulePath>
      <ModuleTime>2018-05-15T17:03:38Z</ModuleTime>
      <ModuleName>System.Text.RegularExpressions</ModuleName>
      <Classes />
    </Module>
    <Module skippedDueTo="MissingPdb" hash="">
      <ModulePath>RefEmit_InMemoryManifestModule</ModulePath>
      <ModuleTime>0001-01-01T00:00:00</ModuleTime>
      <ModuleName>Anonymously Hosted DynamicMethods Assembly</ModuleName>
      <Classes />
    </Module>
    <Module skippedDueTo="Filter" hash="67-F3-8D-FF-58-30-5E-3A-00-E2-F7-7A-6C-29-19-0F-81-5F-8A-FB">
      <ModulePath>c:\program files\dotnet\shared\Microsoft.NETCore.App\2.1.0\System.ComponentModel.dll</ModulePath>
      <ModuleTime>2018-05-15T17:03:34Z</ModuleTime>
      <ModuleName>System.ComponentModel</ModuleName>
      <Classes />
    </Module>
    <Module skippedDueTo="Filter" hash="3C-1A-D1-7D-BD-42-C9-7D-FE-CD-90-2F-00-88-4C-15-52-1E-4E-0F">
      <ModulePath>c:\program files\dotnet\shared\Microsoft.NETCore.App\2.1.0\System.IO.FileSystem.Primitives.dll</ModulePath>
      <ModuleTime>2018-05-15T17:03:34Z</ModuleTime>
      <ModuleName>System.IO.FileSystem.Primitives</ModuleName>
      <Classes />
    </Module>
    <Module skippedDueTo="Filter" hash="25-50-01-7A-06-31-FD-01-25-66-B3-FF-54-A1-13-10-BF-28-EA-43">
      <ModulePath>c:\program files\dotnet\shared\Microsoft.NETCore.App\2.1.0\System.IO.FileSystem.dll</ModulePath>
      <ModuleTime>2018-05-15T17:03:34Z</ModuleTime>
      <ModuleName>System.IO.FileSystem</ModuleName>
      <Classes />
    </Module>
    <Module skippedDueTo="Filter" hash="40-85-75-1E-6D-24-67-1C-AF-4E-3B-D9-80-9C-3F-AB-6D-60-D4-C0">
      <ModulePath>c:\program files\dotnet\shared\Microsoft.NETCore.App\2.1.0\System.Runtime.Loader.dll</ModulePath>
      <ModuleTime>2018-05-15T17:03:38Z</ModuleTime>
      <ModuleName>System.Runtime.Loader</ModuleName>
      <Classes />
    </Module>
    <Module skippedDueTo="MissingPdb" hash="16-7C-D1-8D-0E-08-82-D2-50-9C-9A-FF-7A-6F-C1-DB-D3-21-8A-72">
      <ModulePath>C:\dev\github\nstep\TheFlow\test\TheFlow.Tests\bin\Debug\netcoreapp2.1\xunit.runner.visualstudio.dotnetcore.testadapter.dll</ModulePath>
      <ModuleTime>2018-07-17T07:18:28Z</ModuleTime>
      <ModuleName>xunit.runner.visualstudio.dotnetcore.testadapter</ModuleName>
      <Classes />
    </Module>
    <Module skippedDueTo="MissingPdb" hash="03-90-7D-D6-F3-9A-52-CB-AC-66-41-C2-BE-CB-A9-38-71-51-62-72">
      <ModulePath>C:\Users\elema\.nuget\packages\xunit.abstractions\2.0.2\lib\netstandard2.0\xunit.abstractions.dll</ModulePath>
      <ModuleTime>2018-07-17T08:12:02Z</ModuleTime>
      <ModuleName>xunit.abstractions</ModuleName>
      <Classes />
    </Module>
    <Module skippedDueTo="MissingPdb" hash="82-ED-C3-B0-5E-C6-9B-85-72-24-E7-42-6A-1F-D3-7A-92-31-88-3E">
      <ModulePath>C:\dev\github\nstep\TheFlow\test\TheFlow.Tests\bin\Debug\netcoreapp2.1\xunit.runner.utility.netcoreapp10.dll</ModulePath>
      <ModuleTime>2018-07-17T07:18:28Z</ModuleTime>
      <ModuleName>xunit.runner.utility.netcoreapp10</ModuleName>
      <Classes />
    </Module>
    <Module skippedDueTo="Filter" hash="5E-40-03-20-BE-51-A5-B8-5B-25-4F-F1-25-17-FA-A8-F7-D6-1D-75">
      <ModulePath>c:\program files\dotnet\shared\Microsoft.NETCore.App\2.1.0\System.Xml.ReaderWriter.dll</ModulePath>
      <ModuleTime>2018-05-15T17:03:38Z</ModuleTime>
      <ModuleName>System.Xml.ReaderWriter</ModuleName>
      <Classes />
    </Module>
    <Module skippedDueTo="Filter" hash="6C-10-44-7E-EF-B7-6F-EF-94-1C-16-FA-4B-F1-3F-1A-2E-B7-36-36">
      <ModulePath>c:\program files\dotnet\shared\Microsoft.NETCore.App\2.1.0\System.Security.Cryptography.Algorithms.dll</ModulePath>
      <ModuleTime>2018-05-15T17:03:38Z</ModuleTime>
      <ModuleName>System.Security.Cryptography.Algorithms</ModuleName>
      <Classes />
    </Module>
    <Module skippedDueTo="Filter" hash="83-47-75-52-B4-4C-F0-7A-DA-4F-28-C8-7A-7F-40-D2-DB-8A-36-84">
      <ModulePath>c:\program files\dotnet\shared\Microsoft.NETCore.App\2.1.0\System.Threading.Timer.dll</ModulePath>
      <ModuleTime>2018-05-15T17:03:38Z</ModuleTime>
      <ModuleName>System.Threading.Timer</ModuleName>
      <Classes />
    </Module>
    <Module skippedDueTo="Filter" hash="41-61-2A-DD-55-32-A7-88-1C-A9-36-A4-27-45-56-E6-D1-E6-71-37">
      <ModulePath>c:\program files\dotnet\shared\Microsoft.NETCore.App\2.1.0\System.Xml.XmlDocument.dll</ModulePath>
      <ModuleTime>2018-05-15T17:03:38Z</ModuleTime>
      <ModuleName>System.Xml.XmlDocument</ModuleName>
      <Classes />
    </Module>
    <Module skippedDueTo="Filter" hash="B1-14-2E-2B-2D-74-A8-39-95-C9-CD-C4-2D-7C-86-6D-97-7E-30-39">
      <ModulePath>c:\program files\dotnet\shared\Microsoft.NETCore.App\2.1.0\System.Resources.ResourceManager.dll</ModulePath>
      <ModuleTime>2018-05-15T17:03:38Z</ModuleTime>
      <ModuleName>System.Resources.ResourceManager</ModuleName>
      <Classes />
    </Module>
    <Module skippedDueTo="MissingPdb" hash="23-34-6E-3D-1E-3A-21-49-2A-90-49-FB-8A-6F-91-4E-B4-60-6C-2E">
      <ModulePath>C:\Users\elema\.nuget\packages\microsoft.testplatform.testhost\15.3.0-preview-20170628-02\lib\netstandard1.5\pt-BR\Microsoft.VisualStudio.TestPlatform.Common.resources.dll</ModulePath>
      <ModuleTime>2017-06-28T07:51:48Z</ModuleTime>
      <ModuleName>Microsoft.VisualStudio.TestPlatform.Common.resources</ModuleName>
      <Classes />
    </Module>
    <Module skippedDueTo="Filter" hash="BD-CE-88-18-22-8A-25-85-EF-42-FE-24-18-B9-4F-9D-F6-47-F0-A9">
      <ModulePath>c:\program files\dotnet\shared\Microsoft.NETCore.App\2.1.0\System.Runtime.InteropServices.RuntimeInformation.dll</ModulePath>
      <ModuleTime>2018-05-15T17:03:38Z</ModuleTime>
      <ModuleName>System.Runtime.InteropServices.RuntimeInformation</ModuleName>
      <Classes />
    </Module>
    <Module skippedDueTo="Filter" hash="4B-C9-61-40-58-3E-0C-63-D9-7B-DD-60-9F-00-0F-85-73-7E-F7-06">
      <ModulePath>c:\program files\dotnet\shared\Microsoft.NETCore.App\2.1.0\System.Text.Encoding.Extensions.dll</ModulePath>
      <ModuleTime>2018-05-15T17:03:38Z</ModuleTime>
      <ModuleName>System.Text.Encoding.Extensions</ModuleName>
      <Classes />
    </Module>
    <Module skippedDueTo="Filter" hash="FB-2A-22-7D-6B-48-6C-07-93-20-FE-9E-D2-85-0C-2E-DA-B6-18-C7">
      <ModulePath>c:\program files\dotnet\shared\Microsoft.NETCore.App\2.1.0\System.Console.dll</ModulePath>
      <ModuleTime>2018-05-15T17:03:34Z</ModuleTime>
      <ModuleName>System.Console</ModuleName>
      <Classes />
    </Module>
    <Module skippedDueTo="Filter" hash="AE-68-82-F2-C5-D2-6B-96-09-C2-97-18-05-09-35-66-CE-14-B6-EC">
      <ModulePath>c:\program files\dotnet\shared\Microsoft.NETCore.App\2.1.0\System.AppContext.dll</ModulePath>
      <ModuleTime>2018-05-15T17:03:32Z</ModuleTime>
      <ModuleName>System.AppContext</ModuleName>
      <Classes />
    </Module>
    <Module skippedDueTo="Filter" hash="6D-9D-C3-30-B6-80-47-63-E9-F9-98-B3-86-27-D0-F5-80-75-FE-62">
      <ModulePath>c:\program files\dotnet\shared\Microsoft.NETCore.App\2.1.0\System.Text.Encoding.dll</ModulePath>
      <ModuleTime>2018-05-15T17:03:38Z</ModuleTime>
      <ModuleName>System.Text.Encoding</ModuleName>
      <Classes />
    </Module>
    <Module skippedDueTo="Filter" hash="0A-4E-6E-9A-77-64-F6-77-BF-DB-19-83-60-08-67-E6-59-D4-B5-89">
      <ModulePath>c:\program files\dotnet\shared\Microsoft.NETCore.App\2.1.0\System.Buffers.dll</ModulePath>
      <ModuleTime>2018-05-15T17:03:34Z</ModuleTime>
      <ModuleName>System.Buffers</ModuleName>
      <Classes />
    </Module>
    <Module skippedDueTo="Filter" hash="2E-00-4D-CF-EF-CA-82-D1-00-7B-58-F1-8E-9F-7E-D8-BB-D2-17-DE">
      <ModulePath>C:\dev\github\nstep\TheFlow\test\TheFlow.Tests\bin\Debug\netcoreapp2.1\TheFlow.Tests.dll</ModulePath>
      <ModuleTime>2018-07-17T12:18:12.0489059Z</ModuleTime>
      <ModuleName>TheFlow.Tests</ModuleName>
      <Classes />
    </Module>
    <Module skippedDueTo="MissingPdb" hash="BA-73-F9-D6-71-24-75-EB-2B-B9-4A-10-05-8A-88-F4-34-28-7E-60">
      <ModulePath>C:\Users\elema\.nuget\packages\fluentassertions\5.4.1\lib\netcoreapp2.0\FluentAssertions.dll</ModulePath>
      <ModuleTime>2018-06-20T08:44:18Z</ModuleTime>
      <ModuleName>FluentAssertions</ModuleName>
      <Classes />
    </Module>
    <Module skippedDueTo="Filter" hash="CB-12-65-F6-90-16-FC-23-6A-26-15-3E-1B-83-6E-7F-57-AF-33-D3">
      <ModulePath>c:\program files\dotnet\shared\Microsoft.NETCore.App\2.1.0\System.Runtime.Serialization.Formatters.dll</ModulePath>
      <ModuleTime>2018-05-15T17:03:38Z</ModuleTime>
      <ModuleName>System.Runtime.Serialization.Formatters</ModuleName>
      <Classes />
    </Module>
    <Module skippedDueTo="MissingPdb" hash="CE-DE-41-19-46-39-46-57-53-55-0A-DE-CB-EC-F3-2E-85-E5-82-C7">
      <ModulePath>C:\Users\elema\.nuget\packages\microsoft.dotnet.platformabstractions\1.0.3\lib\netstandard1.3\Microsoft.DotNet.PlatformAbstractions.dll</ModulePath>
      <ModuleTime>2016-08-31T23:42:00Z</ModuleTime>
      <ModuleName>Microsoft.DotNet.PlatformAbstractions</ModuleName>
      <Classes />
    </Module>
    <Module skippedDueTo="MissingPdb" hash="AD-F4-E8-C8-1C-96-4D-0A-F9-9F-41-07-6C-CD-AA-E8-64-89-6B-E8">
      <ModulePath>C:\Program Files\dotnet\sdk\NuGetFallbackFolder\microsoft.extensions.dependencyinjection\2.1.0\lib\netcoreapp2.0\Microsoft.Extensions.DependencyInjection.dll</ModulePath>
      <ModuleTime>2018-06-13T14:34:44.4138568Z</ModuleTime>
      <ModuleName>Microsoft.Extensions.DependencyInjection</ModuleName>
      <Classes />
    </Module>
    <Module skippedDueTo="MissingPdb" hash="5E-46-B9-38-63-9A-28-65-1B-D4-DE-8E-DA-43-8C-CC-5A-21-2E-1C">
      <ModulePath>C:\Program Files\dotnet\sdk\NuGetFallbackFolder\microsoft.extensions.dependencyinjection.abstractions\2.1.0\lib\netstandard2.0\Microsoft.Extensions.DependencyInjection.Abstractions.dll</ModulePath>
      <ModuleTime>2018-06-13T14:34:44.6058556Z</ModuleTime>
      <ModuleName>Microsoft.Extensions.DependencyInjection.Abstractions</ModuleName>
      <Classes />
    </Module>
    <Module skippedDueTo="MissingPdb" hash="CE-9A-28-50-C8-7A-CB-EA-AB-DB-66-61-78-38-6D-69-39-93-C5-40">
      <ModulePath>c:\program files\dotnet\shared\Microsoft.NETCore.App\2.1.0\netstandard.dll</ModulePath>
      <ModuleTime>2018-05-15T17:03:40Z</ModuleTime>
      <ModuleName>netstandard</ModuleName>
      <Classes />
    </Module>
    <Module skippedDueTo="Filter" hash="67-F3-8D-FF-58-30-5E-3A-00-E2-F7-7A-6C-29-19-0F-81-5F-8A-FB">
      <ModulePath>c:\program files\dotnet\shared\Microsoft.NETCore.App\2.1.0\System.ComponentModel.dll</ModulePath>
      <ModuleTime>2018-05-15T17:03:34Z</ModuleTime>
      <ModuleName>System.ComponentModel</ModuleName>
      <Classes />
    </Module>
    <Module skippedDueTo="MissingPdb" hash="8E-A6-B6-61-04-AF-F0-50-EC-AF-5B-E4-89-CA-EE-17-79-87-F5-6B">
      <ModulePath>C:\Users\elema\.nuget\packages\microsoft.extensions.dependencymodel\1.0.3\lib\netstandard1.6\Microsoft.Extensions.DependencyModel.dll</ModulePath>
      <ModuleTime>2016-09-01T00:42:00Z</ModuleTime>
      <ModuleName>Microsoft.Extensions.DependencyModel</ModuleName>
      <Classes />
    </Module>
    <Module skippedDueTo="Filter" hash="C4-9F-56-AF-DD-4A-1F-45-A6-30-95-31-45-47-27-4B-F1-AF-AD-84">
      <ModulePath>c:\program files\dotnet\shared\Microsoft.NETCore.App\2.1.0\System.Diagnostics.TextWriterTraceListener.dll</ModulePath>
      <ModuleTime>2018-05-15T17:03:34Z</ModuleTime>
      <ModuleName>System.Diagnostics.TextWriterTraceListener</ModuleName>
      <Classes />
    </Module>
    <Module skippedDueTo="Filter" hash="36-90-87-48-D3-07-71-2D-B3-BF-60-71-4E-1B-2B-3A-D5-07-B5-38">
      <ModulePath>c:\program files\dotnet\shared\Microsoft.NETCore.App\2.1.0\System.ComponentModel.TypeConverter.dll</ModulePath>
      <ModuleTime>2018-05-15T17:03:34Z</ModuleTime>
      <ModuleName>System.ComponentModel.TypeConverter</ModuleName>
      <Classes />
    </Module>
    <Module skippedDueTo="Filter" hash="F8-E8-00-8C-75-F2-2A-E0-95-84-88-B3-19-50-11-EE-B1-2B-9E-4A">
      <ModulePath>c:\program files\dotnet\shared\Microsoft.NETCore.App\2.1.0\System.ComponentModel.EventBasedAsync.dll</ModulePath>
      <ModuleTime>2018-05-15T17:03:34Z</ModuleTime>
      <ModuleName>System.ComponentModel.EventBasedAsync</ModuleName>
      <Classes />
    </Module>
    <Module skippedDueTo="Filter" hash="92-64-C7-91-A8-E6-70-99-24-F1-6D-0B-92-1C-D9-C9-45-A4-14-03">
      <ModulePath>C:\Users\elema\.nuget\packages\system.configuration.configurationmanager\4.4.0\lib\netstandard2.0\System.Configuration.ConfigurationManager.dll</ModulePath>
      <ModuleTime>2017-07-19T13:01:30Z</ModuleTime>
      <ModuleName>System.Configuration.ConfigurationManager</ModuleName>
      <Classes />
    </Module>
    <Module skippedDueTo="Filter" hash="98-35-4F-CF-8F-1C-F6-32-E5-E7-06-4D-50-67-7B-43-FB-06-A0-13">
      <ModulePath>c:\program files\dotnet\shared\Microsoft.NETCore.App\2.1.0\System.Collections.Specialized.dll</ModulePath>
      <ModuleTime>2018-05-15T17:03:34Z</ModuleTime>
      <ModuleName>System.Collections.Specialized</ModuleName>
      <Classes />
    </Module>
    <Module skippedDueTo="Filter" hash="AC-86-75-F9-1A-48-79-04-2E-D6-60-C1-D8-00-05-81-85-55-2A-57">
      <ModulePath>C:\Users\elema\.nuget\packages\system.security.cryptography.protecteddata\4.4.0\runtimes\win\lib\netstandard2.0\System.Security.Cryptography.ProtectedData.dll</ModulePath>
      <ModuleTime>2017-07-19T13:01:34Z</ModuleTime>
      <ModuleName>System.Security.Cryptography.ProtectedData</ModuleName>
      <Classes />
    </Module>
    <Module skippedDueTo="Filter" hash="53-54-24-5E-85-2F-DC-31-01-9F-64-96-C1-B7-CA-E0-56-B4-71-FF">
      <ModulePath>C:\Users\elema\.nuget\packages\system.xml.xpath.xmldocument\4.0.1\lib\netstandard1.3\System.Xml.XPath.XmlDocument.dll</ModulePath>
      <ModuleTime>2016-06-12T02:15:02Z</ModuleTime>
      <ModuleName>System.Xml.XPath.XmlDocument</ModuleName>
      <Classes />
    </Module>
    <Module skippedDueTo="Filter" hash="29-E2-66-05-A8-7C-57-34-86-04-0F-E6-83-21-00-EB-47-99-CD-C6">
      <ModulePath>c:\program files\dotnet\shared\Microsoft.NETCore.App\2.1.0\System.Xml.XPath.dll</ModulePath>
      <ModuleTime>2018-05-15T17:03:38Z</ModuleTime>
      <ModuleName>System.Xml.XPath</ModuleName>
      <Classes />
    </Module>
    <Module skippedDueTo="MissingPdb" hash="6F-1E-C0-64-D4-D8-C7-9F-A3-94-69-2F-09-2F-4C-25-9C-B8-F7-31">
      <ModulePath>C:\Users\elema\.nuget\packages\xunit.assert\2.4.0\lib\netstandard2.0\xunit.assert.dll</ModulePath>
      <ModuleTime>2018-07-17T07:17:58Z</ModuleTime>
      <ModuleName>xunit.assert</ModuleName>
      <Classes />
    </Module>
    <Module skippedDueTo="MissingPdb" hash="BF-D9-CC-4F-BB-09-8D-F5-5B-B9-3F-B8-96-3C-17-30-89-19-CF-18">
      <ModulePath>C:\Users\elema\.nuget\packages\xunit.extensibility.core\2.4.0\lib\netstandard2.0\xunit.core.dll</ModulePath>
      <ModuleTime>2018-07-17T07:18:04Z</ModuleTime>
      <ModuleName>xunit.core</ModuleName>
      <Classes />
    </Module>
    <Module skippedDueTo="MissingPdb" hash="3C-31-FA-E1-40-F7-A6-2D-4F-3E-87-EA-D2-43-26-1A-D4-D2-F7-ED">
      <ModulePath>C:\Users\elema\.nuget\packages\xunit.extensibility.execution\2.4.0\lib\netstandard2.0\xunit.execution.dotnet.dll</ModulePath>
      <ModuleTime>2018-07-17T07:18:08Z</ModuleTime>
      <ModuleName>xunit.execution.dotnet</ModuleName>
      <Classes />
    </Module>
    <Module hash="F4-F1-30-35-E8-BD-E9-E2-DA-36-17-2C-61-20-75-54-0C-EB-BA-87">
      <Summary numSequencePoints="476" visitedSequencePoints="353" numBranchPoints="257" visitedBranchPoints="177" sequenceCoverage="74.16" branchCoverage="68.87" maxCyclomaticComplexity="10" minCyclomaticComplexity="1" visitedClasses="34" numClasses="39" visitedMethods="135" numMethods="177" />
      <ModulePath>C:\dev\github\nstep\TheFlow\test\TheFlow.Tests\bin\Debug\netcoreapp2.1\TheFlow.dll</ModulePath>
      <ModuleTime>2018-07-17T12:18:10.5922506Z</ModuleTime>
      <ModuleName>TheFlow</ModuleName>
      <Files>
        <File uid="1" fullPath="C:\dev\github\nstep\TheFlow\src\TheFlow\Infrastructure\Extensions.cs" />
        <File uid="2" fullPath="C:\dev\github\nstep\TheFlow\src\TheFlow\ProcessManager.cs" />
        <File uid="5" fullPath="C:\dev\github\nstep\TheFlow\src\TheFlow\Infrastructure\InMemoryServiceProvider.cs" />
        <File uid="6" fullPath="C:\dev\github\nstep\TheFlow\src\TheFlow\Infrastructure\Stores\InMemoryProcessInstancesStore.cs" />
        <File uid="9" fullPath="C:\dev\github\nstep\TheFlow\src\TheFlow\Infrastructure\Stores\InMemoryProcessModelsStore.cs" />
        <File uid="10" fullPath="C:\dev\github\nstep\TheFlow\src\TheFlow\Elements\NamedProcessElement.cs" />
        <File uid="11" fullPath="C:\dev\github\nstep\TheFlow\src\TheFlow\Elements\ProcessElement.cs" />
        <File uid="12" fullPath="C:\dev\github\nstep\TheFlow\src\TheFlow\Elements\UnnamedProcessElement.cs" />
        <File uid="13" fullPath="C:\dev\github\nstep\TheFlow\src\TheFlow\Elements\Events\CatchAnyEventCatcher.cs" />
        <File uid="15" fullPath="C:\dev\github\nstep\TheFlow\src\TheFlow\Elements\Events\SilentEventThrower.cs" />
        <File uid="16" fullPath="C:\dev\github\nstep\TheFlow\src\TheFlow\Elements\Events\TypedEventCatcher.cs" />
        <File uid="17" fullPath="C:\dev\github\nstep\TheFlow\src\TheFlow\Elements\Data\DataAssociation.cs" />
        <File uid="18" fullPath="C:\dev\github\nstep\TheFlow\src\TheFlow\Elements\Data\DataInput.cs" />
        <File uid="19" fullPath="C:\dev\github\nstep\TheFlow\src\TheFlow\Elements\Data\DataOutput.cs" />
        <File uid="21" fullPath="C:\dev\github\nstep\TheFlow\src\TheFlow\Elements\Data\SimpleDataElementFactory.cs" />
        <File uid="22" fullPath="C:\dev\github\nstep\TheFlow\src\TheFlow\Elements\Connections\SequenceFlow.cs" />
        <File uid="23" fullPath="C:\dev\github\nstep\TheFlow\src\TheFlow\Elements\Activities\LambdaActivity.cs" />
        <File uid="25" fullPath="C:\dev\github\nstep\TheFlow\src\TheFlow\CoreConcepts\HandleResult.cs" />
        <File uid="26" fullPath="C:\dev\github\nstep\TheFlow\src\TheFlow\CoreConcepts\HistoryItem.cs" />
        <File uid="27" fullPath="C:\dev\github\nstep\TheFlow\src\TheFlow\CoreConcepts\ProcessInstance.cs" />
        <File uid="30" fullPath="C:\dev\github\nstep\TheFlow\src\TheFlow\CoreConcepts\ProcessModel.cs" />
        <File uid="37" fullPath="C:\dev\github\nstep\TheFlow\src\TheFlow\CoreConcepts\Token.cs" />
      </Files>
      <Classes>
        <Class>
          <Summary numSequencePoints="0" visitedSequencePoints="0" numBranchPoints="0" visitedBranchPoints="0" sequenceCoverage="0" branchCoverage="0" maxCyclomaticComplexity="0" minCyclomaticComplexity="0" visitedClasses="0" numClasses="0" visitedMethods="0" numMethods="0" />
          <FullName>&lt;Module&gt;</FullName>
          <Methods />
        </Class>
        <Class>
          <Summary numSequencePoints="1" visitedSequencePoints="1" numBranchPoints="1" visitedBranchPoints="1" sequenceCoverage="100" branchCoverage="100" maxCyclomaticComplexity="1" minCyclomaticComplexity="1" visitedClasses="1" numClasses="1" visitedMethods="1" numMethods="1" />
          <FullName>TheFlow.Extensions</FullName>
          <Methods>
            <Method visited="true" cyclomaticComplexity="1" nPathComplexity="0" sequenceCoverage="100" branchCoverage="100" isConstructor="false" isStatic="true" isGetter="false" isSetter="false">
              <Summary numSequencePoints="1" visitedSequencePoints="1" numBranchPoints="1" visitedBranchPoints="1" sequenceCoverage="100" branchCoverage="100" maxCyclomaticComplexity="1" minCyclomaticComplexity="1" visitedClasses="0" numClasses="0" visitedMethods="1" numMethods="1" />
              <MetadataToken>100663298</MetadataToken>
              <Name>T TheFlow.Extensions::GetService(System.IServiceProvider)</Name>
              <FileRef uid="1" />
              <SequencePoints>
                <SequencePoint vc="16" uspid="1" ordinal="0" offset="0" sl="10" sc="13" el="10" ec="40" bec="0" bev="0" fileid="1" />
              </SequencePoints>
              <BranchPoints />
              <MethodPoint xsi:type="SequencePoint" vc="16" uspid="1" ordinal="0" offset="0" sl="10" sc="13" el="10" ec="40" bec="0" bev="0" fileid="1" />
            </Method>
          </Methods>
        </Class>
        <Class>
          <Summary numSequencePoints="58" visitedSequencePoints="34" numBranchPoints="24" visitedBranchPoints="10" sequenceCoverage="58.62" branchCoverage="41.67" maxCyclomaticComplexity="5" minCyclomaticComplexity="1" visitedClasses="1" numClasses="1" visitedMethods="6" numMethods="8" />
          <FullName>TheFlow.ProcessManager</FullName>
          <Methods>
            <Method visited="true" cyclomaticComplexity="1" nPathComplexity="0" sequenceCoverage="100" branchCoverage="100" isConstructor="false" isStatic="false" isGetter="true" isSetter="false">
              <Summary numSequencePoints="1" visitedSequencePoints="1" numBranchPoints="1" visitedBranchPoints="1" sequenceCoverage="100" branchCoverage="100" maxCyclomaticComplexity="1" minCyclomaticComplexity="1" visitedClasses="0" numClasses="0" visitedMethods="1" numMethods="1" />
              <MetadataToken>100663305</MetadataToken>
              <Name>TheFlow.Infrastructure.Stores.IProcessModelsStore TheFlow.ProcessManager::get_ModelsStore()</Name>
              <FileRef uid="2" />
              <SequencePoints>
                <SequencePoint vc="4" uspid="2" ordinal="0" offset="0" sl="12" sc="50" el="12" ec="54" bec="0" bev="0" fileid="2" />
              </SequencePoints>
              <BranchPoints />
              <MethodPoint xsi:type="SequencePoint" vc="4" uspid="2" ordinal="0" offset="0" sl="12" sc="50" el="12" ec="54" bec="0" bev="0" fileid="2" />
            </Method>
            <Method visited="true" cyclomaticComplexity="1" nPathComplexity="0" sequenceCoverage="100" branchCoverage="100" isConstructor="false" isStatic="false" isGetter="true" isSetter="false">
              <Summary numSequencePoints="1" visitedSequencePoints="1" numBranchPoints="1" visitedBranchPoints="1" sequenceCoverage="100" branchCoverage="100" maxCyclomaticComplexity="1" minCyclomaticComplexity="1" visitedClasses="0" numClasses="0" visitedMethods="1" numMethods="1" />
              <MetadataToken>100663306</MetadataToken>
              <Name>TheFlow.Infrastructure.Stores.IProcessInstancesStore TheFlow.ProcessManager::get_InstancesStore()</Name>
              <FileRef uid="2" />
              <SequencePoints>
                <SequencePoint vc="8" uspid="3" ordinal="0" offset="0" sl="13" sc="56" el="13" ec="60" bec="0" bev="0" fileid="2" />
              </SequencePoints>
              <BranchPoints />
              <MethodPoint xsi:type="SequencePoint" vc="8" uspid="3" ordinal="0" offset="0" sl="13" sc="56" el="13" ec="60" bec="0" bev="0" fileid="2" />
            </Method>
            <Method visited="true" cyclomaticComplexity="1" nPathComplexity="0" sequenceCoverage="100" branchCoverage="100" isConstructor="true" isStatic="false" isGetter="false" isSetter="false">
              <Summary numSequencePoints="5" visitedSequencePoints="5" numBranchPoints="1" visitedBranchPoints="1" sequenceCoverage="100" branchCoverage="100" maxCyclomaticComplexity="1" minCyclomaticComplexity="1" visitedClasses="0" numClasses="0" visitedMethods="1" numMethods="1" />
              <MetadataToken>100663307</MetadataToken>
              <Name>System.Void TheFlow.ProcessManager::.ctor(TheFlow.Infrastructure.Stores.IProcessModelsStore,TheFlow.Infrastructure.Stores.IProcessInstancesStore)</Name>
              <FileRef uid="2" />
              <SequencePoints>
                <SequencePoint vc="2" uspid="4" ordinal="0" offset="0" sl="15" sc="9" el="18" ec="14" bec="0" bev="0" fileid="2" />
                <SequencePoint vc="2" uspid="5" ordinal="1" offset="7" sl="19" sc="9" el="19" ec="10" bec="0" bev="0" fileid="2" />
                <SequencePoint vc="2" uspid="6" ordinal="2" offset="8" sl="20" sc="13" el="20" ec="39" bec="0" bev="0" fileid="2" />
                <SequencePoint vc="2" uspid="7" ordinal="3" offset="15" sl="21" sc="13" el="21" ec="45" bec="0" bev="0" fileid="2" />
                <SequencePoint vc="2" uspid="8" ordinal="4" offset="22" sl="22" sc="9" el="22" ec="10" bec="0" bev="0" fileid="2" />
              </SequencePoints>
              <BranchPoints />
              <MethodPoint xsi:type="SequencePoint" vc="2" uspid="4" ordinal="0" offset="0" sl="15" sc="9" el="18" ec="14" bec="0" bev="0" fileid="2" />
            </Method>
            <Method visited="true" cyclomaticComplexity="4" nPathComplexity="0" sequenceCoverage="100" branchCoverage="100" isConstructor="false" isStatic="false" isGetter="false" isSetter="false">
              <Summary numSequencePoints="15" visitedSequencePoints="15" numBranchPoints="1" visitedBranchPoints="1" sequenceCoverage="100" branchCoverage="100" maxCyclomaticComplexity="4" minCyclomaticComplexity="4" visitedClasses="0" numClasses="0" visitedMethods="1" numMethods="1" />
              <MetadataToken>100663308</MetadataToken>
              <Name>System.Collections.Generic.IEnumerable`1&lt;TheFlow.CoreConcepts.HandleResult&gt; TheFlow.ProcessManager::HandleEvent(System.Object)</Name>
              <FileRef uid="2" />
              <SequencePoints>
                <SequencePoint vc="3" uspid="9" ordinal="0" offset="13" sl="25" sc="9" el="25" ec="10" bec="0" bev="0" fileid="2" />
                <SequencePoint vc="3" uspid="10" ordinal="1" offset="14" sl="26" sc="13" el="27" ec="56" bec="0" bev="0" fileid="2" />
                <SequencePoint vc="3" uspid="11" ordinal="2" offset="43" sl="29" sc="13" el="29" ec="51" bec="0" bev="0" fileid="2" />
                <SequencePoint vc="3" uspid="12" ordinal="3" offset="49" sl="31" sc="13" el="31" ec="20" bec="0" bev="0" fileid="2" />
                <SequencePoint vc="3" uspid="13" ordinal="4" offset="50" sl="31" sc="35" el="31" ec="41" bec="0" bev="0" fileid="2" />
                <SequencePoint vc="2" uspid="14" ordinal="5" offset="62" sl="31" sc="22" el="31" ec="31" bec="0" bev="0" fileid="2" />
                <SequencePoint vc="2" uspid="15" ordinal="6" offset="70" sl="32" sc="13" el="32" ec="14" bec="0" bev="0" fileid="2" />
                <SequencePoint vc="2" uspid="16" ordinal="7" offset="71" sl="33" sc="17" el="33" ec="77" bec="0" bev="0" fileid="2" />
                <SequencePoint vc="2" uspid="17" ordinal="8" offset="90" sl="34" sc="17" el="34" ec="61" bec="0" bev="0" fileid="2" />
                <SequencePoint vc="2" uspid="18" ordinal="9" offset="107" sl="36" sc="17" el="40" ec="24" bec="0" bev="0" fileid="2" />
                <SequencePoint vc="2" uspid="19" ordinal="10" offset="186" sl="43" sc="17" el="43" ec="48" bec="0" bev="0" fileid="2" />
                <SequencePoint vc="2" uspid="20" ordinal="11" offset="200" sl="44" sc="13" el="44" ec="14" bec="0" bev="0" fileid="2" />
                <SequencePoint vc="5" uspid="21" ordinal="12" offset="201" sl="31" sc="32" el="31" ec="34" bec="0" bev="0" fileid="2" />
                <SequencePoint vc="3" uspid="22" ordinal="13" offset="225" sl="45" sc="13" el="45" ec="27" bec="0" bev="0" fileid="2" />
                <SequencePoint vc="3" uspid="23" ordinal="14" offset="230" sl="46" sc="9" el="46" ec="10" bec="0" bev="0" fileid="2" />
              </SequencePoints>
              <BranchPoints />
              <MethodPoint vc="3" uspid="28" ordinal="0" offset="0" />
            </Method>
            <Method visited="true" cyclomaticComplexity="4" nPathComplexity="4" sequenceCoverage="69.23" branchCoverage="60" isConstructor="false" isStatic="false" isGetter="false" isSetter="false">
              <Summary numSequencePoints="13" visitedSequencePoints="9" numBranchPoints="5" visitedBranchPoints="3" sequenceCoverage="69.23" branchCoverage="60" maxCyclomaticComplexity="4" minCyclomaticComplexity="4" visitedClasses="0" numClasses="0" visitedMethods="1" numMethods="1" />
              <MetadataToken>100663309</MetadataToken>
              <Name>TheFlow.CoreConcepts.HandleResult TheFlow.ProcessManager::HandleEvent(System.Guid,System.Guid,System.Object)</Name>
              <FileRef uid="2" />
              <SequencePoints>
                <SequencePoint vc="1" uspid="29" ordinal="0" offset="0" sl="53" sc="9" el="53" ec="10" bec="0" bev="0" fileid="2" />
                <SequencePoint vc="1" uspid="30" ordinal="1" offset="1" sl="54" sc="13" el="54" ec="70" bec="0" bev="0" fileid="2" />
                <SequencePoint vc="1" uspid="31" ordinal="2" offset="14" sl="55" sc="13" el="55" ec="34" bec="2" bev="1" fileid="2" />
                <SequencePoint vc="0" uspid="32" ordinal="3" offset="22" sl="56" sc="13" el="56" ec="14" bec="0" bev="0" fileid="2" />
                <SequencePoint vc="0" uspid="33" ordinal="4" offset="23" sl="57" sc="17" el="57" ec="29" bec="0" bev="0" fileid="2" />
                <SequencePoint vc="1" uspid="34" ordinal="5" offset="31" sl="60" sc="13" el="60" ec="82" bec="0" bev="0" fileid="2" />
                <SequencePoint vc="1" uspid="35" ordinal="6" offset="54" sl="61" sc="13" el="61" ec="31" bec="2" bev="1" fileid="2" />
                <SequencePoint vc="0" uspid="36" ordinal="7" offset="64" sl="62" sc="13" el="62" ec="14" bec="0" bev="0" fileid="2" />
                <SequencePoint vc="0" uspid="37" ordinal="8" offset="65" sl="63" sc="17" el="63" ec="90" bec="0" bev="0" fileid="2" />
                <SequencePoint vc="1" uspid="38" ordinal="9" offset="76" sl="66" sc="13" el="66" ec="74" bec="0" bev="0" fileid="2" />
                <SequencePoint vc="1" uspid="39" ordinal="10" offset="86" sl="68" sc="13" el="68" ec="44" bec="0" bev="0" fileid="2" />
                <SequencePoint vc="1" uspid="40" ordinal="11" offset="99" sl="70" sc="13" el="73" ec="60" bec="0" bev="0" fileid="2" />
                <SequencePoint vc="1" uspid="41" ordinal="12" offset="172" sl="74" sc="9" el="74" ec="10" bec="0" bev="0" fileid="2" />
              </SequencePoints>
              <BranchPoints>
                <BranchPoint vc="0" uspid="42" ordinal="0" offset="20" sl="55" path="0" offsetend="22" fileid="2" />
                <BranchPoint vc="1" uspid="43" ordinal="1" offset="20" sl="55" path="1" offsetend="31" fileid="2" />
                <BranchPoint vc="0" uspid="44" ordinal="2" offset="62" sl="61" path="0" offsetend="64" fileid="2" />
                <BranchPoint vc="1" uspid="45" ordinal="3" offset="62" sl="61" path="1" offsetend="76" fileid="2" />
              </BranchPoints>
              <MethodPoint xsi:type="SequencePoint" vc="1" uspid="29" ordinal="0" offset="0" sl="53" sc="9" el="53" ec="10" bec="0" bev="0" fileid="2" />
            </Method>
            <Method visited="true" cyclomaticComplexity="5" nPathComplexity="4" sequenceCoverage="100" branchCoverage="60" isConstructor="false" isStatic="false" isGetter="false" isSetter="false">
              <Summary numSequencePoints="3" visitedSequencePoints="3" numBranchPoints="5" visitedBranchPoints="3" sequenceCoverage="100" branchCoverage="60" maxCyclomaticComplexity="5" minCyclomaticComplexity="5" visitedClasses="0" numClasses="0" visitedMethods="1" numMethods="1" />
              <MetadataToken>100663310</MetadataToken>
              <Name>System.String TheFlow.ProcessManager::GetExecutionPoint(System.Guid,System.Guid)</Name>
              <FileRef uid="2" />
              <SequencePoints>
                <SequencePoint vc="1" uspid="48" ordinal="0" offset="0" sl="80" sc="9" el="80" ec="10" bec="0" bev="0" fileid="2" />
                <SequencePoint vc="1" uspid="49" ordinal="1" offset="1" sl="81" sc="13" el="82" ec="59" bec="4" bev="2" fileid="2" />
                <SequencePoint vc="1" uspid="50" ordinal="2" offset="46" sl="83" sc="9" el="83" ec="10" bec="0" bev="0" fileid="2" />
              </SequencePoints>
              <BranchPoints>
                <BranchPoint vc="0" uspid="51" ordinal="0" offset="14" sl="81" path="0" offsetend="16" fileid="2" />
                <BranchPoint vc="1" uspid="52" ordinal="1" offset="14" sl="81" path="1" offsetend="20" fileid="2" />
                <BranchPoint vc="0" uspid="53" ordinal="2" offset="32" sl="81" path="0" offsetend="34" fileid="2" />
                <BranchPoint vc="1" uspid="54" ordinal="3" offset="32" sl="81" path="1" offsetend="38" fileid="2" />
              </BranchPoints>
              <MethodPoint xsi:type="SequencePoint" vc="1" uspid="48" ordinal="0" offset="0" sl="80" sc="9" el="80" ec="10" bec="0" bev="0" fileid="2" />
            </Method>
            <Method visited="false" cyclomaticComplexity="4" nPathComplexity="4" sequenceCoverage="0" branchCoverage="0" isConstructor="false" isStatic="false" isGetter="false" isSetter="false">
              <Summary numSequencePoints="13" visitedSequencePoints="0" numBranchPoints="5" visitedBranchPoints="0" sequenceCoverage="0" branchCoverage="0" maxCyclomaticComplexity="4" minCyclomaticComplexity="4" visitedClasses="0" numClasses="0" visitedMethods="0" numMethods="1" />
              <MetadataToken>100663311</MetadataToken>
              <Name>TheFlow.CoreConcepts.HandleResult TheFlow.ProcessManager::HandleActivityCompletation(System.Guid,System.Guid,System.Object)</Name>
              <FileRef uid="2" />
              <SequencePoints>
                <SequencePoint vc="0" uspid="55" ordinal="0" offset="0" sl="90" sc="9" el="90" ec="10" bec="0" bev="0" fileid="2" />
                <SequencePoint vc="0" uspid="56" ordinal="1" offset="1" sl="91" sc="13" el="91" ec="70" bec="0" bev="0" fileid="2" />
                <SequencePoint vc="0" uspid="57" ordinal="2" offset="14" sl="92" sc="13" el="92" ec="34" bec="2" bev="0" fileid="2" />
                <SequencePoint vc="0" uspid="58" ordinal="3" offset="22" sl="93" sc="13" el="93" ec="14" bec="0" bev="0" fileid="2" />
                <SequencePoint vc="0" uspid="59" ordinal="4" offset="23" sl="94" sc="17" el="94" ec="29" bec="0" bev="0" fileid="2" />
                <SequencePoint vc="0" uspid="60" ordinal="5" offset="31" sl="97" sc="13" el="97" ec="82" bec="0" bev="0" fileid="2" />
                <SequencePoint vc="0" uspid="61" ordinal="6" offset="54" sl="98" sc="13" el="98" ec="31" bec="2" bev="0" fileid="2" />
                <SequencePoint vc="0" uspid="62" ordinal="7" offset="64" sl="99" sc="13" el="99" ec="14" bec="0" bev="0" fileid="2" />
                <SequencePoint vc="0" uspid="63" ordinal="8" offset="65" sl="100" sc="17" el="100" ec="90" bec="0" bev="0" fileid="2" />
                <SequencePoint vc="0" uspid="64" ordinal="9" offset="76" sl="103" sc="13" el="103" ec="96" bec="0" bev="0" fileid="2" />
                <SequencePoint vc="0" uspid="65" ordinal="10" offset="86" sl="105" sc="13" el="105" ec="44" bec="0" bev="0" fileid="2" />
                <SequencePoint vc="0" uspid="66" ordinal="11" offset="99" sl="107" sc="13" el="111" ec="19" bec="0" bev="0" fileid="2" />
                <SequencePoint vc="0" uspid="67" ordinal="12" offset="172" sl="112" sc="9" el="112" ec="10" bec="0" bev="0" fileid="2" />
              </SequencePoints>
              <BranchPoints>
                <BranchPoint vc="0" uspid="68" ordinal="0" offset="20" sl="92" path="0" offsetend="22" fileid="2" />
                <BranchPoint vc="0" uspid="69" ordinal="1" offset="20" sl="92" path="1" offsetend="31" fileid="2" />
                <BranchPoint vc="0" uspid="70" ordinal="2" offset="62" sl="98" path="0" offsetend="64" fileid="2" />
                <BranchPoint vc="0" uspid="71" ordinal="3" offset="62" sl="98" path="1" offsetend="76" fileid="2" />
              </BranchPoints>
              <MethodPoint xsi:type="SequencePoint" vc="0" uspid="55" ordinal="0" offset="0" sl="90" sc="9" el="90" ec="10" bec="0" bev="0" fileid="2" />
            </Method>
            <Method visited="false" cyclomaticComplexity="3" nPathComplexity="4" sequenceCoverage="0" branchCoverage="0" isConstructor="false" isStatic="false" isGetter="false" isSetter="false">
              <Summary numSequencePoints="7" visitedSequencePoints="0" numBranchPoints="5" visitedBranchPoints="0" sequenceCoverage="0" branchCoverage="0" maxCyclomaticComplexity="3" minCyclomaticComplexity="3" visitedClasses="0" numClasses="0" visitedMethods="0" numMethods="1" />
              <MetadataToken>100663312</MetadataToken>
              <Name>System.Object TheFlow.ProcessManager::GetService(System.Type)</Name>
              <FileRef uid="2" />
              <SequencePoints>
                <SequencePoint vc="0" uspid="74" ordinal="0" offset="0" sl="115" sc="9" el="115" ec="10" bec="0" bev="0" fileid="2" />
                <SequencePoint vc="0" uspid="75" ordinal="1" offset="1" sl="116" sc="13" el="116" ec="62" bec="2" bev="0" fileid="2" />
                <SequencePoint vc="0" uspid="76" ordinal="2" offset="21" sl="117" sc="17" el="117" ec="36" bec="0" bev="0" fileid="2" />
                <SequencePoint vc="0" uspid="77" ordinal="3" offset="30" sl="119" sc="13" el="119" ec="65" bec="2" bev="0" fileid="2" />
                <SequencePoint vc="0" uspid="78" ordinal="4" offset="50" sl="120" sc="17" el="120" ec="39" bec="0" bev="0" fileid="2" />
                <SequencePoint vc="0" uspid="79" ordinal="5" offset="59" sl="122" sc="13" el="122" ec="25" bec="0" bev="0" fileid="2" />
                <SequencePoint vc="0" uspid="80" ordinal="6" offset="63" sl="123" sc="9" el="123" ec="10" bec="0" bev="0" fileid="2" />
              </SequencePoints>
              <BranchPoints>
                <BranchPoint vc="0" uspid="81" ordinal="0" offset="19" sl="116" path="0" offsetend="21" fileid="2" />
                <BranchPoint vc="0" uspid="82" ordinal="1" offset="19" sl="116" path="1" offsetend="30" fileid="2" />
                <BranchPoint vc="0" uspid="83" ordinal="2" offset="48" sl="119" path="0" offsetend="50" fileid="2" />
                <BranchPoint vc="0" uspid="84" ordinal="3" offset="48" sl="119" path="1" offsetend="59" fileid="2" />
              </BranchPoints>
              <MethodPoint xsi:type="SequencePoint" vc="0" uspid="74" ordinal="0" offset="0" sl="115" sc="9" el="115" ec="10" bec="0" bev="0" fileid="2" />
            </Method>
          </Methods>
        </Class>
        <Class>
          <Summary numSequencePoints="1" visitedSequencePoints="1" numBranchPoints="1" visitedBranchPoints="1" sequenceCoverage="100" branchCoverage="100" maxCyclomaticComplexity="1" minCyclomaticComplexity="1" visitedClasses="1" numClasses="1" visitedMethods="1" numMethods="1" />
          <FullName>TheFlow.ProcessManager/&lt;&gt;c__DisplayClass7_0</FullName>
          <Methods>
            <Method visited="true" cyclomaticComplexity="1" nPathComplexity="0" sequenceCoverage="0" branchCoverage="0" isConstructor="true" isStatic="false" isGetter="false" isSetter="false">
              <Summary numSequencePoints="0" visitedSequencePoints="0" numBranchPoints="0" visitedBranchPoints="0" sequenceCoverage="0" branchCoverage="0" maxCyclomaticComplexity="1" minCyclomaticComplexity="1" visitedClasses="0" numClasses="0" visitedMethods="0" numMethods="0" />
              <MetadataToken>100663481</MetadataToken>
              <Name>System.Void TheFlow.ProcessManager/&lt;&gt;c__DisplayClass7_0::.ctor()</Name>
              <SequencePoints />
              <BranchPoints />
              <MethodPoint vc="3" uspid="85" ordinal="0" offset="0" />
            </Method>
            <Method visited="true" cyclomaticComplexity="1" nPathComplexity="0" sequenceCoverage="100" branchCoverage="100" isConstructor="false" isStatic="false" isGetter="false" isSetter="false">
              <Summary numSequencePoints="1" visitedSequencePoints="1" numBranchPoints="1" visitedBranchPoints="1" sequenceCoverage="100" branchCoverage="100" maxCyclomaticComplexity="1" minCyclomaticComplexity="1" visitedClasses="0" numClasses="0" visitedMethods="1" numMethods="1" />
              <MetadataToken>100663482</MetadataToken>
              <Name>System.Boolean TheFlow.ProcessManager/&lt;&gt;c__DisplayClass7_0::&lt;HandleEvent&gt;b__0(TheFlow.CoreConcepts.ProcessModel)</Name>
              <FileRef uid="2" />
              <SequencePoints>
                <SequencePoint vc="3" uspid="86" ordinal="0" offset="0" sl="27" sc="33" el="27" ec="54" bec="0" bev="0" fileid="2" />
              </SequencePoints>
              <BranchPoints />
              <MethodPoint xsi:type="SequencePoint" vc="3" uspid="86" ordinal="0" offset="0" sl="27" sc="33" el="27" ec="54" bec="0" bev="0" fileid="2" />
            </Method>
          </Methods>
        </Class>
        <Class>
          <Summary numSequencePoints="3" visitedSequencePoints="2" numBranchPoints="3" visitedBranchPoints="2" sequenceCoverage="66.67" branchCoverage="66.67" maxCyclomaticComplexity="1" minCyclomaticComplexity="1" visitedClasses="1" numClasses="1" visitedMethods="2" numMethods="3" />
          <FullName>TheFlow.ProcessManager/&lt;&gt;c</FullName>
          <Methods>
            <Method visited="true" cyclomaticComplexity="1" nPathComplexity="0" sequenceCoverage="0" branchCoverage="0" isConstructor="true" isStatic="true" isGetter="false" isSetter="false">
              <Summary numSequencePoints="0" visitedSequencePoints="0" numBranchPoints="0" visitedBranchPoints="0" sequenceCoverage="0" branchCoverage="0" maxCyclomaticComplexity="1" minCyclomaticComplexity="1" visitedClasses="0" numClasses="0" visitedMethods="0" numMethods="0" />
              <MetadataToken>100663483</MetadataToken>
              <Name>System.Void TheFlow.ProcessManager/&lt;&gt;c::.cctor()</Name>
              <SequencePoints />
              <BranchPoints />
              <MethodPoint vc="1" uspid="87" ordinal="0" offset="0" />
            </Method>
            <Method visited="true" cyclomaticComplexity="1" nPathComplexity="0" sequenceCoverage="0" branchCoverage="0" isConstructor="true" isStatic="false" isGetter="false" isSetter="false">
              <Summary numSequencePoints="0" visitedSequencePoints="0" numBranchPoints="0" visitedBranchPoints="0" sequenceCoverage="0" branchCoverage="0" maxCyclomaticComplexity="1" minCyclomaticComplexity="1" visitedClasses="0" numClasses="0" visitedMethods="0" numMethods="0" />
              <MetadataToken>100663484</MetadataToken>
              <Name>System.Void TheFlow.ProcessManager/&lt;&gt;c::.ctor()</Name>
              <SequencePoints />
              <BranchPoints />
              <MethodPoint vc="1" uspid="88" ordinal="0" offset="0" />
            </Method>
            <Method visited="true" cyclomaticComplexity="1" nPathComplexity="0" sequenceCoverage="100" branchCoverage="100" isConstructor="false" isStatic="false" isGetter="false" isSetter="false">
              <Summary numSequencePoints="1" visitedSequencePoints="1" numBranchPoints="1" visitedBranchPoints="1" sequenceCoverage="100" branchCoverage="100" maxCyclomaticComplexity="1" minCyclomaticComplexity="1" visitedClasses="0" numClasses="0" visitedMethods="1" numMethods="1" />
              <MetadataToken>100663485</MetadataToken>
              <Name>System.Guid TheFlow.ProcessManager/&lt;&gt;c::&lt;HandleEvent&gt;b__7_1(TheFlow.CoreConcepts.Token)</Name>
              <FileRef uid="2" />
              <SequencePoints>
                <SequencePoint vc="2" uspid="89" ordinal="0" offset="0" sl="39" sc="44" el="39" ec="52" bec="0" bev="0" fileid="2" />
              </SequencePoints>
              <BranchPoints />
              <MethodPoint xsi:type="SequencePoint" vc="2" uspid="89" ordinal="0" offset="0" sl="39" sc="44" el="39" ec="52" bec="0" bev="0" fileid="2" />
            </Method>
            <Method visited="true" cyclomaticComplexity="1" nPathComplexity="0" sequenceCoverage="100" branchCoverage="100" isConstructor="false" isStatic="false" isGetter="false" isSetter="false">
              <Summary numSequencePoints="1" visitedSequencePoints="1" numBranchPoints="1" visitedBranchPoints="1" sequenceCoverage="100" branchCoverage="100" maxCyclomaticComplexity="1" minCyclomaticComplexity="1" visitedClasses="0" numClasses="0" visitedMethods="1" numMethods="1" />
              <MetadataToken>100663486</MetadataToken>
              <Name>System.Guid TheFlow.ProcessManager/&lt;&gt;c::&lt;HandleEvent&gt;b__8_0(TheFlow.CoreConcepts.Token)</Name>
              <FileRef uid="2" />
              <SequencePoints>
                <SequencePoint vc="1" uspid="90" ordinal="0" offset="0" sl="73" sc="40" el="73" ec="48" bec="0" bev="0" fileid="2" />
              </SequencePoints>
              <BranchPoints />
              <MethodPoint xsi:type="SequencePoint" vc="1" uspid="90" ordinal="0" offset="0" sl="73" sc="40" el="73" ec="48" bec="0" bev="0" fileid="2" />
            </Method>
            <Method visited="false" cyclomaticComplexity="1" nPathComplexity="0" sequenceCoverage="0" branchCoverage="0" isConstructor="false" isStatic="false" isGetter="false" isSetter="false">
              <Summary numSequencePoints="1" visitedSequencePoints="0" numBranchPoints="1" visitedBranchPoints="0" sequenceCoverage="0" branchCoverage="0" maxCyclomaticComplexity="1" minCyclomaticComplexity="1" visitedClasses="0" numClasses="0" visitedMethods="0" numMethods="1" />
              <MetadataToken>100663487</MetadataToken>
              <Name>System.Guid TheFlow.ProcessManager/&lt;&gt;c::&lt;HandleActivityCompletation&gt;b__10_0(TheFlow.CoreConcepts.Token)</Name>
              <FileRef uid="2" />
              <SequencePoints>
                <SequencePoint vc="0" uspid="91" ordinal="0" offset="0" sl="110" sc="40" el="110" ec="48" bec="0" bev="0" fileid="2" />
              </SequencePoints>
              <BranchPoints />
              <MethodPoint xsi:type="SequencePoint" vc="0" uspid="91" ordinal="0" offset="0" sl="110" sc="40" el="110" ec="48" bec="0" bev="0" fileid="2" />
            </Method>
          </Methods>
        </Class>
        <Class>
          <Summary numSequencePoints="6" visitedSequencePoints="6" numBranchPoints="2" visitedBranchPoints="2" sequenceCoverage="100" branchCoverage="100" maxCyclomaticComplexity="2" minCyclomaticComplexity="1" visitedClasses="1" numClasses="1" visitedMethods="2" numMethods="2" />
          <FullName>TheFlow.Infrastructure.CumulativeServiceProvider</FullName>
          <Methods>
            <Method visited="true" cyclomaticComplexity="1" nPathComplexity="0" sequenceCoverage="100" branchCoverage="100" isConstructor="true" isStatic="false" isGetter="false" isSetter="false">
              <Summary numSequencePoints="5" visitedSequencePoints="5" numBranchPoints="1" visitedBranchPoints="1" sequenceCoverage="100" branchCoverage="100" maxCyclomaticComplexity="1" minCyclomaticComplexity="1" visitedClasses="0" numClasses="0" visitedMethods="1" numMethods="1" />
              <MetadataToken>100663313</MetadataToken>
              <Name>System.Void TheFlow.Infrastructure.CumulativeServiceProvider::.ctor(System.IServiceProvider,System.IServiceProvider)</Name>
              <FileRef uid="5" />
              <SequencePoints>
                <SequencePoint vc="8" uspid="92" ordinal="0" offset="0" sl="11" sc="9" el="15" ec="14" bec="0" bev="0" fileid="5" />
                <SequencePoint vc="8" uspid="93" ordinal="1" offset="7" sl="16" sc="9" el="16" ec="10" bec="0" bev="0" fileid="5" />
                <SequencePoint vc="8" uspid="94" ordinal="2" offset="8" sl="17" sc="13" el="17" ec="44" bec="0" bev="0" fileid="5" />
                <SequencePoint vc="8" uspid="95" ordinal="3" offset="15" sl="18" sc="13" el="18" ec="48" bec="0" bev="0" fileid="5" />
                <SequencePoint vc="8" uspid="96" ordinal="4" offset="22" sl="19" sc="9" el="19" ec="10" bec="0" bev="0" fileid="5" />
              </SequencePoints>
              <BranchPoints />
              <MethodPoint xsi:type="SequencePoint" vc="8" uspid="92" ordinal="0" offset="0" sl="11" sc="9" el="15" ec="14" bec="0" bev="0" fileid="5" />
            </Method>
            <Method visited="true" cyclomaticComplexity="2" nPathComplexity="0" sequenceCoverage="100" branchCoverage="100" isConstructor="false" isStatic="false" isGetter="false" isSetter="false">
              <Summary numSequencePoints="1" visitedSequencePoints="1" numBranchPoints="1" visitedBranchPoints="1" sequenceCoverage="100" branchCoverage="100" maxCyclomaticComplexity="2" minCyclomaticComplexity="2" visitedClasses="0" numClasses="0" visitedMethods="1" numMethods="1" />
              <MetadataToken>100663314</MetadataToken>
              <Name>System.Object TheFlow.Infrastructure.CumulativeServiceProvider::GetService(System.Type)</Name>
              <FileRef uid="5" />
              <SequencePoints>
                <SequencePoint vc="16" uspid="97" ordinal="0" offset="0" sl="22" sc="13" el="23" ec="56" bec="0" bev="0" fileid="5" />
              </SequencePoints>
              <BranchPoints />
              <MethodPoint xsi:type="SequencePoint" vc="16" uspid="97" ordinal="0" offset="0" sl="22" sc="13" el="23" ec="56" bec="0" bev="0" fileid="5" />
            </Method>
          </Methods>
        </Class>
        <Class>
          <Summary numSequencePoints="9" visitedSequencePoints="8" numBranchPoints="7" visitedBranchPoints="5" sequenceCoverage="88.89" branchCoverage="71.43" maxCyclomaticComplexity="3" minCyclomaticComplexity="1" visitedClasses="1" numClasses="1" visitedMethods="4" numMethods="5" />
          <FullName>TheFlow.Infrastructure.Stores.InMemoryProcessInstancesStore</FullName>
          <Methods>
            <Method visited="true" cyclomaticComplexity="3" nPathComplexity="2" sequenceCoverage="100" branchCoverage="66.67" isConstructor="false" isStatic="false" isGetter="false" isSetter="false">
              <Summary numSequencePoints="3" visitedSequencePoints="3" numBranchPoints="3" visitedBranchPoints="2" sequenceCoverage="100" branchCoverage="66.67" maxCyclomaticComplexity="3" minCyclomaticComplexity="3" visitedClasses="0" numClasses="0" visitedMethods="1" numMethods="1" />
              <MetadataToken>100663315</MetadataToken>
              <Name>TheFlow.CoreConcepts.ProcessInstance TheFlow.Infrastructure.Stores.InMemoryProcessInstancesStore::GetById(System.Guid)</Name>
              <FileRef uid="6" />
              <SequencePoints>
                <SequencePoint vc="3" uspid="100" ordinal="0" offset="0" sl="15" sc="9" el="15" ec="10" bec="0" bev="0" fileid="6" />
                <SequencePoint vc="3" uspid="101" ordinal="1" offset="1" sl="16" sc="13" el="16" ec="93" bec="2" bev="1" fileid="6" />
                <SequencePoint vc="3" uspid="102" ordinal="2" offset="57" sl="17" sc="9" el="17" ec="10" bec="0" bev="0" fileid="6" />
              </SequencePoints>
              <BranchPoints>
                <BranchPoint vc="0" uspid="103" ordinal="0" offset="25" sl="16" path="0" offsetend="27" fileid="6" />
                <BranchPoint vc="3" uspid="104" ordinal="1" offset="25" sl="16" path="1" offsetend="30" fileid="6" />
              </BranchPoints>
              <MethodPoint xsi:type="SequencePoint" vc="3" uspid="100" ordinal="0" offset="0" sl="15" sc="9" el="15" ec="10" bec="0" bev="0" fileid="6" />
            </Method>
            <Method visited="true" cyclomaticComplexity="1" nPathComplexity="0" sequenceCoverage="100" branchCoverage="100" isConstructor="false" isStatic="false" isGetter="false" isSetter="false">
              <Summary numSequencePoints="3" visitedSequencePoints="3" numBranchPoints="1" visitedBranchPoints="1" sequenceCoverage="100" branchCoverage="100" maxCyclomaticComplexity="1" minCyclomaticComplexity="1" visitedClasses="0" numClasses="0" visitedMethods="1" numMethods="1" />
              <MetadataToken>100663316</MetadataToken>
              <Name>System.Void TheFlow.Infrastructure.Stores.InMemoryProcessInstancesStore::Store(TheFlow.CoreConcepts.ProcessInstance)</Name>
              <FileRef uid="6" />
              <SequencePoints>
                <SequencePoint vc="3" uspid="105" ordinal="0" offset="13" sl="20" sc="9" el="20" ec="10" bec="0" bev="0" fileid="6" />
                <SequencePoint vc="3" uspid="106" ordinal="1" offset="14" sl="21" sc="13" el="25" ec="15" bec="0" bev="0" fileid="6" />
                <SequencePoint vc="3" uspid="107" ordinal="2" offset="55" sl="26" sc="9" el="26" ec="10" bec="0" bev="0" fileid="6" />
              </SequencePoints>
              <BranchPoints />
              <MethodPoint vc="3" uspid="108" ordinal="0" offset="0" />
            </Method>
            <Method visited="true" cyclomaticComplexity="2" nPathComplexity="0" sequenceCoverage="100" branchCoverage="100" isConstructor="false" isStatic="false" isGetter="false" isSetter="false">
              <Summary numSequencePoints="1" visitedSequencePoints="1" numBranchPoints="1" visitedBranchPoints="1" sequenceCoverage="100" branchCoverage="100" maxCyclomaticComplexity="2" minCyclomaticComplexity="2" visitedClasses="0" numClasses="0" visitedMethods="1" numMethods="1" />
              <MetadataToken>100663317</MetadataToken>
              <Name>System.Int32 TheFlow.Infrastructure.Stores.InMemoryProcessInstancesStore::GetRunningInstancesCount()</Name>
              <FileRef uid="6" />
              <SequencePoints>
                <SequencePoint vc="2" uspid="109" ordinal="0" offset="0" sl="29" sc="13" el="29" ec="68" bec="0" bev="0" fileid="6" />
              </SequencePoints>
              <BranchPoints />
              <MethodPoint xsi:type="SequencePoint" vc="2" uspid="109" ordinal="0" offset="0" sl="29" sc="13" el="29" ec="68" bec="0" bev="0" fileid="6" />
            </Method>
            <Method visited="false" cyclomaticComplexity="1" nPathComplexity="0" sequenceCoverage="0" branchCoverage="0" isConstructor="false" isStatic="false" isGetter="false" isSetter="false">
              <Summary numSequencePoints="1" visitedSequencePoints="0" numBranchPoints="1" visitedBranchPoints="0" sequenceCoverage="0" branchCoverage="0" maxCyclomaticComplexity="1" minCyclomaticComplexity="1" visitedClasses="0" numClasses="0" visitedMethods="0" numMethods="1" />
              <MetadataToken>100663318</MetadataToken>
              <Name>TheFlow.CoreConcepts.ProcessInstance TheFlow.Infrastructure.Stores.InMemoryProcessInstancesStore::GetProcessInstance(System.Guid)</Name>
              <FileRef uid="6" />
              <SequencePoints>
                <SequencePoint vc="0" uspid="112" ordinal="0" offset="0" sl="31" sc="63" el="31" ec="74" bec="0" bev="0" fileid="6" />
              </SequencePoints>
              <BranchPoints />
              <MethodPoint xsi:type="SequencePoint" vc="0" uspid="112" ordinal="0" offset="0" sl="31" sc="63" el="31" ec="74" bec="0" bev="0" fileid="6" />
            </Method>
            <Method visited="true" cyclomaticComplexity="1" nPathComplexity="0" sequenceCoverage="100" branchCoverage="100" isConstructor="true" isStatic="false" isGetter="false" isSetter="false">
              <Summary numSequencePoints="1" visitedSequencePoints="1" numBranchPoints="1" visitedBranchPoints="1" sequenceCoverage="100" branchCoverage="100" maxCyclomaticComplexity="1" minCyclomaticComplexity="1" visitedClasses="0" numClasses="0" visitedMethods="1" numMethods="1" />
              <MetadataToken>100663319</MetadataToken>
              <Name>System.Void TheFlow.Infrastructure.Stores.InMemoryProcessInstancesStore::.ctor()</Name>
              <FileRef uid="6" />
              <SequencePoints>
                <SequencePoint vc="2" uspid="113" ordinal="0" offset="0" sl="11" sc="9" el="12" ec="65" bec="0" bev="0" fileid="6" />
              </SequencePoints>
              <BranchPoints />
              <MethodPoint xsi:type="SequencePoint" vc="2" uspid="113" ordinal="0" offset="0" sl="11" sc="9" el="12" ec="65" bec="0" bev="0" fileid="6" />
            </Method>
          </Methods>
        </Class>
        <Class>
          <Summary numSequencePoints="1" visitedSequencePoints="1" numBranchPoints="1" visitedBranchPoints="1" sequenceCoverage="100" branchCoverage="100" maxCyclomaticComplexity="1" minCyclomaticComplexity="1" visitedClasses="1" numClasses="1" visitedMethods="1" numMethods="1" />
          <FullName>TheFlow.Infrastructure.Stores.InMemoryProcessInstancesStore/&lt;&gt;c__DisplayClass2_0</FullName>
          <Methods>
            <Method visited="true" cyclomaticComplexity="1" nPathComplexity="0" sequenceCoverage="0" branchCoverage="0" isConstructor="true" isStatic="false" isGetter="false" isSetter="false">
              <Summary numSequencePoints="0" visitedSequencePoints="0" numBranchPoints="0" visitedBranchPoints="0" sequenceCoverage="0" branchCoverage="0" maxCyclomaticComplexity="1" minCyclomaticComplexity="1" visitedClasses="0" numClasses="0" visitedMethods="0" numMethods="0" />
              <MetadataToken>100663488</MetadataToken>
              <Name>System.Void TheFlow.Infrastructure.Stores.InMemoryProcessInstancesStore/&lt;&gt;c__DisplayClass2_0::.ctor()</Name>
              <SequencePoints />
              <BranchPoints />
              <MethodPoint vc="3" uspid="114" ordinal="0" offset="0" />
            </Method>
            <Method visited="true" cyclomaticComplexity="1" nPathComplexity="0" sequenceCoverage="100" branchCoverage="100" isConstructor="false" isStatic="false" isGetter="false" isSetter="false">
              <Summary numSequencePoints="1" visitedSequencePoints="1" numBranchPoints="1" visitedBranchPoints="1" sequenceCoverage="100" branchCoverage="100" maxCyclomaticComplexity="1" minCyclomaticComplexity="1" visitedClasses="0" numClasses="0" visitedMethods="1" numMethods="1" />
              <MetadataToken>100663489</MetadataToken>
              <Name>TheFlow.CoreConcepts.ProcessInstance TheFlow.Infrastructure.Stores.InMemoryProcessInstancesStore/&lt;&gt;c__DisplayClass2_0::&lt;Store&gt;b__0(System.String,TheFlow.CoreConcepts.ProcessInstance)</Name>
              <FileRef uid="6" />
              <SequencePoints>
                <SequencePoint vc="1" uspid="115" ordinal="0" offset="0" sl="24" sc="43" el="24" ec="51" bec="0" bev="0" fileid="6" />
              </SequencePoints>
              <BranchPoints />
              <MethodPoint xsi:type="SequencePoint" vc="1" uspid="115" ordinal="0" offset="0" sl="24" sc="43" el="24" ec="51" bec="0" bev="0" fileid="6" />
            </Method>
          </Methods>
        </Class>
        <Class>
          <Summary numSequencePoints="1" visitedSequencePoints="1" numBranchPoints="1" visitedBranchPoints="1" sequenceCoverage="100" branchCoverage="100" maxCyclomaticComplexity="1" minCyclomaticComplexity="1" visitedClasses="1" numClasses="1" visitedMethods="1" numMethods="1" />
          <FullName>TheFlow.Infrastructure.Stores.InMemoryProcessInstancesStore/&lt;&gt;c</FullName>
          <Methods>
            <Method visited="true" cyclomaticComplexity="1" nPathComplexity="0" sequenceCoverage="0" branchCoverage="0" isConstructor="true" isStatic="true" isGetter="false" isSetter="false">
              <Summary numSequencePoints="0" visitedSequencePoints="0" numBranchPoints="0" visitedBranchPoints="0" sequenceCoverage="0" branchCoverage="0" maxCyclomaticComplexity="1" minCyclomaticComplexity="1" visitedClasses="0" numClasses="0" visitedMethods="0" numMethods="0" />
              <MetadataToken>100663490</MetadataToken>
              <Name>System.Void TheFlow.Infrastructure.Stores.InMemoryProcessInstancesStore/&lt;&gt;c::.cctor()</Name>
              <SequencePoints />
              <BranchPoints />
              <MethodPoint vc="1" uspid="116" ordinal="0" offset="0" />
            </Method>
            <Method visited="true" cyclomaticComplexity="1" nPathComplexity="0" sequenceCoverage="0" branchCoverage="0" isConstructor="true" isStatic="false" isGetter="false" isSetter="false">
              <Summary numSequencePoints="0" visitedSequencePoints="0" numBranchPoints="0" visitedBranchPoints="0" sequenceCoverage="0" branchCoverage="0" maxCyclomaticComplexity="1" minCyclomaticComplexity="1" visitedClasses="0" numClasses="0" visitedMethods="0" numMethods="0" />
              <MetadataToken>100663491</MetadataToken>
              <Name>System.Void TheFlow.Infrastructure.Stores.InMemoryProcessInstancesStore/&lt;&gt;c::.ctor()</Name>
              <SequencePoints />
              <BranchPoints />
              <MethodPoint vc="1" uspid="117" ordinal="0" offset="0" />
            </Method>
            <Method visited="true" cyclomaticComplexity="1" nPathComplexity="0" sequenceCoverage="100" branchCoverage="100" isConstructor="false" isStatic="false" isGetter="false" isSetter="false">
              <Summary numSequencePoints="1" visitedSequencePoints="1" numBranchPoints="1" visitedBranchPoints="1" sequenceCoverage="100" branchCoverage="100" maxCyclomaticComplexity="1" minCyclomaticComplexity="1" visitedClasses="0" numClasses="0" visitedMethods="1" numMethods="1" />
              <MetadataToken>100663492</MetadataToken>
              <Name>System.Boolean TheFlow.Infrastructure.Stores.InMemoryProcessInstancesStore/&lt;&gt;c::&lt;GetRunningInstancesCount&gt;b__3_0(TheFlow.CoreConcepts.ProcessInstance)</Name>
              <FileRef uid="6" />
              <SequencePoints>
                <SequencePoint vc="1" uspid="118" ordinal="0" offset="0" sl="29" sc="49" el="29" ec="67" bec="0" bev="0" fileid="6" />
              </SequencePoints>
              <BranchPoints />
              <MethodPoint xsi:type="SequencePoint" vc="1" uspid="118" ordinal="0" offset="0" sl="29" sc="49" el="29" ec="67" bec="0" bev="0" fileid="6" />
            </Method>
          </Methods>
        </Class>
        <Class>
          <Summary numSequencePoints="15" visitedSequencePoints="11" numBranchPoints="9" visitedBranchPoints="6" sequenceCoverage="73.33" branchCoverage="66.67" maxCyclomaticComplexity="3" minCyclomaticComplexity="1" visitedClasses="1" numClasses="1" visitedMethods="4" numMethods="5" />
          <FullName>TheFlow.Infrastructure.Stores.InMemoryProcessModelsStore</FullName>
          <Methods>
            <Method visited="true" cyclomaticComplexity="3" nPathComplexity="2" sequenceCoverage="100" branchCoverage="66.67" isConstructor="false" isStatic="false" isGetter="false" isSetter="false">
              <Summary numSequencePoints="3" visitedSequencePoints="3" numBranchPoints="3" visitedBranchPoints="2" sequenceCoverage="100" branchCoverage="66.67" maxCyclomaticComplexity="3" minCyclomaticComplexity="3" visitedClasses="0" numClasses="0" visitedMethods="1" numMethods="1" />
              <MetadataToken>100663320</MetadataToken>
              <Name>TheFlow.CoreConcepts.ProcessModel TheFlow.Infrastructure.Stores.InMemoryProcessModelsStore::GetById(System.Guid)</Name>
              <FileRef uid="9" />
              <SequencePoints>
                <SequencePoint vc="1" uspid="119" ordinal="0" offset="0" sl="13" sc="9" el="13" ec="10" bec="0" bev="0" fileid="9" />
                <SequencePoint vc="1" uspid="120" ordinal="1" offset="1" sl="14" sc="13" el="14" ec="87" bec="2" bev="1" fileid="9" />
                <SequencePoint vc="1" uspid="121" ordinal="2" offset="57" sl="15" sc="9" el="15" ec="10" bec="0" bev="0" fileid="9" />
              </SequencePoints>
              <BranchPoints>
                <BranchPoint vc="0" uspid="122" ordinal="0" offset="25" sl="14" path="0" offsetend="27" fileid="9" />
                <BranchPoint vc="1" uspid="123" ordinal="1" offset="25" sl="14" path="1" offsetend="30" fileid="9" />
              </BranchPoints>
              <MethodPoint xsi:type="SequencePoint" vc="1" uspid="119" ordinal="0" offset="0" sl="13" sc="9" el="13" ec="10" bec="0" bev="0" fileid="9" />
            </Method>
            <Method visited="true" cyclomaticComplexity="2" nPathComplexity="2" sequenceCoverage="66.67" branchCoverage="66.67" isConstructor="false" isStatic="false" isGetter="false" isSetter="false">
              <Summary numSequencePoints="9" visitedSequencePoints="6" numBranchPoints="3" visitedBranchPoints="2" sequenceCoverage="66.67" branchCoverage="66.67" maxCyclomaticComplexity="2" minCyclomaticComplexity="2" visitedClasses="0" numClasses="0" visitedMethods="1" numMethods="1" />
              <MetadataToken>100663321</MetadataToken>
              <Name>System.Void TheFlow.Infrastructure.Stores.InMemoryProcessModelsStore::Store(TheFlow.CoreConcepts.ProcessModel)</Name>
              <FileRef uid="9" />
              <SequencePoints>
                <SequencePoint vc="2" uspid="124" ordinal="0" offset="0" sl="18" sc="9" el="18" ec="10" bec="0" bev="0" fileid="9" />
                <SequencePoint vc="2" uspid="125" ordinal="1" offset="1" sl="19" sc="13" el="19" ec="47" bec="2" bev="1" fileid="9" />
                <SequencePoint vc="0" uspid="126" ordinal="2" offset="22" sl="20" sc="13" el="20" ec="14" bec="0" bev="0" fileid="9" />
                <SequencePoint vc="0" uspid="127" ordinal="3" offset="23" sl="21" sc="17" el="21" ec="43" bec="0" bev="0" fileid="9" />
                <SequencePoint vc="0" uspid="128" ordinal="4" offset="42" sl="22" sc="13" el="22" ec="14" bec="0" bev="0" fileid="9" />
                <SequencePoint vc="2" uspid="129" ordinal="5" offset="45" sl="24" sc="13" el="24" ec="14" bec="0" bev="0" fileid="9" />
                <SequencePoint vc="2" uspid="130" ordinal="6" offset="46" sl="25" sc="17" el="25" ec="46" bec="0" bev="0" fileid="9" />
                <SequencePoint vc="2" uspid="131" ordinal="7" offset="65" sl="26" sc="13" el="26" ec="14" bec="0" bev="0" fileid="9" />
                <SequencePoint vc="2" uspid="132" ordinal="8" offset="66" sl="27" sc="9" el="27" ec="10" bec="0" bev="0" fileid="9" />
              </SequencePoints>
              <BranchPoints>
                <BranchPoint vc="0" uspid="133" ordinal="0" offset="20" sl="19" path="0" offsetend="22" fileid="9" />
                <BranchPoint vc="2" uspid="134" ordinal="1" offset="20" sl="19" path="1" offsetend="45" fileid="9" />
              </BranchPoints>
              <MethodPoint xsi:type="SequencePoint" vc="2" uspid="124" ordinal="0" offset="0" sl="18" sc="9" el="18" ec="10" bec="0" bev="0" fileid="9" />
            </Method>
            <Method visited="true" cyclomaticComplexity="1" nPathComplexity="0" sequenceCoverage="100" branchCoverage="100" isConstructor="false" isStatic="false" isGetter="false" isSetter="false">
              <Summary numSequencePoints="1" visitedSequencePoints="1" numBranchPoints="1" visitedBranchPoints="1" sequenceCoverage="100" branchCoverage="100" maxCyclomaticComplexity="1" minCyclomaticComplexity="1" visitedClasses="0" numClasses="0" visitedMethods="1" numMethods="1" />
              <MetadataToken>100663322</MetadataToken>
              <Name>System.Collections.Generic.IEnumerable`1&lt;TheFlow.CoreConcepts.ProcessModel&gt; TheFlow.Infrastructure.Stores.InMemoryProcessModelsStore::GetAll()</Name>
              <FileRef uid="9" />
              <SequencePoints>
                <SequencePoint vc="3" uspid="135" ordinal="0" offset="0" sl="30" sc="13" el="30" ec="27" bec="0" bev="0" fileid="9" />
              </SequencePoints>
              <BranchPoints />
              <MethodPoint xsi:type="SequencePoint" vc="3" uspid="135" ordinal="0" offset="0" sl="30" sc="13" el="30" ec="27" bec="0" bev="0" fileid="9" />
            </Method>
            <Method visited="false" cyclomaticComplexity="1" nPathComplexity="0" sequenceCoverage="0" branchCoverage="0" isConstructor="false" isStatic="false" isGetter="false" isSetter="false">
              <Summary numSequencePoints="1" visitedSequencePoints="0" numBranchPoints="1" visitedBranchPoints="0" sequenceCoverage="0" branchCoverage="0" maxCyclomaticComplexity="1" minCyclomaticComplexity="1" visitedClasses="0" numClasses="0" visitedMethods="0" numMethods="1" />
              <MetadataToken>100663323</MetadataToken>
              <Name>TheFlow.CoreConcepts.ProcessModel TheFlow.Infrastructure.Stores.InMemoryProcessModelsStore::GetProcessModel(System.Guid)</Name>
              <FileRef uid="9" />
              <SequencePoints>
                <SequencePoint vc="0" uspid="136" ordinal="0" offset="0" sl="33" sc="16" el="33" ec="27" bec="0" bev="0" fileid="9" />
              </SequencePoints>
              <BranchPoints />
              <MethodPoint xsi:type="SequencePoint" vc="0" uspid="136" ordinal="0" offset="0" sl="33" sc="16" el="33" ec="27" bec="0" bev="0" fileid="9" />
            </Method>
            <Method visited="true" cyclomaticComplexity="1" nPathComplexity="0" sequenceCoverage="100" branchCoverage="100" isConstructor="true" isStatic="false" isGetter="false" isSetter="false">
              <Summary numSequencePoints="1" visitedSequencePoints="1" numBranchPoints="1" visitedBranchPoints="1" sequenceCoverage="100" branchCoverage="100" maxCyclomaticComplexity="1" minCyclomaticComplexity="1" visitedClasses="0" numClasses="0" visitedMethods="1" numMethods="1" />
              <MetadataToken>100663324</MetadataToken>
              <Name>System.Void TheFlow.Infrastructure.Stores.InMemoryProcessModelsStore::.ctor()</Name>
              <FileRef uid="9" />
              <SequencePoints>
                <SequencePoint vc="2" uspid="137" ordinal="0" offset="0" sl="9" sc="9" el="10" ec="52" bec="0" bev="0" fileid="9" />
              </SequencePoints>
              <BranchPoints />
              <MethodPoint xsi:type="SequencePoint" vc="2" uspid="137" ordinal="0" offset="0" sl="9" sc="9" el="10" ec="52" bec="0" bev="0" fileid="9" />
            </Method>
          </Methods>
        </Class>
        <Class>
          <Summary numSequencePoints="6" visitedSequencePoints="6" numBranchPoints="3" visitedBranchPoints="3" sequenceCoverage="100" branchCoverage="100" maxCyclomaticComplexity="1" minCyclomaticComplexity="1" visitedClasses="1" numClasses="1" visitedMethods="3" numMethods="3" />
          <FullName>TheFlow.Elements.NamedProcessElement`1</FullName>
          <Methods>
            <Method visited="true" cyclomaticComplexity="1" nPathComplexity="0" sequenceCoverage="100" branchCoverage="100" isConstructor="false" isStatic="false" isGetter="true" isSetter="false">
              <Summary numSequencePoints="1" visitedSequencePoints="1" numBranchPoints="1" visitedBranchPoints="1" sequenceCoverage="100" branchCoverage="100" maxCyclomaticComplexity="1" minCyclomaticComplexity="1" visitedClasses="0" numClasses="0" visitedMethods="1" numMethods="1" />
              <MetadataToken>100663331</MetadataToken>
              <Name>System.String TheFlow.Elements.NamedProcessElement`1::get_Name()</Name>
              <FileRef uid="10" />
              <SequencePoints>
                <SequencePoint vc="188" uspid="138" ordinal="0" offset="0" sl="7" sc="30" el="7" ec="34" bec="0" bev="0" fileid="10" />
              </SequencePoints>
              <BranchPoints />
              <MethodPoint xsi:type="SequencePoint" vc="188" uspid="138" ordinal="0" offset="0" sl="7" sc="30" el="7" ec="34" bec="0" bev="0" fileid="10" />
            </Method>
            <Method visited="true" cyclomaticComplexity="1" nPathComplexity="0" sequenceCoverage="100" branchCoverage="100" isConstructor="true" isStatic="false" isGetter="false" isSetter="false">
              <Summary numSequencePoints="4" visitedSequencePoints="4" numBranchPoints="1" visitedBranchPoints="1" sequenceCoverage="100" branchCoverage="100" maxCyclomaticComplexity="1" minCyclomaticComplexity="1" visitedClasses="0" numClasses="0" visitedMethods="1" numMethods="1" />
              <MetadataToken>100663332</MetadataToken>
              <Name>System.Void TheFlow.Elements.NamedProcessElement`1::.ctor(System.String,T)</Name>
              <FileRef uid="10" />
              <SequencePoints>
                <SequencePoint vc="57" uspid="139" ordinal="0" offset="0" sl="14" sc="13" el="14" ec="26" bec="0" bev="0" fileid="10" />
                <SequencePoint vc="57" uspid="140" ordinal="1" offset="8" sl="15" sc="9" el="15" ec="10" bec="0" bev="0" fileid="10" />
                <SequencePoint vc="57" uspid="141" ordinal="2" offset="9" sl="16" sc="13" el="16" ec="25" bec="0" bev="0" fileid="10" />
                <SequencePoint vc="57" uspid="142" ordinal="3" offset="16" sl="17" sc="9" el="17" ec="10" bec="0" bev="0" fileid="10" />
              </SequencePoints>
              <BranchPoints />
              <MethodPoint xsi:type="SequencePoint" vc="57" uspid="139" ordinal="0" offset="0" sl="14" sc="13" el="14" ec="26" bec="0" bev="0" fileid="10" />
            </Method>
            <Method visited="true" cyclomaticComplexity="1" nPathComplexity="0" sequenceCoverage="100" branchCoverage="100" isConstructor="false" isStatic="true" isGetter="false" isSetter="false">
              <Summary numSequencePoints="1" visitedSequencePoints="1" numBranchPoints="1" visitedBranchPoints="1" sequenceCoverage="100" branchCoverage="100" maxCyclomaticComplexity="1" minCyclomaticComplexity="1" visitedClasses="0" numClasses="0" visitedMethods="1" numMethods="1" />
              <MetadataToken>100663333</MetadataToken>
              <Name>TheFlow.Elements.NamedProcessElement`1&lt;T&gt; TheFlow.Elements.NamedProcessElement`1::Create(System.String,T)</Name>
              <FileRef uid="10" />
              <SequencePoints>
                <SequencePoint vc="57" uspid="143" ordinal="0" offset="0" sl="21" sc="14" el="21" ec="55" bec="0" bev="0" fileid="10" />
              </SequencePoints>
              <BranchPoints />
              <MethodPoint xsi:type="SequencePoint" vc="57" uspid="143" ordinal="0" offset="0" sl="21" sc="14" el="21" ec="55" bec="0" bev="0" fileid="10" />
            </Method>
          </Methods>
        </Class>
        <Class>
          <Summary numSequencePoints="7" visitedSequencePoints="7" numBranchPoints="4" visitedBranchPoints="4" sequenceCoverage="100" branchCoverage="100" maxCyclomaticComplexity="1" minCyclomaticComplexity="1" visitedClasses="1" numClasses="1" visitedMethods="4" numMethods="4" />
          <FullName>TheFlow.Elements.ProcessElement`1</FullName>
          <Methods>
            <Method visited="true" cyclomaticComplexity="1" nPathComplexity="0" sequenceCoverage="100" branchCoverage="100" isConstructor="false" isStatic="false" isGetter="true" isSetter="false">
              <Summary numSequencePoints="1" visitedSequencePoints="1" numBranchPoints="1" visitedBranchPoints="1" sequenceCoverage="100" branchCoverage="100" maxCyclomaticComplexity="1" minCyclomaticComplexity="1" visitedClasses="0" numClasses="0" visitedMethods="1" numMethods="1" />
              <MetadataToken>100663335</MetadataToken>
              <Name>T TheFlow.Elements.ProcessElement`1::get_Element()</Name>
              <FileRef uid="11" />
              <SequencePoints>
                <SequencePoint vc="251" uspid="144" ordinal="0" offset="0" sl="12" sc="28" el="12" ec="32" bec="0" bev="0" fileid="11" />
              </SequencePoints>
              <BranchPoints />
              <MethodPoint xsi:type="SequencePoint" vc="251" uspid="144" ordinal="0" offset="0" sl="12" sc="28" el="12" ec="32" bec="0" bev="0" fileid="11" />
            </Method>
            <Method visited="true" cyclomaticComplexity="1" nPathComplexity="0" sequenceCoverage="100" branchCoverage="100" isConstructor="true" isStatic="false" isGetter="false" isSetter="false">
              <Summary numSequencePoints="4" visitedSequencePoints="4" numBranchPoints="1" visitedBranchPoints="1" sequenceCoverage="100" branchCoverage="100" maxCyclomaticComplexity="1" minCyclomaticComplexity="1" visitedClasses="0" numClasses="0" visitedMethods="1" numMethods="1" />
              <MetadataToken>100663336</MetadataToken>
              <Name>System.Void TheFlow.Elements.ProcessElement`1::.ctor(T)</Name>
              <FileRef uid="11" />
              <SequencePoints>
                <SequencePoint vc="97" uspid="145" ordinal="0" offset="0" sl="14" sc="9" el="16" ec="14" bec="0" bev="0" fileid="11" />
                <SequencePoint vc="97" uspid="146" ordinal="1" offset="7" sl="17" sc="9" el="17" ec="10" bec="0" bev="0" fileid="11" />
                <SequencePoint vc="97" uspid="147" ordinal="2" offset="8" sl="18" sc="13" el="18" ec="31" bec="0" bev="0" fileid="11" />
                <SequencePoint vc="97" uspid="148" ordinal="3" offset="15" sl="19" sc="9" el="19" ec="10" bec="0" bev="0" fileid="11" />
              </SequencePoints>
              <BranchPoints />
              <MethodPoint xsi:type="SequencePoint" vc="97" uspid="145" ordinal="0" offset="0" sl="14" sc="9" el="16" ec="14" bec="0" bev="0" fileid="11" />
            </Method>
            <Method visited="true" cyclomaticComplexity="1" nPathComplexity="0" sequenceCoverage="100" branchCoverage="100" isConstructor="false" isStatic="true" isGetter="false" isSetter="false">
              <Summary numSequencePoints="1" visitedSequencePoints="1" numBranchPoints="1" visitedBranchPoints="1" sequenceCoverage="100" branchCoverage="100" maxCyclomaticComplexity="1" minCyclomaticComplexity="1" visitedClasses="0" numClasses="0" visitedMethods="1" numMethods="1" />
              <MetadataToken>100663337</MetadataToken>
              <Name>TheFlow.Elements.NamedProcessElement`1&lt;T&gt; TheFlow.Elements.ProcessElement`1::Create(System.String,T)</Name>
              <FileRef uid="11" />
              <SequencePoints>
                <SequencePoint vc="8" uspid="149" ordinal="0" offset="0" sl="24" sc="14" el="24" ec="58" bec="0" bev="0" fileid="11" />
              </SequencePoints>
              <BranchPoints />
              <MethodPoint xsi:type="SequencePoint" vc="8" uspid="149" ordinal="0" offset="0" sl="24" sc="14" el="24" ec="58" bec="0" bev="0" fileid="11" />
            </Method>
            <Method visited="true" cyclomaticComplexity="1" nPathComplexity="0" sequenceCoverage="100" branchCoverage="100" isConstructor="false" isStatic="true" isGetter="false" isSetter="false">
              <Summary numSequencePoints="1" visitedSequencePoints="1" numBranchPoints="1" visitedBranchPoints="1" sequenceCoverage="100" branchCoverage="100" maxCyclomaticComplexity="1" minCyclomaticComplexity="1" visitedClasses="0" numClasses="0" visitedMethods="1" numMethods="1" />
              <MetadataToken>100663338</MetadataToken>
              <Name>TheFlow.Elements.UnnamedProcessElement`1&lt;T&gt; TheFlow.Elements.ProcessElement`1::Create(T)</Name>
              <FileRef uid="11" />
              <SequencePoints>
                <SequencePoint vc="40" uspid="150" ordinal="0" offset="0" sl="28" sc="14" el="28" ec="54" bec="0" bev="0" fileid="11" />
              </SequencePoints>
              <BranchPoints />
              <MethodPoint xsi:type="SequencePoint" vc="40" uspid="150" ordinal="0" offset="0" sl="28" sc="14" el="28" ec="54" bec="0" bev="0" fileid="11" />
            </Method>
          </Methods>
        </Class>
        <Class>
          <Summary numSequencePoints="4" visitedSequencePoints="4" numBranchPoints="2" visitedBranchPoints="2" sequenceCoverage="100" branchCoverage="100" maxCyclomaticComplexity="1" minCyclomaticComplexity="1" visitedClasses="1" numClasses="1" visitedMethods="2" numMethods="2" />
          <FullName>TheFlow.Elements.UnnamedProcessElement`1</FullName>
          <Methods>
            <Method visited="true" cyclomaticComplexity="1" nPathComplexity="0" sequenceCoverage="100" branchCoverage="100" isConstructor="true" isStatic="false" isGetter="false" isSetter="false">
              <Summary numSequencePoints="3" visitedSequencePoints="3" numBranchPoints="1" visitedBranchPoints="1" sequenceCoverage="100" branchCoverage="100" maxCyclomaticComplexity="1" minCyclomaticComplexity="1" visitedClasses="0" numClasses="0" visitedMethods="1" numMethods="1" />
              <MetadataToken>100663339</MetadataToken>
              <Name>System.Void TheFlow.Elements.UnnamedProcessElement`1::.ctor(T)</Name>
              <FileRef uid="12" />
              <SequencePoints>
                <SequencePoint vc="40" uspid="151" ordinal="0" offset="0" sl="6" sc="52" el="6" ec="65" bec="0" bev="0" fileid="12" />
                <SequencePoint vc="40" uspid="152" ordinal="1" offset="8" sl="7" sc="9" el="7" ec="10" bec="0" bev="0" fileid="12" />
                <SequencePoint vc="40" uspid="153" ordinal="2" offset="9" sl="8" sc="9" el="8" ec="10" bec="0" bev="0" fileid="12" />
              </SequencePoints>
              <BranchPoints />
              <MethodPoint xsi:type="SequencePoint" vc="40" uspid="151" ordinal="0" offset="0" sl="6" sc="52" el="6" ec="65" bec="0" bev="0" fileid="12" />
            </Method>
            <Method visited="true" cyclomaticComplexity="1" nPathComplexity="0" sequenceCoverage="100" branchCoverage="100" isConstructor="false" isStatic="true" isGetter="false" isSetter="false">
              <Summary numSequencePoints="1" visitedSequencePoints="1" numBranchPoints="1" visitedBranchPoints="1" sequenceCoverage="100" branchCoverage="100" maxCyclomaticComplexity="1" minCyclomaticComplexity="1" visitedClasses="0" numClasses="0" visitedMethods="1" numMethods="1" />
              <MetadataToken>100663340</MetadataToken>
              <Name>TheFlow.Elements.UnnamedProcessElement`1&lt;T&gt; TheFlow.Elements.UnnamedProcessElement`1::Create(T)</Name>
              <FileRef uid="12" />
              <SequencePoints>
                <SequencePoint vc="40" uspid="154" ordinal="0" offset="0" sl="11" sc="13" el="11" ec="50" bec="0" bev="0" fileid="12" />
              </SequencePoints>
              <BranchPoints />
              <MethodPoint xsi:type="SequencePoint" vc="40" uspid="154" ordinal="0" offset="0" sl="11" sc="13" el="11" ec="50" bec="0" bev="0" fileid="12" />
            </Method>
          </Methods>
        </Class>
        <Class>
          <Summary numSequencePoints="8" visitedSequencePoints="7" numBranchPoints="5" visitedBranchPoints="4" sequenceCoverage="87.5" branchCoverage="80" maxCyclomaticComplexity="1" minCyclomaticComplexity="1" visitedClasses="1" numClasses="1" visitedMethods="4" numMethods="5" />
          <FullName>TheFlow.Elements.Events.CatchAnyEventCatcher</FullName>
          <Methods>
            <Method visited="true" cyclomaticComplexity="1" nPathComplexity="0" sequenceCoverage="100" branchCoverage="100" isConstructor="true" isStatic="false" isGetter="false" isSetter="false">
              <Summary numSequencePoints="3" visitedSequencePoints="3" numBranchPoints="1" visitedBranchPoints="1" sequenceCoverage="100" branchCoverage="100" maxCyclomaticComplexity="1" minCyclomaticComplexity="1" visitedClasses="0" numClasses="0" visitedMethods="1" numMethods="1" />
              <MetadataToken>100663341</MetadataToken>
              <Name>System.Void TheFlow.Elements.Events.CatchAnyEventCatcher::.ctor()</Name>
              <FileRef uid="13" />
              <SequencePoints>
                <SequencePoint vc="1" uspid="155" ordinal="0" offset="0" sl="7" sc="9" el="7" ec="39" bec="0" bev="0" fileid="13" />
                <SequencePoint vc="1" uspid="156" ordinal="1" offset="7" sl="8" sc="9" el="8" ec="10" bec="0" bev="0" fileid="13" />
                <SequencePoint vc="1" uspid="157" ordinal="2" offset="8" sl="8" sc="10" el="8" ec="11" bec="0" bev="0" fileid="13" />
              </SequencePoints>
              <BranchPoints />
              <MethodPoint xsi:type="SequencePoint" vc="1" uspid="155" ordinal="0" offset="0" sl="7" sc="9" el="7" ec="39" bec="0" bev="0" fileid="13" />
            </Method>
            <Method visited="true" cyclomaticComplexity="1" nPathComplexity="0" sequenceCoverage="100" branchCoverage="100" isConstructor="false" isStatic="false" isGetter="false" isSetter="false">
              <Summary numSequencePoints="1" visitedSequencePoints="1" numBranchPoints="1" visitedBranchPoints="1" sequenceCoverage="100" branchCoverage="100" maxCyclomaticComplexity="1" minCyclomaticComplexity="1" visitedClasses="0" numClasses="0" visitedMethods="1" numMethods="1" />
              <MetadataToken>100663342</MetadataToken>
              <Name>System.Boolean TheFlow.Elements.Events.CatchAnyEventCatcher::CanHandle(System.Object)</Name>
              <FileRef uid="13" />
              <SequencePoints>
                <SequencePoint vc="22" uspid="158" ordinal="0" offset="0" sl="13" sc="49" el="13" ec="53" bec="0" bev="0" fileid="13" />
              </SequencePoints>
              <BranchPoints />
              <MethodPoint xsi:type="SequencePoint" vc="22" uspid="158" ordinal="0" offset="0" sl="13" sc="49" el="13" ec="53" bec="0" bev="0" fileid="13" />
            </Method>
            <Method visited="true" cyclomaticComplexity="1" nPathComplexity="0" sequenceCoverage="100" branchCoverage="100" isConstructor="false" isStatic="false" isGetter="false" isSetter="false">
              <Summary numSequencePoints="2" visitedSequencePoints="2" numBranchPoints="1" visitedBranchPoints="1" sequenceCoverage="100" branchCoverage="100" maxCyclomaticComplexity="1" minCyclomaticComplexity="1" visitedClasses="0" numClasses="0" visitedMethods="1" numMethods="1" />
              <MetadataToken>100663343</MetadataToken>
              <Name>System.Void TheFlow.Elements.Events.CatchAnyEventCatcher::Handle(System.Object)</Name>
              <FileRef uid="13" />
              <SequencePoints>
                <SequencePoint vc="12" uspid="159" ordinal="0" offset="0" sl="15" sc="43" el="15" ec="44" bec="0" bev="0" fileid="13" />
                <SequencePoint vc="12" uspid="160" ordinal="1" offset="1" sl="15" sc="44" el="15" ec="45" bec="0" bev="0" fileid="13" />
              </SequencePoints>
              <BranchPoints />
              <MethodPoint xsi:type="SequencePoint" vc="12" uspid="159" ordinal="0" offset="0" sl="15" sc="43" el="15" ec="44" bec="0" bev="0" fileid="13" />
            </Method>
            <Method visited="false" cyclomaticComplexity="1" nPathComplexity="0" sequenceCoverage="0" branchCoverage="0" isConstructor="false" isStatic="true" isGetter="false" isSetter="false">
              <Summary numSequencePoints="1" visitedSequencePoints="0" numBranchPoints="1" visitedBranchPoints="0" sequenceCoverage="0" branchCoverage="0" maxCyclomaticComplexity="1" minCyclomaticComplexity="1" visitedClasses="0" numClasses="0" visitedMethods="0" numMethods="1" />
              <MetadataToken>100663344</MetadataToken>
              <Name>TheFlow.Elements.Events.CatchAnyEventCatcherBuilder TheFlow.Elements.Events.CatchAnyEventCatcher::Builder()</Name>
              <FileRef uid="13" />
              <SequencePoints>
                <SequencePoint vc="0" uspid="161" ordinal="0" offset="0" sl="18" sc="16" el="18" ec="49" bec="0" bev="0" fileid="13" />
              </SequencePoints>
              <BranchPoints />
              <MethodPoint xsi:type="SequencePoint" vc="0" uspid="161" ordinal="0" offset="0" sl="18" sc="16" el="18" ec="49" bec="0" bev="0" fileid="13" />
            </Method>
            <Method visited="true" cyclomaticComplexity="1" nPathComplexity="0" sequenceCoverage="100" branchCoverage="100" isConstructor="true" isStatic="true" isGetter="false" isSetter="false">
              <Summary numSequencePoints="1" visitedSequencePoints="1" numBranchPoints="1" visitedBranchPoints="1" sequenceCoverage="100" branchCoverage="100" maxCyclomaticComplexity="1" minCyclomaticComplexity="1" visitedClasses="0" numClasses="0" visitedMethods="1" numMethods="1" />
              <MetadataToken>100663345</MetadataToken>
              <Name>System.Void TheFlow.Elements.Events.CatchAnyEventCatcher::.cctor()</Name>
              <FileRef uid="13" />
              <SequencePoints>
                <SequencePoint vc="1" uspid="162" ordinal="0" offset="0" sl="10" sc="9" el="11" ec="40" bec="0" bev="0" fileid="13" />
              </SequencePoints>
              <BranchPoints />
              <MethodPoint xsi:type="SequencePoint" vc="1" uspid="162" ordinal="0" offset="0" sl="10" sc="9" el="11" ec="40" bec="0" bev="0" fileid="13" />
            </Method>
          </Methods>
        </Class>
        <Class>
          <Summary numSequencePoints="5" visitedSequencePoints="0" numBranchPoints="3" visitedBranchPoints="0" sequenceCoverage="0" branchCoverage="0" maxCyclomaticComplexity="1" minCyclomaticComplexity="1" visitedClasses="0" numClasses="1" visitedMethods="0" numMethods="3" />
          <FullName>TheFlow.Elements.Events.CatchAnyEventCatcherBuilder</FullName>
          <Methods>
            <Method visited="false" cyclomaticComplexity="1" nPathComplexity="0" sequenceCoverage="0" branchCoverage="0" isConstructor="false" isStatic="false" isGetter="false" isSetter="false">
              <Summary numSequencePoints="2" visitedSequencePoints="0" numBranchPoints="1" visitedBranchPoints="0" sequenceCoverage="0" branchCoverage="0" maxCyclomaticComplexity="1" minCyclomaticComplexity="1" visitedClasses="0" numClasses="0" visitedMethods="0" numMethods="1" />
              <MetadataToken>100663346</MetadataToken>
              <Name>TheFlow.Elements.Events.CatchAnyEventCatcherBuilder TheFlow.Elements.Events.CatchAnyEventCatcherBuilder::AddDataOutput(System.String)</Name>
              <FileRef uid="13" />
              <SequencePoints>
                <SequencePoint vc="0" uspid="163" ordinal="0" offset="0" sl="24" sc="9" el="24" ec="10" bec="0" bev="0" fileid="13" />
                <SequencePoint vc="0" uspid="164" ordinal="1" offset="1" sl="25" sc="13" el="25" ec="56" bec="0" bev="0" fileid="13" />
              </SequencePoints>
              <BranchPoints />
              <MethodPoint xsi:type="SequencePoint" vc="0" uspid="163" ordinal="0" offset="0" sl="24" sc="9" el="24" ec="10" bec="0" bev="0" fileid="13" />
            </Method>
            <Method visited="false" cyclomaticComplexity="1" nPathComplexity="0" sequenceCoverage="0" branchCoverage="0" isConstructor="false" isStatic="false" isGetter="false" isSetter="false">
              <Summary numSequencePoints="2" visitedSequencePoints="0" numBranchPoints="1" visitedBranchPoints="0" sequenceCoverage="0" branchCoverage="0" maxCyclomaticComplexity="1" minCyclomaticComplexity="1" visitedClasses="0" numClasses="0" visitedMethods="0" numMethods="1" />
              <MetadataToken>100663347</MetadataToken>
              <Name>TheFlow.Elements.Events.CatchAnyEventCatcher TheFlow.Elements.Events.CatchAnyEventCatcherBuilder::Build()</Name>
              <FileRef uid="13" />
              <SequencePoints>
                <SequencePoint vc="0" uspid="165" ordinal="0" offset="0" sl="29" sc="9" el="29" ec="10" bec="0" bev="0" fileid="13" />
                <SequencePoint vc="0" uspid="166" ordinal="1" offset="1" sl="30" sc="13" el="30" ec="49" bec="0" bev="0" fileid="13" />
              </SequencePoints>
              <BranchPoints />
              <MethodPoint xsi:type="SequencePoint" vc="0" uspid="165" ordinal="0" offset="0" sl="29" sc="9" el="29" ec="10" bec="0" bev="0" fileid="13" />
            </Method>
            <Method visited="false" cyclomaticComplexity="1" nPathComplexity="0" sequenceCoverage="0" branchCoverage="0" isConstructor="false" isStatic="true" isGetter="false" isSetter="false">
              <Summary numSequencePoints="1" visitedSequencePoints="0" numBranchPoints="1" visitedBranchPoints="0" sequenceCoverage="0" branchCoverage="0" maxCyclomaticComplexity="1" minCyclomaticComplexity="1" visitedClasses="0" numClasses="0" visitedMethods="0" numMethods="1" />
              <MetadataToken>100663348</MetadataToken>
              <Name>TheFlow.Elements.Events.CatchAnyEventCatcher TheFlow.Elements.Events.CatchAnyEventCatcherBuilder::op_Implicit(TheFlow.Elements.Events.CatchAnyEventCatcherBuilder)</Name>
              <FileRef uid="13" />
              <SequencePoints>
                <SequencePoint vc="0" uspid="167" ordinal="0" offset="0" sl="34" sc="16" el="34" ec="31" bec="0" bev="0" fileid="13" />
              </SequencePoints>
              <BranchPoints />
              <MethodPoint xsi:type="SequencePoint" vc="0" uspid="167" ordinal="0" offset="0" sl="34" sc="16" el="34" ec="31" bec="0" bev="0" fileid="13" />
            </Method>
            <Method visited="false" cyclomaticComplexity="1" nPathComplexity="0" sequenceCoverage="0" branchCoverage="0" isConstructor="true" isStatic="false" isGetter="false" isSetter="false">
              <Summary numSequencePoints="0" visitedSequencePoints="0" numBranchPoints="0" visitedBranchPoints="0" sequenceCoverage="0" branchCoverage="0" maxCyclomaticComplexity="1" minCyclomaticComplexity="1" visitedClasses="0" numClasses="0" visitedMethods="0" numMethods="0" />
              <MetadataToken>100663349</MetadataToken>
              <Name>System.Void TheFlow.Elements.Events.CatchAnyEventCatcherBuilder::.ctor()</Name>
              <SequencePoints />
              <BranchPoints />
              <MethodPoint vc="0" uspid="168" ordinal="0" offset="0" />
            </Method>
          </Methods>
        </Class>
        <Class>
          <Summary numSequencePoints="6" visitedSequencePoints="6" numBranchPoints="3" visitedBranchPoints="3" sequenceCoverage="100" branchCoverage="100" maxCyclomaticComplexity="1" minCyclomaticComplexity="1" visitedClasses="1" numClasses="1" visitedMethods="3" numMethods="3" />
          <FullName>TheFlow.Elements.Events.SilentEventThrower</FullName>
          <Methods>
            <Method visited="true" cyclomaticComplexity="1" nPathComplexity="0" sequenceCoverage="100" branchCoverage="100" isConstructor="true" isStatic="false" isGetter="false" isSetter="false">
              <Summary numSequencePoints="3" visitedSequencePoints="3" numBranchPoints="1" visitedBranchPoints="1" sequenceCoverage="100" branchCoverage="100" maxCyclomaticComplexity="1" minCyclomaticComplexity="1" visitedClasses="0" numClasses="0" visitedMethods="1" numMethods="1" />
              <MetadataToken>100663353</MetadataToken>
              <Name>System.Void TheFlow.Elements.Events.SilentEventThrower::.ctor()</Name>
              <FileRef uid="15" />
              <SequencePoints>
                <SequencePoint vc="1" uspid="169" ordinal="0" offset="0" sl="5" sc="9" el="5" ec="37" bec="0" bev="0" fileid="15" />
                <SequencePoint vc="1" uspid="170" ordinal="1" offset="7" sl="6" sc="9" el="6" ec="10" bec="0" bev="0" fileid="15" />
                <SequencePoint vc="1" uspid="171" ordinal="2" offset="8" sl="7" sc="9" el="7" ec="10" bec="0" bev="0" fileid="15" />
              </SequencePoints>
              <BranchPoints />
              <MethodPoint xsi:type="SequencePoint" vc="1" uspid="169" ordinal="0" offset="0" sl="5" sc="9" el="5" ec="37" bec="0" bev="0" fileid="15" />
            </Method>
            <Method visited="true" cyclomaticComplexity="1" nPathComplexity="0" sequenceCoverage="100" branchCoverage="100" isConstructor="false" isStatic="false" isGetter="false" isSetter="false">
              <Summary numSequencePoints="2" visitedSequencePoints="2" numBranchPoints="1" visitedBranchPoints="1" sequenceCoverage="100" branchCoverage="100" maxCyclomaticComplexity="1" minCyclomaticComplexity="1" visitedClasses="0" numClasses="0" visitedMethods="1" numMethods="1" />
              <MetadataToken>100663354</MetadataToken>
              <Name>System.Void TheFlow.Elements.Events.SilentEventThrower::Throw()</Name>
              <FileRef uid="15" />
              <SequencePoints>
                <SequencePoint vc="8" uspid="172" ordinal="0" offset="0" sl="13" sc="9" el="13" ec="10" bec="0" bev="0" fileid="15" />
                <SequencePoint vc="8" uspid="173" ordinal="1" offset="1" sl="13" sc="10" el="13" ec="11" bec="0" bev="0" fileid="15" />
              </SequencePoints>
              <BranchPoints />
              <MethodPoint xsi:type="SequencePoint" vc="8" uspid="172" ordinal="0" offset="0" sl="13" sc="9" el="13" ec="10" bec="0" bev="0" fileid="15" />
            </Method>
            <Method visited="true" cyclomaticComplexity="1" nPathComplexity="0" sequenceCoverage="100" branchCoverage="100" isConstructor="true" isStatic="true" isGetter="false" isSetter="false">
              <Summary numSequencePoints="1" visitedSequencePoints="1" numBranchPoints="1" visitedBranchPoints="1" sequenceCoverage="100" branchCoverage="100" maxCyclomaticComplexity="1" minCyclomaticComplexity="1" visitedClasses="0" numClasses="0" visitedMethods="1" numMethods="1" />
              <MetadataToken>100663355</MetadataToken>
              <Name>System.Void TheFlow.Elements.Events.SilentEventThrower::.cctor()</Name>
              <FileRef uid="15" />
              <SequencePoints>
                <SequencePoint vc="1" uspid="174" ordinal="0" offset="0" sl="9" sc="9" el="10" ec="38" bec="0" bev="0" fileid="15" />
              </SequencePoints>
              <BranchPoints />
              <MethodPoint xsi:type="SequencePoint" vc="1" uspid="174" ordinal="0" offset="0" sl="9" sc="9" el="10" ec="38" bec="0" bev="0" fileid="15" />
            </Method>
          </Methods>
        </Class>
        <Class>
          <Summary numSequencePoints="17" visitedSequencePoints="11" numBranchPoints="9" visitedBranchPoints="5" sequenceCoverage="64.71" branchCoverage="55.56" maxCyclomaticComplexity="1" minCyclomaticComplexity="1" visitedClasses="1" numClasses="1" visitedMethods="5" numMethods="9" />
          <FullName>TheFlow.Elements.Events.TypedEventCatcher`1</FullName>
          <Methods>
            <Method visited="true" cyclomaticComplexity="1" nPathComplexity="0" sequenceCoverage="100" branchCoverage="100" isConstructor="false" isStatic="false" isGetter="false" isSetter="false">
              <Summary numSequencePoints="1" visitedSequencePoints="1" numBranchPoints="1" visitedBranchPoints="1" sequenceCoverage="100" branchCoverage="100" maxCyclomaticComplexity="1" minCyclomaticComplexity="1" visitedClasses="0" numClasses="0" visitedMethods="1" numMethods="1" />
              <MetadataToken>100663356</MetadataToken>
              <Name>System.Boolean TheFlow.Elements.Events.TypedEventCatcher`1::TheFlow.Elements.Events.IEventCatcher.CanHandle(System.Object)</Name>
              <FileRef uid="16" />
              <SequencePoints>
                <SequencePoint vc="17" uspid="175" ordinal="0" offset="0" sl="7" sc="13" el="7" ec="44" bec="0" bev="0" fileid="16" />
              </SequencePoints>
              <BranchPoints />
              <MethodPoint xsi:type="SequencePoint" vc="17" uspid="175" ordinal="0" offset="0" sl="7" sc="13" el="7" ec="44" bec="0" bev="0" fileid="16" />
            </Method>
            <Method visited="true" cyclomaticComplexity="1" nPathComplexity="0" sequenceCoverage="100" branchCoverage="100" isConstructor="false" isStatic="false" isGetter="false" isSetter="false">
              <Summary numSequencePoints="3" visitedSequencePoints="3" numBranchPoints="1" visitedBranchPoints="1" sequenceCoverage="100" branchCoverage="100" maxCyclomaticComplexity="1" minCyclomaticComplexity="1" visitedClasses="0" numClasses="0" visitedMethods="1" numMethods="1" />
              <MetadataToken>100663357</MetadataToken>
              <Name>System.Void TheFlow.Elements.Events.TypedEventCatcher`1::TheFlow.Elements.Events.IEventCatcher.Handle(System.Object)</Name>
              <FileRef uid="16" />
              <SequencePoints>
                <SequencePoint vc="5" uspid="176" ordinal="0" offset="0" sl="10" sc="9" el="10" ec="10" bec="0" bev="0" fileid="16" />
                <SequencePoint vc="5" uspid="177" ordinal="1" offset="1" sl="11" sc="13" el="11" ec="42" bec="0" bev="0" fileid="16" />
                <SequencePoint vc="5" uspid="178" ordinal="2" offset="19" sl="12" sc="9" el="12" ec="10" bec="0" bev="0" fileid="16" />
              </SequencePoints>
              <BranchPoints />
              <MethodPoint xsi:type="SequencePoint" vc="5" uspid="176" ordinal="0" offset="0" sl="10" sc="9" el="10" ec="10" bec="0" bev="0" fileid="16" />
            </Method>
            <Method visited="false" cyclomaticComplexity="1" nPathComplexity="0" sequenceCoverage="0" branchCoverage="0" isConstructor="false" isStatic="false" isGetter="false" isSetter="false">
              <Summary numSequencePoints="2" visitedSequencePoints="0" numBranchPoints="1" visitedBranchPoints="0" sequenceCoverage="0" branchCoverage="0" maxCyclomaticComplexity="1" minCyclomaticComplexity="1" visitedClasses="0" numClasses="0" visitedMethods="0" numMethods="1" />
              <MetadataToken>100663358</MetadataToken>
              <Name>System.Void TheFlow.Elements.Events.TypedEventCatcher`1::AddDataOutput(System.String)</Name>
              <FileRef uid="16" />
              <SequencePoints>
                <SequencePoint vc="0" uspid="179" ordinal="0" offset="0" sl="15" sc="9" el="15" ec="10" bec="0" bev="0" fileid="16" />
                <SequencePoint vc="0" uspid="180" ordinal="1" offset="1" sl="16" sc="13" el="16" ec="56" bec="0" bev="0" fileid="16" />
              </SequencePoints>
              <BranchPoints />
              <MethodPoint xsi:type="SequencePoint" vc="0" uspid="179" ordinal="0" offset="0" sl="15" sc="9" el="15" ec="10" bec="0" bev="0" fileid="16" />
            </Method>
            <Method visited="false" cyclomaticComplexity="1" nPathComplexity="0" sequenceCoverage="0" branchCoverage="0" isConstructor="false" isStatic="false" isGetter="false" isSetter="false">
              <Summary numSequencePoints="2" visitedSequencePoints="0" numBranchPoints="1" visitedBranchPoints="0" sequenceCoverage="0" branchCoverage="0" maxCyclomaticComplexity="1" minCyclomaticComplexity="1" visitedClasses="0" numClasses="0" visitedMethods="0" numMethods="1" />
              <MetadataToken>100663359</MetadataToken>
              <Name>System.Void TheFlow.Elements.Events.TypedEventCatcher`1::AddDataInput(System.String)</Name>
              <FileRef uid="16" />
              <SequencePoints>
                <SequencePoint vc="0" uspid="181" ordinal="0" offset="0" sl="20" sc="9" el="20" ec="10" bec="0" bev="0" fileid="16" />
                <SequencePoint vc="0" uspid="182" ordinal="1" offset="1" sl="21" sc="13" el="21" ec="56" bec="0" bev="0" fileid="16" />
              </SequencePoints>
              <BranchPoints />
              <MethodPoint xsi:type="SequencePoint" vc="0" uspid="181" ordinal="0" offset="0" sl="20" sc="9" el="20" ec="10" bec="0" bev="0" fileid="16" />
            </Method>
            <Method visited="false" cyclomaticComplexity="1" nPathComplexity="0" sequenceCoverage="0" branchCoverage="0" isConstructor="false" isStatic="false" isGetter="false" isSetter="false">
              <Summary numSequencePoints="1" visitedSequencePoints="0" numBranchPoints="1" visitedBranchPoints="0" sequenceCoverage="0" branchCoverage="0" maxCyclomaticComplexity="1" minCyclomaticComplexity="1" visitedClasses="0" numClasses="0" visitedMethods="0" numMethods="1" />
              <MetadataToken>100663360</MetadataToken>
              <Name>System.Boolean TheFlow.Elements.Events.TypedEventCatcher`1::CanHandle(TEvent)</Name>
              <FileRef uid="16" />
              <SequencePoints>
                <SequencePoint vc="0" uspid="183" ordinal="0" offset="0" sl="25" sc="13" el="25" ec="34" bec="0" bev="0" fileid="16" />
              </SequencePoints>
              <BranchPoints />
              <MethodPoint xsi:type="SequencePoint" vc="0" uspid="183" ordinal="0" offset="0" sl="25" sc="13" el="25" ec="34" bec="0" bev="0" fileid="16" />
            </Method>
            <Method visited="false" cyclomaticComplexity="1" nPathComplexity="0" sequenceCoverage="0" branchCoverage="0" isConstructor="false" isStatic="false" isGetter="false" isSetter="false">
              <Summary numSequencePoints="1" visitedSequencePoints="0" numBranchPoints="1" visitedBranchPoints="0" sequenceCoverage="0" branchCoverage="0" maxCyclomaticComplexity="1" minCyclomaticComplexity="1" visitedClasses="0" numClasses="0" visitedMethods="0" numMethods="1" />
              <MetadataToken>100663361</MetadataToken>
              <Name>System.Void TheFlow.Elements.Events.TypedEventCatcher`1::Handle(TEvent)</Name>
              <FileRef uid="16" />
              <SequencePoints>
                <SequencePoint vc="0" uspid="184" ordinal="0" offset="0" sl="28" sc="13" el="28" ec="31" bec="0" bev="0" fileid="16" />
              </SequencePoints>
              <BranchPoints />
              <MethodPoint xsi:type="SequencePoint" vc="0" uspid="184" ordinal="0" offset="0" sl="28" sc="13" el="28" ec="31" bec="0" bev="0" fileid="16" />
            </Method>
            <Method visited="true" cyclomaticComplexity="1" nPathComplexity="0" sequenceCoverage="100" branchCoverage="100" isConstructor="false" isStatic="false" isGetter="false" isSetter="false">
              <Summary numSequencePoints="3" visitedSequencePoints="3" numBranchPoints="1" visitedBranchPoints="1" sequenceCoverage="100" branchCoverage="100" maxCyclomaticComplexity="1" minCyclomaticComplexity="1" visitedClasses="0" numClasses="0" visitedMethods="1" numMethods="1" />
              <MetadataToken>100663362</MetadataToken>
              <Name>System.Boolean TheFlow.Elements.Events.TypedEventCatcher`1::CanHandleImpl(TEvent)</Name>
              <FileRef uid="16" />
              <SequencePoints>
                <SequencePoint vc="17" uspid="185" ordinal="0" offset="0" sl="31" sc="9" el="31" ec="10" bec="0" bev="0" fileid="16" />
                <SequencePoint vc="17" uspid="186" ordinal="1" offset="1" sl="32" sc="13" el="32" ec="35" bec="0" bev="0" fileid="16" />
                <SequencePoint vc="17" uspid="187" ordinal="2" offset="13" sl="33" sc="9" el="33" ec="10" bec="0" bev="0" fileid="16" />
              </SequencePoints>
              <BranchPoints />
              <MethodPoint xsi:type="SequencePoint" vc="17" uspid="185" ordinal="0" offset="0" sl="31" sc="9" el="31" ec="10" bec="0" bev="0" fileid="16" />
            </Method>
            <Method visited="true" cyclomaticComplexity="1" nPathComplexity="0" sequenceCoverage="100" branchCoverage="100" isConstructor="false" isStatic="false" isGetter="false" isSetter="false">
              <Summary numSequencePoints="3" visitedSequencePoints="3" numBranchPoints="1" visitedBranchPoints="1" sequenceCoverage="100" branchCoverage="100" maxCyclomaticComplexity="1" minCyclomaticComplexity="1" visitedClasses="0" numClasses="0" visitedMethods="1" numMethods="1" />
              <MetadataToken>100663363</MetadataToken>
              <Name>System.Void TheFlow.Elements.Events.TypedEventCatcher`1::HandleImpl(TEvent)</Name>
              <FileRef uid="16" />
              <SequencePoints>
                <SequencePoint vc="5" uspid="188" ordinal="0" offset="0" sl="36" sc="9" el="36" ec="10" bec="0" bev="0" fileid="16" />
                <SequencePoint vc="5" uspid="189" ordinal="1" offset="1" sl="37" sc="13" el="37" ec="20" bec="0" bev="0" fileid="16" />
                <SequencePoint vc="5" uspid="190" ordinal="2" offset="3" sl="38" sc="9" el="38" ec="10" bec="0" bev="0" fileid="16" />
              </SequencePoints>
              <BranchPoints />
              <MethodPoint xsi:type="SequencePoint" vc="5" uspid="188" ordinal="0" offset="0" sl="36" sc="9" el="36" ec="10" bec="0" bev="0" fileid="16" />
            </Method>
            <Method visited="true" cyclomaticComplexity="1" nPathComplexity="0" sequenceCoverage="0" branchCoverage="0" isConstructor="true" isStatic="false" isGetter="false" isSetter="false">
              <Summary numSequencePoints="0" visitedSequencePoints="0" numBranchPoints="0" visitedBranchPoints="0" sequenceCoverage="0" branchCoverage="0" maxCyclomaticComplexity="1" minCyclomaticComplexity="1" visitedClasses="0" numClasses="0" visitedMethods="0" numMethods="0" />
              <MetadataToken>100663364</MetadataToken>
              <Name>System.Void TheFlow.Elements.Events.TypedEventCatcher`1::.ctor()</Name>
              <SequencePoints />
              <BranchPoints />
              <MethodPoint vc="6" uspid="191" ordinal="0" offset="0" />
            </Method>
            <Method visited="true" cyclomaticComplexity="1" nPathComplexity="0" sequenceCoverage="100" branchCoverage="100" isConstructor="true" isStatic="true" isGetter="false" isSetter="false">
              <Summary numSequencePoints="1" visitedSequencePoints="1" numBranchPoints="1" visitedBranchPoints="1" sequenceCoverage="100" branchCoverage="100" maxCyclomaticComplexity="1" minCyclomaticComplexity="1" visitedClasses="0" numClasses="0" visitedMethods="1" numMethods="1" />
              <MetadataToken>100663365</MetadataToken>
              <Name>System.Void TheFlow.Elements.Events.TypedEventCatcher`1::.cctor()</Name>
              <FileRef uid="16" />
              <SequencePoints>
                <SequencePoint vc="6" uspid="192" ordinal="0" offset="0" sl="40" sc="9" el="41" ec="45" bec="0" bev="0" fileid="16" />
              </SequencePoints>
              <BranchPoints />
              <MethodPoint xsi:type="SequencePoint" vc="6" uspid="192" ordinal="0" offset="0" sl="40" sc="9" el="41" ec="45" bec="0" bev="0" fileid="16" />
            </Method>
          </Methods>
        </Class>
        <Class>
          <Summary numSequencePoints="10" visitedSequencePoints="0" numBranchPoints="4" visitedBranchPoints="0" sequenceCoverage="0" branchCoverage="0" maxCyclomaticComplexity="1" minCyclomaticComplexity="1" visitedClasses="0" numClasses="1" visitedMethods="0" numMethods="4" />
          <FullName>TheFlow.Elements.Data.DataAssociation`1</FullName>
          <Methods>
            <Method visited="false" cyclomaticComplexity="1" nPathComplexity="0" sequenceCoverage="0" branchCoverage="0" isConstructor="false" isStatic="false" isGetter="true" isSetter="false">
              <Summary numSequencePoints="1" visitedSequencePoints="0" numBranchPoints="1" visitedBranchPoints="0" sequenceCoverage="0" branchCoverage="0" maxCyclomaticComplexity="1" minCyclomaticComplexity="1" visitedClasses="0" numClasses="0" visitedMethods="0" numMethods="1" />
              <MetadataToken>100663366</MetadataToken>
              <Name>TheFlow.Elements.Data.DataInput`1&lt;T&gt; TheFlow.Elements.Data.DataAssociation`1::get_Input()</Name>
              <FileRef uid="17" />
              <SequencePoints>
                <SequencePoint vc="0" uspid="193" ordinal="0" offset="0" sl="5" sc="37" el="5" ec="41" bec="0" bev="0" fileid="17" />
              </SequencePoints>
              <BranchPoints />
              <MethodPoint xsi:type="SequencePoint" vc="0" uspid="193" ordinal="0" offset="0" sl="5" sc="37" el="5" ec="41" bec="0" bev="0" fileid="17" />
            </Method>
            <Method visited="false" cyclomaticComplexity="1" nPathComplexity="0" sequenceCoverage="0" branchCoverage="0" isConstructor="false" isStatic="false" isGetter="true" isSetter="false">
              <Summary numSequencePoints="1" visitedSequencePoints="0" numBranchPoints="1" visitedBranchPoints="0" sequenceCoverage="0" branchCoverage="0" maxCyclomaticComplexity="1" minCyclomaticComplexity="1" visitedClasses="0" numClasses="0" visitedMethods="0" numMethods="1" />
              <MetadataToken>100663367</MetadataToken>
              <Name>TheFlow.Elements.Data.DataOutput`1&lt;T&gt; TheFlow.Elements.Data.DataAssociation`1::get_Output()</Name>
              <FileRef uid="17" />
              <SequencePoints>
                <SequencePoint vc="0" uspid="194" ordinal="0" offset="0" sl="6" sc="39" el="6" ec="43" bec="0" bev="0" fileid="17" />
              </SequencePoints>
              <BranchPoints />
              <MethodPoint xsi:type="SequencePoint" vc="0" uspid="194" ordinal="0" offset="0" sl="6" sc="39" el="6" ec="43" bec="0" bev="0" fileid="17" />
            </Method>
            <Method visited="false" cyclomaticComplexity="1" nPathComplexity="0" sequenceCoverage="0" branchCoverage="0" isConstructor="true" isStatic="false" isGetter="false" isSetter="false">
              <Summary numSequencePoints="5" visitedSequencePoints="0" numBranchPoints="1" visitedBranchPoints="0" sequenceCoverage="0" branchCoverage="0" maxCyclomaticComplexity="1" minCyclomaticComplexity="1" visitedClasses="0" numClasses="0" visitedMethods="0" numMethods="1" />
              <MetadataToken>100663368</MetadataToken>
              <Name>System.Void TheFlow.Elements.Data.DataAssociation`1::.ctor(TheFlow.Elements.Data.DataInput`1&lt;T&gt;,TheFlow.Elements.Data.DataOutput`1&lt;T&gt;)</Name>
              <FileRef uid="17" />
              <SequencePoints>
                <SequencePoint vc="0" uspid="195" ordinal="0" offset="0" sl="9" sc="9" el="12" ec="14" bec="0" bev="0" fileid="17" />
                <SequencePoint vc="0" uspid="196" ordinal="1" offset="7" sl="13" sc="9" el="13" ec="10" bec="0" bev="0" fileid="17" />
                <SequencePoint vc="0" uspid="197" ordinal="2" offset="8" sl="14" sc="13" el="14" ec="27" bec="0" bev="0" fileid="17" />
                <SequencePoint vc="0" uspid="198" ordinal="3" offset="15" sl="15" sc="13" el="15" ec="29" bec="0" bev="0" fileid="17" />
                <SequencePoint vc="0" uspid="199" ordinal="4" offset="22" sl="16" sc="9" el="16" ec="10" bec="0" bev="0" fileid="17" />
              </SequencePoints>
              <BranchPoints />
              <MethodPoint xsi:type="SequencePoint" vc="0" uspid="195" ordinal="0" offset="0" sl="9" sc="9" el="12" ec="14" bec="0" bev="0" fileid="17" />
            </Method>
            <Method visited="false" cyclomaticComplexity="1" nPathComplexity="0" sequenceCoverage="0" branchCoverage="0" isConstructor="false" isStatic="true" isGetter="false" isSetter="false">
              <Summary numSequencePoints="3" visitedSequencePoints="0" numBranchPoints="1" visitedBranchPoints="0" sequenceCoverage="0" branchCoverage="0" maxCyclomaticComplexity="1" minCyclomaticComplexity="1" visitedClasses="0" numClasses="0" visitedMethods="0" numMethods="1" />
              <MetadataToken>100663369</MetadataToken>
              <Name>TheFlow.Elements.Data.DataAssociation`1&lt;T&gt; TheFlow.Elements.Data.DataAssociation`1::Create(TheFlow.Elements.Data.DataInput`1&lt;T&gt;,TheFlow.Elements.Data.DataOutput`1&lt;T&gt;)</Name>
              <FileRef uid="17" />
              <SequencePoints>
                <SequencePoint vc="0" uspid="200" ordinal="0" offset="0" sl="23" sc="9" el="23" ec="10" bec="0" bev="0" fileid="17" />
                <SequencePoint vc="0" uspid="201" ordinal="1" offset="1" sl="24" sc="13" el="24" ec="58" bec="0" bev="0" fileid="17" />
                <SequencePoint vc="0" uspid="202" ordinal="2" offset="11" sl="25" sc="9" el="25" ec="10" bec="0" bev="0" fileid="17" />
              </SequencePoints>
              <BranchPoints />
              <MethodPoint xsi:type="SequencePoint" vc="0" uspid="200" ordinal="0" offset="0" sl="23" sc="9" el="23" ec="10" bec="0" bev="0" fileid="17" />
            </Method>
          </Methods>
        </Class>
        <Class>
          <Summary numSequencePoints="10" visitedSequencePoints="9" numBranchPoints="5" visitedBranchPoints="4" sequenceCoverage="90" branchCoverage="80" maxCyclomaticComplexity="1" minCyclomaticComplexity="1" visitedClasses="1" numClasses="1" visitedMethods="4" numMethods="5" />
          <FullName>TheFlow.Elements.Data.DataInput`1</FullName>
          <Methods>
            <Method visited="false" cyclomaticComplexity="1" nPathComplexity="0" sequenceCoverage="0" branchCoverage="0" isConstructor="false" isStatic="false" isGetter="true" isSetter="false">
              <Summary numSequencePoints="1" visitedSequencePoints="0" numBranchPoints="1" visitedBranchPoints="0" sequenceCoverage="0" branchCoverage="0" maxCyclomaticComplexity="1" minCyclomaticComplexity="1" visitedClasses="0" numClasses="0" visitedMethods="0" numMethods="1" />
              <MetadataToken>100663370</MetadataToken>
              <Name>System.String TheFlow.Elements.Data.DataInput`1::get_Name()</Name>
              <FileRef uid="18" />
              <SequencePoints>
                <SequencePoint vc="0" uspid="203" ordinal="0" offset="0" sl="7" sc="30" el="7" ec="34" bec="0" bev="0" fileid="18" />
              </SequencePoints>
              <BranchPoints />
              <MethodPoint xsi:type="SequencePoint" vc="0" uspid="203" ordinal="0" offset="0" sl="7" sc="30" el="7" ec="34" bec="0" bev="0" fileid="18" />
            </Method>
            <Method visited="true" cyclomaticComplexity="1" nPathComplexity="0" sequenceCoverage="100" branchCoverage="100" isConstructor="false" isStatic="false" isGetter="true" isSetter="false">
              <Summary numSequencePoints="1" visitedSequencePoints="1" numBranchPoints="1" visitedBranchPoints="1" sequenceCoverage="100" branchCoverage="100" maxCyclomaticComplexity="1" minCyclomaticComplexity="1" visitedClasses="0" numClasses="0" visitedMethods="1" numMethods="1" />
              <MetadataToken>100663372</MetadataToken>
              <Name>T TheFlow.Elements.Data.DataInput`1::get_CurrentValue()</Name>
              <FileRef uid="18" />
              <SequencePoints>
                <SequencePoint vc="1" uspid="204" ordinal="0" offset="0" sl="14" sc="33" el="14" ec="37" bec="0" bev="0" fileid="18" />
              </SequencePoints>
              <BranchPoints />
              <MethodPoint xsi:type="SequencePoint" vc="1" uspid="204" ordinal="0" offset="0" sl="14" sc="33" el="14" ec="37" bec="0" bev="0" fileid="18" />
            </Method>
            <Method visited="true" cyclomaticComplexity="1" nPathComplexity="0" sequenceCoverage="100" branchCoverage="100" isConstructor="false" isStatic="false" isGetter="false" isSetter="true">
              <Summary numSequencePoints="1" visitedSequencePoints="1" numBranchPoints="1" visitedBranchPoints="1" sequenceCoverage="100" branchCoverage="100" maxCyclomaticComplexity="1" minCyclomaticComplexity="1" visitedClasses="0" numClasses="0" visitedMethods="1" numMethods="1" />
              <MetadataToken>100663373</MetadataToken>
              <Name>System.Void TheFlow.Elements.Data.DataInput`1::set_CurrentValue(T)</Name>
              <FileRef uid="18" />
              <SequencePoints>
                <SequencePoint vc="1" uspid="205" ordinal="0" offset="0" sl="14" sc="38" el="14" ec="50" bec="0" bev="0" fileid="18" />
              </SequencePoints>
              <BranchPoints />
              <MethodPoint xsi:type="SequencePoint" vc="1" uspid="205" ordinal="0" offset="0" sl="14" sc="38" el="14" ec="50" bec="0" bev="0" fileid="18" />
            </Method>
            <Method visited="true" cyclomaticComplexity="1" nPathComplexity="0" sequenceCoverage="100" branchCoverage="100" isConstructor="true" isStatic="false" isGetter="false" isSetter="false">
              <Summary numSequencePoints="4" visitedSequencePoints="4" numBranchPoints="1" visitedBranchPoints="1" sequenceCoverage="100" branchCoverage="100" maxCyclomaticComplexity="1" minCyclomaticComplexity="1" visitedClasses="0" numClasses="0" visitedMethods="1" numMethods="1" />
              <MetadataToken>100663371</MetadataToken>
              <Name>System.Void TheFlow.Elements.Data.DataInput`1::.ctor(System.String)</Name>
              <FileRef uid="18" />
              <SequencePoints>
                <SequencePoint vc="2" uspid="206" ordinal="0" offset="0" sl="9" sc="9" el="9" ec="38" bec="0" bev="0" fileid="18" />
                <SequencePoint vc="2" uspid="207" ordinal="1" offset="7" sl="10" sc="9" el="10" ec="10" bec="0" bev="0" fileid="18" />
                <SequencePoint vc="2" uspid="208" ordinal="2" offset="8" sl="11" sc="13" el="11" ec="25" bec="0" bev="0" fileid="18" />
                <SequencePoint vc="2" uspid="209" ordinal="3" offset="15" sl="12" sc="9" el="12" ec="10" bec="0" bev="0" fileid="18" />
              </SequencePoints>
              <BranchPoints />
              <MethodPoint xsi:type="SequencePoint" vc="2" uspid="206" ordinal="0" offset="0" sl="9" sc="9" el="9" ec="38" bec="0" bev="0" fileid="18" />
            </Method>
            <Method visited="true" cyclomaticComplexity="1" nPathComplexity="0" sequenceCoverage="100" branchCoverage="100" isConstructor="false" isStatic="false" isGetter="false" isSetter="false">
              <Summary numSequencePoints="3" visitedSequencePoints="3" numBranchPoints="1" visitedBranchPoints="1" sequenceCoverage="100" branchCoverage="100" maxCyclomaticComplexity="1" minCyclomaticComplexity="1" visitedClasses="0" numClasses="0" visitedMethods="1" numMethods="1" />
              <MetadataToken>100663374</MetadataToken>
              <Name>System.Void TheFlow.Elements.Data.DataInput`1::Update(T)</Name>
              <FileRef uid="18" />
              <SequencePoints>
                <SequencePoint vc="1" uspid="210" ordinal="0" offset="0" sl="16" sc="9" el="16" ec="10" bec="0" bev="0" fileid="18" />
                <SequencePoint vc="1" uspid="211" ordinal="1" offset="1" sl="17" sc="13" el="17" ec="33" bec="0" bev="0" fileid="18" />
                <SequencePoint vc="1" uspid="212" ordinal="2" offset="9" sl="18" sc="9" el="18" ec="10" bec="0" bev="0" fileid="18" />
              </SequencePoints>
              <BranchPoints />
              <MethodPoint xsi:type="SequencePoint" vc="1" uspid="210" ordinal="0" offset="0" sl="16" sc="9" el="16" ec="10" bec="0" bev="0" fileid="18" />
            </Method>
          </Methods>
        </Class>
        <Class>
          <Summary numSequencePoints="12" visitedSequencePoints="11" numBranchPoints="4" visitedBranchPoints="3" sequenceCoverage="91.67" branchCoverage="75" maxCyclomaticComplexity="1" minCyclomaticComplexity="1" visitedClasses="1" numClasses="1" visitedMethods="3" numMethods="4" />
          <FullName>TheFlow.Elements.Data.DataOutput`1</FullName>
          <Methods>
            <Method visited="false" cyclomaticComplexity="1" nPathComplexity="0" sequenceCoverage="0" branchCoverage="0" isConstructor="false" isStatic="false" isGetter="true" isSetter="false">
              <Summary numSequencePoints="1" visitedSequencePoints="0" numBranchPoints="1" visitedBranchPoints="0" sequenceCoverage="0" branchCoverage="0" maxCyclomaticComplexity="1" minCyclomaticComplexity="1" visitedClasses="0" numClasses="0" visitedMethods="0" numMethods="1" />
              <MetadataToken>100663375</MetadataToken>
              <Name>System.String TheFlow.Elements.Data.DataOutput`1::get_Name()</Name>
              <FileRef uid="19" />
              <SequencePoints>
                <SequencePoint vc="0" uspid="213" ordinal="0" offset="0" sl="9" sc="30" el="9" ec="34" bec="0" bev="0" fileid="19" />
              </SequencePoints>
              <BranchPoints />
              <MethodPoint xsi:type="SequencePoint" vc="0" uspid="213" ordinal="0" offset="0" sl="9" sc="30" el="9" ec="34" bec="0" bev="0" fileid="19" />
            </Method>
            <Method visited="true" cyclomaticComplexity="1" nPathComplexity="0" sequenceCoverage="100" branchCoverage="100" isConstructor="true" isStatic="false" isGetter="false" isSetter="false">
              <Summary numSequencePoints="5" visitedSequencePoints="5" numBranchPoints="1" visitedBranchPoints="1" sequenceCoverage="100" branchCoverage="100" maxCyclomaticComplexity="1" minCyclomaticComplexity="1" visitedClasses="0" numClasses="0" visitedMethods="1" numMethods="1" />
              <MetadataToken>100663376</MetadataToken>
              <Name>System.Void TheFlow.Elements.Data.DataOutput`1::.ctor(System.String)</Name>
              <FileRef uid="19" />
              <SequencePoints>
                <SequencePoint vc="2" uspid="214" ordinal="0" offset="0" sl="18" sc="9" el="18" ec="64" bec="0" bev="0" fileid="19" />
                <SequencePoint vc="2" uspid="215" ordinal="1" offset="11" sl="11" sc="9" el="11" ec="39" bec="0" bev="0" fileid="19" />
                <SequencePoint vc="2" uspid="216" ordinal="2" offset="18" sl="13" sc="9" el="13" ec="10" bec="0" bev="0" fileid="19" />
                <SequencePoint vc="2" uspid="217" ordinal="3" offset="19" sl="14" sc="13" el="14" ec="25" bec="0" bev="0" fileid="19" />
                <SequencePoint vc="2" uspid="218" ordinal="4" offset="26" sl="15" sc="9" el="15" ec="10" bec="0" bev="0" fileid="19" />
              </SequencePoints>
              <BranchPoints />
              <MethodPoint xsi:type="SequencePoint" vc="2" uspid="214" ordinal="0" offset="0" sl="18" sc="9" el="18" ec="64" bec="0" bev="0" fileid="19" />
            </Method>
            <Method visited="true" cyclomaticComplexity="1" nPathComplexity="0" sequenceCoverage="100" branchCoverage="100" isConstructor="false" isStatic="false" isGetter="false" isSetter="false">
              <Summary numSequencePoints="3" visitedSequencePoints="3" numBranchPoints="1" visitedBranchPoints="1" sequenceCoverage="100" branchCoverage="100" maxCyclomaticComplexity="1" minCyclomaticComplexity="1" visitedClasses="0" numClasses="0" visitedMethods="1" numMethods="1" />
              <MetadataToken>100663377</MetadataToken>
              <Name>System.Void TheFlow.Elements.Data.DataOutput`1::Subscribe(System.Action`1&lt;T&gt;)</Name>
              <FileRef uid="19" />
              <SequencePoints>
                <SequencePoint vc="1" uspid="219" ordinal="0" offset="0" sl="20" sc="9" el="20" ec="10" bec="0" bev="0" fileid="19" />
                <SequencePoint vc="1" uspid="220" ordinal="1" offset="1" sl="21" sc="13" el="21" ec="40" bec="0" bev="0" fileid="19" />
                <SequencePoint vc="1" uspid="221" ordinal="2" offset="14" sl="22" sc="9" el="22" ec="10" bec="0" bev="0" fileid="19" />
              </SequencePoints>
              <BranchPoints />
              <MethodPoint xsi:type="SequencePoint" vc="1" uspid="219" ordinal="0" offset="0" sl="20" sc="9" el="20" ec="10" bec="0" bev="0" fileid="19" />
            </Method>
            <Method visited="true" cyclomaticComplexity="1" nPathComplexity="0" sequenceCoverage="100" branchCoverage="100" isConstructor="false" isStatic="false" isGetter="false" isSetter="false">
              <Summary numSequencePoints="3" visitedSequencePoints="3" numBranchPoints="1" visitedBranchPoints="1" sequenceCoverage="100" branchCoverage="100" maxCyclomaticComplexity="1" minCyclomaticComplexity="1" visitedClasses="0" numClasses="0" visitedMethods="1" numMethods="1" />
              <MetadataToken>100663378</MetadataToken>
              <Name>System.Void TheFlow.Elements.Data.DataOutput`1::Update(T)</Name>
              <FileRef uid="19" />
              <SequencePoints>
                <SequencePoint vc="1" uspid="222" ordinal="0" offset="13" sl="25" sc="9" el="25" ec="10" bec="0" bev="0" fileid="19" />
                <SequencePoint vc="1" uspid="223" ordinal="1" offset="14" sl="26" sc="13" el="26" ec="54" bec="0" bev="0" fileid="19" />
                <SequencePoint vc="1" uspid="224" ordinal="2" offset="38" sl="27" sc="9" el="27" ec="10" bec="0" bev="0" fileid="19" />
              </SequencePoints>
              <BranchPoints />
              <MethodPoint vc="1" uspid="225" ordinal="0" offset="0" />
            </Method>
          </Methods>
        </Class>
        <Class>
          <Summary numSequencePoints="1" visitedSequencePoints="1" numBranchPoints="1" visitedBranchPoints="1" sequenceCoverage="100" branchCoverage="100" maxCyclomaticComplexity="1" minCyclomaticComplexity="1" visitedClasses="1" numClasses="1" visitedMethods="1" numMethods="1" />
          <FullName>TheFlow.Elements.Data.DataOutput`1/&lt;&gt;c__DisplayClass6_0</FullName>
          <Methods>
            <Method visited="true" cyclomaticComplexity="1" nPathComplexity="0" sequenceCoverage="0" branchCoverage="0" isConstructor="true" isStatic="false" isGetter="false" isSetter="false">
              <Summary numSequencePoints="0" visitedSequencePoints="0" numBranchPoints="0" visitedBranchPoints="0" sequenceCoverage="0" branchCoverage="0" maxCyclomaticComplexity="1" minCyclomaticComplexity="1" visitedClasses="0" numClasses="0" visitedMethods="0" numMethods="0" />
              <MetadataToken>100663493</MetadataToken>
              <Name>System.Void TheFlow.Elements.Data.DataOutput`1/&lt;&gt;c__DisplayClass6_0::.ctor()</Name>
              <SequencePoints />
              <BranchPoints />
              <MethodPoint vc="1" uspid="226" ordinal="0" offset="0" />
            </Method>
            <Method visited="true" cyclomaticComplexity="1" nPathComplexity="0" sequenceCoverage="100" branchCoverage="100" isConstructor="false" isStatic="false" isGetter="false" isSetter="false">
              <Summary numSequencePoints="1" visitedSequencePoints="1" numBranchPoints="1" visitedBranchPoints="1" sequenceCoverage="100" branchCoverage="100" maxCyclomaticComplexity="1" minCyclomaticComplexity="1" visitedClasses="0" numClasses="0" visitedMethods="1" numMethods="1" />
              <MetadataToken>100663494</MetadataToken>
              <Name>System.Void TheFlow.Elements.Data.DataOutput`1/&lt;&gt;c__DisplayClass6_0::&lt;Update&gt;b__0(System.Action`1&lt;T&gt;)</Name>
              <FileRef uid="19" />
              <SequencePoints>
                <SequencePoint vc="1" uspid="227" ordinal="0" offset="0" sl="26" sc="41" el="26" ec="52" bec="0" bev="0" fileid="19" />
              </SequencePoints>
              <BranchPoints />
              <MethodPoint xsi:type="SequencePoint" vc="1" uspid="227" ordinal="0" offset="0" sl="26" sc="41" el="26" ec="52" bec="0" bev="0" fileid="19" />
            </Method>
          </Methods>
        </Class>
        <Class>
          <Summary numSequencePoints="10" visitedSequencePoints="0" numBranchPoints="6" visitedBranchPoints="0" sequenceCoverage="0" branchCoverage="0" maxCyclomaticComplexity="1" minCyclomaticComplexity="1" visitedClasses="0" numClasses="1" visitedMethods="0" numMethods="6" />
          <FullName>TheFlow.Elements.Data.SimpleDataElementFactory`1</FullName>
          <Methods>
            <Method visited="false" cyclomaticComplexity="1" nPathComplexity="0" sequenceCoverage="0" branchCoverage="0" isConstructor="true" isStatic="false" isGetter="false" isSetter="false">
              <Summary numSequencePoints="3" visitedSequencePoints="0" numBranchPoints="1" visitedBranchPoints="0" sequenceCoverage="0" branchCoverage="0" maxCyclomaticComplexity="1" minCyclomaticComplexity="1" visitedClasses="0" numClasses="0" visitedMethods="0" numMethods="1" />
              <MetadataToken>100663382</MetadataToken>
              <Name>System.Void TheFlow.Elements.Data.SimpleDataElementFactory`1::.ctor()</Name>
              <FileRef uid="21" />
              <SequencePoints>
                <SequencePoint vc="0" uspid="228" ordinal="0" offset="0" sl="7" sc="9" el="7" ec="43" bec="0" bev="0" fileid="21" />
                <SequencePoint vc="0" uspid="229" ordinal="1" offset="7" sl="7" sc="44" el="7" ec="45" bec="0" bev="0" fileid="21" />
                <SequencePoint vc="0" uspid="230" ordinal="2" offset="8" sl="7" sc="45" el="7" ec="46" bec="0" bev="0" fileid="21" />
              </SequencePoints>
              <BranchPoints />
              <MethodPoint xsi:type="SequencePoint" vc="0" uspid="228" ordinal="0" offset="0" sl="7" sc="9" el="7" ec="43" bec="0" bev="0" fileid="21" />
            </Method>
            <Method visited="false" cyclomaticComplexity="1" nPathComplexity="0" sequenceCoverage="0" branchCoverage="0" isConstructor="false" isStatic="false" isGetter="false" isSetter="false">
              <Summary numSequencePoints="1" visitedSequencePoints="0" numBranchPoints="1" visitedBranchPoints="0" sequenceCoverage="0" branchCoverage="0" maxCyclomaticComplexity="1" minCyclomaticComplexity="1" visitedClasses="0" numClasses="0" visitedMethods="0" numMethods="1" />
              <MetadataToken>100663383</MetadataToken>
              <Name>T TheFlow.Elements.Data.SimpleDataElementFactory`1::CreateInstance()</Name>
              <FileRef uid="21" />
              <SequencePoints>
                <SequencePoint vc="0" uspid="231" ordinal="0" offset="0" sl="9" sc="38" el="10" ec="33" bec="0" bev="0" fileid="21" />
              </SequencePoints>
              <BranchPoints />
              <MethodPoint xsi:type="SequencePoint" vc="0" uspid="231" ordinal="0" offset="0" sl="9" sc="38" el="10" ec="33" bec="0" bev="0" fileid="21" />
            </Method>
            <Method visited="false" cyclomaticComplexity="1" nPathComplexity="0" sequenceCoverage="0" branchCoverage="0" isConstructor="false" isStatic="false" isGetter="false" isSetter="false">
              <Summary numSequencePoints="1" visitedSequencePoints="0" numBranchPoints="1" visitedBranchPoints="0" sequenceCoverage="0" branchCoverage="0" maxCyclomaticComplexity="1" minCyclomaticComplexity="1" visitedClasses="0" numClasses="0" visitedMethods="0" numMethods="1" />
              <MetadataToken>100663384</MetadataToken>
              <Name>System.Object TheFlow.Elements.Data.SimpleDataElementFactory`1::TheFlow.Elements.Data.IDataElementFactory.CreateInstance()</Name>
              <FileRef uid="21" />
              <SequencePoints>
                <SequencePoint vc="0" uspid="232" ordinal="0" offset="0" sl="12" sc="56" el="13" ec="33" bec="0" bev="0" fileid="21" />
              </SequencePoints>
              <BranchPoints />
              <MethodPoint xsi:type="SequencePoint" vc="0" uspid="232" ordinal="0" offset="0" sl="12" sc="56" el="13" ec="33" bec="0" bev="0" fileid="21" />
            </Method>
            <Method visited="false" cyclomaticComplexity="1" nPathComplexity="0" sequenceCoverage="0" branchCoverage="0" isConstructor="false" isStatic="false" isGetter="false" isSetter="false">
              <Summary numSequencePoints="2" visitedSequencePoints="0" numBranchPoints="1" visitedBranchPoints="0" sequenceCoverage="0" branchCoverage="0" maxCyclomaticComplexity="1" minCyclomaticComplexity="1" visitedClasses="0" numClasses="0" visitedMethods="0" numMethods="1" />
              <MetadataToken>100663385</MetadataToken>
              <Name>System.Void TheFlow.Elements.Data.SimpleDataElementFactory`1::AddDataOutput(System.String)</Name>
              <FileRef uid="21" />
              <SequencePoints>
                <SequencePoint vc="0" uspid="233" ordinal="0" offset="0" sl="19" sc="9" el="19" ec="10" bec="0" bev="0" fileid="21" />
                <SequencePoint vc="0" uspid="234" ordinal="1" offset="1" sl="20" sc="13" el="20" ec="49" bec="0" bev="0" fileid="21" />
              </SequencePoints>
              <BranchPoints />
              <MethodPoint xsi:type="SequencePoint" vc="0" uspid="233" ordinal="0" offset="0" sl="19" sc="9" el="19" ec="10" bec="0" bev="0" fileid="21" />
            </Method>
            <Method visited="false" cyclomaticComplexity="1" nPathComplexity="0" sequenceCoverage="0" branchCoverage="0" isConstructor="false" isStatic="false" isGetter="false" isSetter="false">
              <Summary numSequencePoints="2" visitedSequencePoints="0" numBranchPoints="1" visitedBranchPoints="0" sequenceCoverage="0" branchCoverage="0" maxCyclomaticComplexity="1" minCyclomaticComplexity="1" visitedClasses="0" numClasses="0" visitedMethods="0" numMethods="1" />
              <MetadataToken>100663386</MetadataToken>
              <Name>System.Void TheFlow.Elements.Data.SimpleDataElementFactory`1::AddDataInput(System.String)</Name>
              <FileRef uid="21" />
              <SequencePoints>
                <SequencePoint vc="0" uspid="235" ordinal="0" offset="0" sl="24" sc="9" el="24" ec="10" bec="0" bev="0" fileid="21" />
                <SequencePoint vc="0" uspid="236" ordinal="1" offset="1" sl="25" sc="13" el="25" ec="49" bec="0" bev="0" fileid="21" />
              </SequencePoints>
              <BranchPoints />
              <MethodPoint xsi:type="SequencePoint" vc="0" uspid="235" ordinal="0" offset="0" sl="24" sc="9" el="24" ec="10" bec="0" bev="0" fileid="21" />
            </Method>
            <Method visited="false" cyclomaticComplexity="1" nPathComplexity="0" sequenceCoverage="0" branchCoverage="0" isConstructor="true" isStatic="true" isGetter="false" isSetter="false">
              <Summary numSequencePoints="1" visitedSequencePoints="0" numBranchPoints="1" visitedBranchPoints="0" sequenceCoverage="0" branchCoverage="0" maxCyclomaticComplexity="1" minCyclomaticComplexity="1" visitedClasses="0" numClasses="0" visitedMethods="0" numMethods="1" />
              <MetadataToken>100663387</MetadataToken>
              <Name>System.Void TheFlow.Elements.Data.SimpleDataElementFactory`1::.cctor()</Name>
              <FileRef uid="21" />
              <SequencePoints>
                <SequencePoint vc="0" uspid="237" ordinal="0" offset="0" sl="15" sc="9" el="16" ec="47" bec="0" bev="0" fileid="21" />
              </SequencePoints>
              <BranchPoints />
              <MethodPoint xsi:type="SequencePoint" vc="0" uspid="237" ordinal="0" offset="0" sl="15" sc="9" el="16" ec="47" bec="0" bev="0" fileid="21" />
            </Method>
          </Methods>
        </Class>
        <Class>
          <Summary numSequencePoints="8" visitedSequencePoints="8" numBranchPoints="4" visitedBranchPoints="4" sequenceCoverage="100" branchCoverage="100" maxCyclomaticComplexity="1" minCyclomaticComplexity="1" visitedClasses="1" numClasses="1" visitedMethods="4" numMethods="4" />
          <FullName>TheFlow.Elements.Connections.SequenceFlow</FullName>
          <Methods>
            <Method visited="true" cyclomaticComplexity="1" nPathComplexity="0" sequenceCoverage="100" branchCoverage="100" isConstructor="false" isStatic="false" isGetter="true" isSetter="false">
              <Summary numSequencePoints="1" visitedSequencePoints="1" numBranchPoints="1" visitedBranchPoints="1" sequenceCoverage="100" branchCoverage="100" maxCyclomaticComplexity="1" minCyclomaticComplexity="1" visitedClasses="0" numClasses="0" visitedMethods="1" numMethods="1" />
              <MetadataToken>100663390</MetadataToken>
              <Name>System.String TheFlow.Elements.Connections.SequenceFlow::get_From()</Name>
              <FileRef uid="22" />
              <SequencePoints>
                <SequencePoint vc="94" uspid="238" ordinal="0" offset="0" sl="5" sc="30" el="5" ec="34" bec="0" bev="0" fileid="22" />
              </SequencePoints>
              <BranchPoints />
              <MethodPoint xsi:type="SequencePoint" vc="94" uspid="238" ordinal="0" offset="0" sl="5" sc="30" el="5" ec="34" bec="0" bev="0" fileid="22" />
            </Method>
            <Method visited="true" cyclomaticComplexity="1" nPathComplexity="0" sequenceCoverage="100" branchCoverage="100" isConstructor="false" isStatic="false" isGetter="true" isSetter="false">
              <Summary numSequencePoints="1" visitedSequencePoints="1" numBranchPoints="1" visitedBranchPoints="1" sequenceCoverage="100" branchCoverage="100" maxCyclomaticComplexity="1" minCyclomaticComplexity="1" visitedClasses="0" numClasses="0" visitedMethods="1" numMethods="1" />
              <MetadataToken>100663391</MetadataToken>
              <Name>System.String TheFlow.Elements.Connections.SequenceFlow::get_To()</Name>
              <FileRef uid="22" />
              <SequencePoints>
                <SequencePoint vc="77" uspid="239" ordinal="0" offset="0" sl="6" sc="28" el="6" ec="32" bec="0" bev="0" fileid="22" />
              </SequencePoints>
              <BranchPoints />
              <MethodPoint xsi:type="SequencePoint" vc="77" uspid="239" ordinal="0" offset="0" sl="6" sc="28" el="6" ec="32" bec="0" bev="0" fileid="22" />
            </Method>
            <Method visited="true" cyclomaticComplexity="1" nPathComplexity="0" sequenceCoverage="100" branchCoverage="100" isConstructor="true" isStatic="false" isGetter="false" isSetter="false">
              <Summary numSequencePoints="5" visitedSequencePoints="5" numBranchPoints="1" visitedBranchPoints="1" sequenceCoverage="100" branchCoverage="100" maxCyclomaticComplexity="1" minCyclomaticComplexity="1" visitedClasses="0" numClasses="0" visitedMethods="1" numMethods="1" />
              <MetadataToken>100663392</MetadataToken>
              <Name>System.Void TheFlow.Elements.Connections.SequenceFlow::.ctor(System.String,System.String)</Name>
              <FileRef uid="22" />
              <SequencePoints>
                <SequencePoint vc="40" uspid="240" ordinal="0" offset="0" sl="8" sc="9" el="11" ec="14" bec="0" bev="0" fileid="22" />
                <SequencePoint vc="40" uspid="241" ordinal="1" offset="7" sl="12" sc="9" el="12" ec="10" bec="0" bev="0" fileid="22" />
                <SequencePoint vc="40" uspid="242" ordinal="2" offset="8" sl="13" sc="13" el="13" ec="26" bec="0" bev="0" fileid="22" />
                <SequencePoint vc="40" uspid="243" ordinal="3" offset="15" sl="14" sc="13" el="14" ec="21" bec="0" bev="0" fileid="22" />
                <SequencePoint vc="40" uspid="244" ordinal="4" offset="22" sl="15" sc="9" el="15" ec="10" bec="0" bev="0" fileid="22" />
              </SequencePoints>
              <BranchPoints />
              <MethodPoint xsi:type="SequencePoint" vc="40" uspid="240" ordinal="0" offset="0" sl="8" sc="9" el="11" ec="14" bec="0" bev="0" fileid="22" />
            </Method>
            <Method visited="true" cyclomaticComplexity="1" nPathComplexity="0" sequenceCoverage="100" branchCoverage="100" isConstructor="false" isStatic="true" isGetter="false" isSetter="false">
              <Summary numSequencePoints="1" visitedSequencePoints="1" numBranchPoints="1" visitedBranchPoints="1" sequenceCoverage="100" branchCoverage="100" maxCyclomaticComplexity="1" minCyclomaticComplexity="1" visitedClasses="0" numClasses="0" visitedMethods="1" numMethods="1" />
              <MetadataToken>100663393</MetadataToken>
              <Name>TheFlow.Elements.Connections.SequenceFlow TheFlow.Elements.Connections.SequenceFlow::Create(System.String,System.String)</Name>
              <FileRef uid="22" />
              <SequencePoints>
                <SequencePoint vc="40" uspid="245" ordinal="0" offset="0" sl="18" sc="16" el="18" ec="43" bec="0" bev="0" fileid="22" />
              </SequencePoints>
              <BranchPoints />
              <MethodPoint xsi:type="SequencePoint" vc="40" uspid="245" ordinal="0" offset="0" sl="18" sc="16" el="18" ec="43" bec="0" bev="0" fileid="22" />
            </Method>
          </Methods>
        </Class>
        <Class>
          <Summary numSequencePoints="0" visitedSequencePoints="0" numBranchPoints="0" visitedBranchPoints="0" sequenceCoverage="0" branchCoverage="0" maxCyclomaticComplexity="1" minCyclomaticComplexity="1" visitedClasses="0" numClasses="0" visitedMethods="0" numMethods="0" />
          <FullName>TheFlow.Elements.Activities.Activity</FullName>
          <Methods>
            <Method visited="true" cyclomaticComplexity="1" nPathComplexity="0" sequenceCoverage="0" branchCoverage="0" isConstructor="true" isStatic="false" isGetter="false" isSetter="false">
              <Summary numSequencePoints="0" visitedSequencePoints="0" numBranchPoints="0" visitedBranchPoints="0" sequenceCoverage="0" branchCoverage="0" maxCyclomaticComplexity="1" minCyclomaticComplexity="1" visitedClasses="0" numClasses="0" visitedMethods="0" numMethods="0" />
              <MetadataToken>100663395</MetadataToken>
              <Name>System.Void TheFlow.Elements.Activities.Activity::.ctor()</Name>
              <SequencePoints />
              <BranchPoints />
              <MethodPoint vc="8" uspid="246" ordinal="0" offset="0" />
            </Method>
          </Methods>
        </Class>
        <Class>
          <Summary numSequencePoints="15" visitedSequencePoints="13" numBranchPoints="6" visitedBranchPoints="5" sequenceCoverage="86.67" branchCoverage="83.33" maxCyclomaticComplexity="1" minCyclomaticComplexity="1" visitedClasses="1" numClasses="1" visitedMethods="5" numMethods="6" />
          <FullName>TheFlow.Elements.Activities.LambdaActivity</FullName>
          <Methods>
            <Method visited="true" cyclomaticComplexity="1" nPathComplexity="0" sequenceCoverage="100" branchCoverage="100" isConstructor="false" isStatic="false" isGetter="true" isSetter="false">
              <Summary numSequencePoints="1" visitedSequencePoints="1" numBranchPoints="1" visitedBranchPoints="1" sequenceCoverage="100" branchCoverage="100" maxCyclomaticComplexity="1" minCyclomaticComplexity="1" visitedClasses="0" numClasses="0" visitedMethods="1" numMethods="1" />
              <MetadataToken>100663396</MetadataToken>
              <Name>System.Action`1&lt;System.IServiceProvider&gt; TheFlow.Elements.Activities.LambdaActivity::get_Action()</Name>
              <FileRef uid="23" />
              <SequencePoints>
                <SequencePoint vc="8" uspid="247" ordinal="0" offset="0" sl="9" sc="50" el="9" ec="54" bec="0" bev="0" fileid="23" />
              </SequencePoints>
              <BranchPoints />
              <MethodPoint xsi:type="SequencePoint" vc="8" uspid="247" ordinal="0" offset="0" sl="9" sc="50" el="9" ec="54" bec="0" bev="0" fileid="23" />
            </Method>
            <Method visited="true" cyclomaticComplexity="1" nPathComplexity="0" sequenceCoverage="100" branchCoverage="100" isConstructor="true" isStatic="false" isGetter="false" isSetter="false">
              <Summary numSequencePoints="4" visitedSequencePoints="4" numBranchPoints="1" visitedBranchPoints="1" sequenceCoverage="100" branchCoverage="100" maxCyclomaticComplexity="1" minCyclomaticComplexity="1" visitedClasses="0" numClasses="0" visitedMethods="1" numMethods="1" />
              <MetadataToken>100663397</MetadataToken>
              <Name>System.Void TheFlow.Elements.Activities.LambdaActivity::.ctor(System.Action`1&lt;System.IServiceProvider&gt;)</Name>
              <FileRef uid="23" />
              <SequencePoints>
                <SequencePoint vc="8" uspid="248" ordinal="0" offset="0" sl="11" sc="9" el="11" ec="64" bec="0" bev="0" fileid="23" />
                <SequencePoint vc="8" uspid="249" ordinal="1" offset="7" sl="12" sc="9" el="12" ec="10" bec="0" bev="0" fileid="23" />
                <SequencePoint vc="8" uspid="250" ordinal="2" offset="8" sl="13" sc="13" el="13" ec="29" bec="0" bev="0" fileid="23" />
                <SequencePoint vc="8" uspid="251" ordinal="3" offset="15" sl="14" sc="9" el="14" ec="10" bec="0" bev="0" fileid="23" />
              </SequencePoints>
              <BranchPoints />
              <MethodPoint xsi:type="SequencePoint" vc="8" uspid="248" ordinal="0" offset="0" sl="11" sc="9" el="11" ec="64" bec="0" bev="0" fileid="23" />
            </Method>
            <Method visited="true" cyclomaticComplexity="1" nPathComplexity="0" sequenceCoverage="100" branchCoverage="100" isConstructor="false" isStatic="true" isGetter="false" isSetter="false">
              <Summary numSequencePoints="1" visitedSequencePoints="1" numBranchPoints="1" visitedBranchPoints="1" sequenceCoverage="100" branchCoverage="100" maxCyclomaticComplexity="1" minCyclomaticComplexity="1" visitedClasses="0" numClasses="0" visitedMethods="1" numMethods="1" />
              <MetadataToken>100663398</MetadataToken>
              <Name>TheFlow.Elements.Activities.LambdaActivity TheFlow.Elements.Activities.LambdaActivity::Create(System.Action)</Name>
              <FileRef uid="23" />
              <SequencePoints>
                <SequencePoint vc="8" uspid="252" ordinal="0" offset="13" sl="18" sc="14" el="18" ec="36" bec="0" bev="0" fileid="23" />
              </SequencePoints>
              <BranchPoints />
              <MethodPoint vc="8" uspid="253" ordinal="0" offset="0" />
            </Method>
            <Method visited="true" cyclomaticComplexity="1" nPathComplexity="0" sequenceCoverage="100" branchCoverage="100" isConstructor="false" isStatic="true" isGetter="false" isSetter="false">
              <Summary numSequencePoints="1" visitedSequencePoints="1" numBranchPoints="1" visitedBranchPoints="1" sequenceCoverage="100" branchCoverage="100" maxCyclomaticComplexity="1" minCyclomaticComplexity="1" visitedClasses="0" numClasses="0" visitedMethods="1" numMethods="1" />
              <MetadataToken>100663399</MetadataToken>
              <Name>TheFlow.Elements.Activities.LambdaActivity TheFlow.Elements.Activities.LambdaActivity::Create(System.Action`1&lt;System.IServiceProvider&gt;)</Name>
              <FileRef uid="23" />
              <SequencePoints>
                <SequencePoint vc="8" uspid="254" ordinal="0" offset="0" sl="22" sc="14" el="22" ec="40" bec="0" bev="0" fileid="23" />
              </SequencePoints>
              <BranchPoints />
              <MethodPoint xsi:type="SequencePoint" vc="8" uspid="254" ordinal="0" offset="0" sl="22" sc="14" el="22" ec="40" bec="0" bev="0" fileid="23" />
            </Method>
            <Method visited="true" cyclomaticComplexity="1" nPathComplexity="0" sequenceCoverage="100" branchCoverage="100" isConstructor="false" isStatic="false" isGetter="false" isSetter="false">
              <Summary numSequencePoints="6" visitedSequencePoints="6" numBranchPoints="1" visitedBranchPoints="1" sequenceCoverage="100" branchCoverage="100" maxCyclomaticComplexity="1" minCyclomaticComplexity="1" visitedClasses="0" numClasses="0" visitedMethods="1" numMethods="1" />
              <MetadataToken>100663400</MetadataToken>
              <Name>System.Void TheFlow.Elements.Activities.LambdaActivity::Run(System.IServiceProvider,System.Guid,System.Guid)</Name>
              <FileRef uid="23" />
              <SequencePoints>
                <SequencePoint vc="8" uspid="255" ordinal="0" offset="0" sl="29" sc="9" el="29" ec="10" bec="0" bev="0" fileid="23" />
                <SequencePoint vc="8" uspid="256" ordinal="1" offset="1" sl="30" sc="13" el="32" ec="49" bec="0" bev="0" fileid="23" />
                <SequencePoint vc="8" uspid="257" ordinal="2" offset="14" sl="34" sc="13" el="34" ec="68" bec="0" bev="0" fileid="23" />
                <SequencePoint vc="8" uspid="258" ordinal="3" offset="21" sl="36" sc="13" el="36" ec="37" bec="0" bev="0" fileid="23" />
                <SequencePoint vc="8" uspid="259" ordinal="4" offset="34" sl="38" sc="13" el="39" ec="67" bec="0" bev="0" fileid="23" />
                <SequencePoint vc="8" uspid="260" ordinal="5" offset="44" sl="40" sc="9" el="40" ec="10" bec="0" bev="0" fileid="23" />
              </SequencePoints>
              <BranchPoints />
              <MethodPoint xsi:type="SequencePoint" vc="8" uspid="255" ordinal="0" offset="0" sl="29" sc="9" el="29" ec="10" bec="0" bev="0" fileid="23" />
            </Method>
            <Method visited="false" cyclomaticComplexity="1" nPathComplexity="0" sequenceCoverage="0" branchCoverage="0" isConstructor="false" isStatic="false" isGetter="false" isSetter="false">
              <Summary numSequencePoints="2" visitedSequencePoints="0" numBranchPoints="1" visitedBranchPoints="0" sequenceCoverage="0" branchCoverage="0" maxCyclomaticComplexity="1" minCyclomaticComplexity="1" visitedClasses="0" numClasses="0" visitedMethods="0" numMethods="1" />
              <MetadataToken>100663401</MetadataToken>
              <Name>TheFlow.Elements.Activities.Activity TheFlow.Elements.Activities.LambdaActivity::AddDataInput(System.String)</Name>
              <FileRef uid="23" />
              <SequencePoints>
                <SequencePoint vc="0" uspid="261" ordinal="0" offset="0" sl="43" sc="9" el="43" ec="10" bec="0" bev="0" fileid="23" />
                <SequencePoint vc="0" uspid="262" ordinal="1" offset="1" sl="44" sc="13" el="44" ec="49" bec="0" bev="0" fileid="23" />
              </SequencePoints>
              <BranchPoints />
              <MethodPoint xsi:type="SequencePoint" vc="0" uspid="261" ordinal="0" offset="0" sl="43" sc="9" el="43" ec="10" bec="0" bev="0" fileid="23" />
            </Method>
          </Methods>
        </Class>
        <Class>
          <Summary numSequencePoints="1" visitedSequencePoints="1" numBranchPoints="1" visitedBranchPoints="1" sequenceCoverage="100" branchCoverage="100" maxCyclomaticComplexity="1" minCyclomaticComplexity="1" visitedClasses="1" numClasses="1" visitedMethods="1" numMethods="1" />
          <FullName>TheFlow.Elements.Activities.LambdaActivity/&lt;&gt;c__DisplayClass4_0</FullName>
          <Methods>
            <Method visited="true" cyclomaticComplexity="1" nPathComplexity="0" sequenceCoverage="0" branchCoverage="0" isConstructor="true" isStatic="false" isGetter="false" isSetter="false">
              <Summary numSequencePoints="0" visitedSequencePoints="0" numBranchPoints="0" visitedBranchPoints="0" sequenceCoverage="0" branchCoverage="0" maxCyclomaticComplexity="1" minCyclomaticComplexity="1" visitedClasses="0" numClasses="0" visitedMethods="0" numMethods="0" />
              <MetadataToken>100663495</MetadataToken>
              <Name>System.Void TheFlow.Elements.Activities.LambdaActivity/&lt;&gt;c__DisplayClass4_0::.ctor()</Name>
              <SequencePoints />
              <BranchPoints />
              <MethodPoint vc="8" uspid="263" ordinal="0" offset="0" />
            </Method>
            <Method visited="true" cyclomaticComplexity="1" nPathComplexity="0" sequenceCoverage="100" branchCoverage="100" isConstructor="false" isStatic="false" isGetter="false" isSetter="false">
              <Summary numSequencePoints="1" visitedSequencePoints="1" numBranchPoints="1" visitedBranchPoints="1" sequenceCoverage="100" branchCoverage="100" maxCyclomaticComplexity="1" minCyclomaticComplexity="1" visitedClasses="0" numClasses="0" visitedMethods="1" numMethods="1" />
              <MetadataToken>100663496</MetadataToken>
              <Name>System.Void TheFlow.Elements.Activities.LambdaActivity/&lt;&gt;c__DisplayClass4_0::&lt;Create&gt;b__0(System.IServiceProvider)</Name>
              <FileRef uid="23" />
              <SequencePoints>
                <SequencePoint vc="8" uspid="264" ordinal="0" offset="0" sl="18" sc="27" el="18" ec="35" bec="0" bev="0" fileid="23" />
              </SequencePoints>
              <BranchPoints />
              <MethodPoint xsi:type="SequencePoint" vc="8" uspid="264" ordinal="0" offset="0" sl="18" sc="27" el="18" ec="35" bec="0" bev="0" fileid="23" />
            </Method>
          </Methods>
        </Class>
        <Class>
          <Summary numSequencePoints="9" visitedSequencePoints="8" numBranchPoints="4" visitedBranchPoints="3" sequenceCoverage="88.89" branchCoverage="75" maxCyclomaticComplexity="1" minCyclomaticComplexity="1" visitedClasses="1" numClasses="1" visitedMethods="3" numMethods="4" />
          <FullName>TheFlow.CoreConcepts.HandleResult</FullName>
          <Methods>
            <Method visited="false" cyclomaticComplexity="1" nPathComplexity="0" sequenceCoverage="0" branchCoverage="0" isConstructor="false" isStatic="false" isGetter="true" isSetter="false">
              <Summary numSequencePoints="1" visitedSequencePoints="0" numBranchPoints="1" visitedBranchPoints="0" sequenceCoverage="0" branchCoverage="0" maxCyclomaticComplexity="1" minCyclomaticComplexity="1" visitedClasses="0" numClasses="0" visitedMethods="0" numMethods="1" />
              <MetadataToken>100663402</MetadataToken>
              <Name>System.Guid TheFlow.CoreConcepts.HandleResult::get_ProcessModelId()</Name>
              <FileRef uid="25" />
              <SequencePoints>
                <SequencePoint vc="0" uspid="265" ordinal="0" offset="0" sl="8" sc="38" el="8" ec="42" bec="0" bev="0" fileid="25" />
              </SequencePoints>
              <BranchPoints />
              <MethodPoint xsi:type="SequencePoint" vc="0" uspid="265" ordinal="0" offset="0" sl="8" sc="38" el="8" ec="42" bec="0" bev="0" fileid="25" />
            </Method>
            <Method visited="true" cyclomaticComplexity="1" nPathComplexity="0" sequenceCoverage="100" branchCoverage="100" isConstructor="false" isStatic="false" isGetter="true" isSetter="false">
              <Summary numSequencePoints="1" visitedSequencePoints="1" numBranchPoints="1" visitedBranchPoints="1" sequenceCoverage="100" branchCoverage="100" maxCyclomaticComplexity="1" minCyclomaticComplexity="1" visitedClasses="0" numClasses="0" visitedMethods="1" numMethods="1" />
              <MetadataToken>100663403</MetadataToken>
              <Name>System.Guid TheFlow.CoreConcepts.HandleResult::get_ProcessInstanceId()</Name>
              <FileRef uid="25" />
              <SequencePoints>
                <SequencePoint vc="3" uspid="266" ordinal="0" offset="0" sl="9" sc="41" el="9" ec="45" bec="0" bev="0" fileid="25" />
              </SequencePoints>
              <BranchPoints />
              <MethodPoint xsi:type="SequencePoint" vc="3" uspid="266" ordinal="0" offset="0" sl="9" sc="41" el="9" ec="45" bec="0" bev="0" fileid="25" />
            </Method>
            <Method visited="true" cyclomaticComplexity="1" nPathComplexity="0" sequenceCoverage="100" branchCoverage="100" isConstructor="false" isStatic="false" isGetter="true" isSetter="false">
              <Summary numSequencePoints="1" visitedSequencePoints="1" numBranchPoints="1" visitedBranchPoints="1" sequenceCoverage="100" branchCoverage="100" maxCyclomaticComplexity="1" minCyclomaticComplexity="1" visitedClasses="0" numClasses="0" visitedMethods="1" numMethods="1" />
              <MetadataToken>100663404</MetadataToken>
              <Name>System.Collections.Generic.IEnumerable`1&lt;System.Guid&gt; TheFlow.CoreConcepts.HandleResult::get_AffectedTokens()</Name>
              <FileRef uid="25" />
              <SequencePoints>
                <SequencePoint vc="2" uspid="267" ordinal="0" offset="0" sl="10" sc="51" el="10" ec="55" bec="0" bev="0" fileid="25" />
              </SequencePoints>
              <BranchPoints />
              <MethodPoint xsi:type="SequencePoint" vc="2" uspid="267" ordinal="0" offset="0" sl="10" sc="51" el="10" ec="55" bec="0" bev="0" fileid="25" />
            </Method>
            <Method visited="true" cyclomaticComplexity="1" nPathComplexity="0" sequenceCoverage="100" branchCoverage="100" isConstructor="true" isStatic="false" isGetter="false" isSetter="false">
              <Summary numSequencePoints="6" visitedSequencePoints="6" numBranchPoints="1" visitedBranchPoints="1" sequenceCoverage="100" branchCoverage="100" maxCyclomaticComplexity="1" minCyclomaticComplexity="1" visitedClasses="0" numClasses="0" visitedMethods="1" numMethods="1" />
              <MetadataToken>100663405</MetadataToken>
              <Name>System.Void TheFlow.CoreConcepts.HandleResult::.ctor(System.Guid,System.Guid,System.Collections.Generic.IEnumerable`1&lt;System.Guid&gt;)</Name>
              <FileRef uid="25" />
              <SequencePoints>
                <SequencePoint vc="3" uspid="268" ordinal="0" offset="0" sl="12" sc="9" el="16" ec="14" bec="0" bev="0" fileid="25" />
                <SequencePoint vc="3" uspid="269" ordinal="1" offset="7" sl="17" sc="9" el="17" ec="10" bec="0" bev="0" fileid="25" />
                <SequencePoint vc="3" uspid="270" ordinal="2" offset="8" sl="18" sc="13" el="18" ec="45" bec="0" bev="0" fileid="25" />
                <SequencePoint vc="3" uspid="271" ordinal="3" offset="15" sl="19" sc="13" el="19" ec="51" bec="0" bev="0" fileid="25" />
                <SequencePoint vc="3" uspid="272" ordinal="4" offset="22" sl="20" sc="13" el="20" ec="45" bec="0" bev="0" fileid="25" />
                <SequencePoint vc="3" uspid="273" ordinal="5" offset="29" sl="21" sc="9" el="21" ec="10" bec="0" bev="0" fileid="25" />
              </SequencePoints>
              <BranchPoints />
              <MethodPoint xsi:type="SequencePoint" vc="3" uspid="268" ordinal="0" offset="0" sl="12" sc="9" el="16" ec="14" bec="0" bev="0" fileid="25" />
            </Method>
          </Methods>
        </Class>
        <Class>
          <Summary numSequencePoints="13" visitedSequencePoints="9" numBranchPoints="6" visitedBranchPoints="2" sequenceCoverage="69.23" branchCoverage="33.33" maxCyclomaticComplexity="1" minCyclomaticComplexity="1" visitedClasses="1" numClasses="1" visitedMethods="2" numMethods="6" />
          <FullName>TheFlow.CoreConcepts.HistoryItem</FullName>
          <Methods>
            <Method visited="false" cyclomaticComplexity="1" nPathComplexity="0" sequenceCoverage="0" branchCoverage="0" isConstructor="false" isStatic="false" isGetter="true" isSetter="false">
              <Summary numSequencePoints="1" visitedSequencePoints="0" numBranchPoints="1" visitedBranchPoints="0" sequenceCoverage="0" branchCoverage="0" maxCyclomaticComplexity="1" minCyclomaticComplexity="1" visitedClasses="0" numClasses="0" visitedMethods="0" numMethods="1" />
              <MetadataToken>100663407</MetadataToken>
              <Name>System.DateTime TheFlow.CoreConcepts.HistoryItem::get_When()</Name>
              <FileRef uid="26" />
              <SequencePoints>
                <SequencePoint vc="0" uspid="274" ordinal="0" offset="0" sl="16" sc="32" el="16" ec="36" bec="0" bev="0" fileid="26" />
              </SequencePoints>
              <BranchPoints />
              <MethodPoint xsi:type="SequencePoint" vc="0" uspid="274" ordinal="0" offset="0" sl="16" sc="32" el="16" ec="36" bec="0" bev="0" fileid="26" />
            </Method>
            <Method visited="false" cyclomaticComplexity="1" nPathComplexity="0" sequenceCoverage="0" branchCoverage="0" isConstructor="false" isStatic="false" isGetter="true" isSetter="false">
              <Summary numSequencePoints="1" visitedSequencePoints="0" numBranchPoints="1" visitedBranchPoints="0" sequenceCoverage="0" branchCoverage="0" maxCyclomaticComplexity="1" minCyclomaticComplexity="1" visitedClasses="0" numClasses="0" visitedMethods="0" numMethods="1" />
              <MetadataToken>100663408</MetadataToken>
              <Name>System.Guid TheFlow.CoreConcepts.HistoryItem::get_TokenId()</Name>
              <FileRef uid="26" />
              <SequencePoints>
                <SequencePoint vc="0" uspid="275" ordinal="0" offset="0" sl="17" sc="31" el="17" ec="35" bec="0" bev="0" fileid="26" />
              </SequencePoints>
              <BranchPoints />
              <MethodPoint xsi:type="SequencePoint" vc="0" uspid="275" ordinal="0" offset="0" sl="17" sc="31" el="17" ec="35" bec="0" bev="0" fileid="26" />
            </Method>
            <Method visited="true" cyclomaticComplexity="1" nPathComplexity="0" sequenceCoverage="100" branchCoverage="100" isConstructor="false" isStatic="false" isGetter="true" isSetter="false">
              <Summary numSequencePoints="1" visitedSequencePoints="1" numBranchPoints="1" visitedBranchPoints="1" sequenceCoverage="100" branchCoverage="100" maxCyclomaticComplexity="1" minCyclomaticComplexity="1" visitedClasses="0" numClasses="0" visitedMethods="1" numMethods="1" />
              <MetadataToken>100663409</MetadataToken>
              <Name>System.String TheFlow.CoreConcepts.HistoryItem::get_ExecutionPoint()</Name>
              <FileRef uid="26" />
              <SequencePoints>
                <SequencePoint vc="1" uspid="276" ordinal="0" offset="0" sl="18" sc="40" el="18" ec="44" bec="0" bev="0" fileid="26" />
              </SequencePoints>
              <BranchPoints />
              <MethodPoint xsi:type="SequencePoint" vc="1" uspid="276" ordinal="0" offset="0" sl="18" sc="40" el="18" ec="44" bec="0" bev="0" fileid="26" />
            </Method>
            <Method visited="false" cyclomaticComplexity="1" nPathComplexity="0" sequenceCoverage="0" branchCoverage="0" isConstructor="false" isStatic="false" isGetter="true" isSetter="false">
              <Summary numSequencePoints="1" visitedSequencePoints="0" numBranchPoints="1" visitedBranchPoints="0" sequenceCoverage="0" branchCoverage="0" maxCyclomaticComplexity="1" minCyclomaticComplexity="1" visitedClasses="0" numClasses="0" visitedMethods="0" numMethods="1" />
              <MetadataToken>100663410</MetadataToken>
              <Name>System.Object TheFlow.CoreConcepts.HistoryItem::get_Payload()</Name>
              <FileRef uid="26" />
              <SequencePoints>
                <SequencePoint vc="0" uspid="277" ordinal="0" offset="0" sl="19" sc="33" el="19" ec="37" bec="0" bev="0" fileid="26" />
              </SequencePoints>
              <BranchPoints />
              <MethodPoint xsi:type="SequencePoint" vc="0" uspid="277" ordinal="0" offset="0" sl="19" sc="33" el="19" ec="37" bec="0" bev="0" fileid="26" />
            </Method>
            <Method visited="false" cyclomaticComplexity="1" nPathComplexity="0" sequenceCoverage="0" branchCoverage="0" isConstructor="false" isStatic="false" isGetter="true" isSetter="false">
              <Summary numSequencePoints="1" visitedSequencePoints="0" numBranchPoints="1" visitedBranchPoints="0" sequenceCoverage="0" branchCoverage="0" maxCyclomaticComplexity="1" minCyclomaticComplexity="1" visitedClasses="0" numClasses="0" visitedMethods="0" numMethods="1" />
              <MetadataToken>100663411</MetadataToken>
              <Name>System.String TheFlow.CoreConcepts.HistoryItem::get_Action()</Name>
              <FileRef uid="26" />
              <SequencePoints>
                <SequencePoint vc="0" uspid="278" ordinal="0" offset="0" sl="20" sc="32" el="20" ec="36" bec="0" bev="0" fileid="26" />
              </SequencePoints>
              <BranchPoints />
              <MethodPoint xsi:type="SequencePoint" vc="0" uspid="278" ordinal="0" offset="0" sl="20" sc="32" el="20" ec="36" bec="0" bev="0" fileid="26" />
            </Method>
            <Method visited="true" cyclomaticComplexity="1" nPathComplexity="0" sequenceCoverage="100" branchCoverage="100" isConstructor="true" isStatic="false" isGetter="false" isSetter="false">
              <Summary numSequencePoints="8" visitedSequencePoints="8" numBranchPoints="1" visitedBranchPoints="1" sequenceCoverage="100" branchCoverage="100" maxCyclomaticComplexity="1" minCyclomaticComplexity="1" visitedClasses="0" numClasses="0" visitedMethods="1" numMethods="1" />
              <MetadataToken>100663406</MetadataToken>
              <Name>System.Void TheFlow.CoreConcepts.HistoryItem::.ctor(System.DateTime,System.Guid,System.String,System.Object,System.String)</Name>
              <FileRef uid="26" />
              <SequencePoints>
                <SequencePoint vc="41" uspid="279" ordinal="0" offset="0" sl="7" sc="9" el="7" ec="111" bec="0" bev="0" fileid="26" />
                <SequencePoint vc="41" uspid="280" ordinal="1" offset="7" sl="8" sc="9" el="8" ec="10" bec="0" bev="0" fileid="26" />
                <SequencePoint vc="41" uspid="281" ordinal="2" offset="8" sl="9" sc="13" el="9" ec="25" bec="0" bev="0" fileid="26" />
                <SequencePoint vc="41" uspid="282" ordinal="3" offset="15" sl="10" sc="13" el="10" ec="31" bec="0" bev="0" fileid="26" />
                <SequencePoint vc="41" uspid="283" ordinal="4" offset="22" sl="11" sc="13" el="11" ec="45" bec="0" bev="0" fileid="26" />
                <SequencePoint vc="41" uspid="284" ordinal="5" offset="29" sl="12" sc="13" el="12" ec="31" bec="0" bev="0" fileid="26" />
                <SequencePoint vc="41" uspid="285" ordinal="6" offset="37" sl="13" sc="13" el="13" ec="29" bec="0" bev="0" fileid="26" />
                <SequencePoint vc="41" uspid="286" ordinal="7" offset="45" sl="14" sc="9" el="14" ec="10" bec="0" bev="0" fileid="26" />
              </SequencePoints>
              <BranchPoints />
              <MethodPoint xsi:type="SequencePoint" vc="41" uspid="279" ordinal="0" offset="0" sl="7" sc="9" el="7" ec="111" bec="0" bev="0" fileid="26" />
            </Method>
          </Methods>
        </Class>
        <Class>
          <Summary numSequencePoints="127" visitedSequencePoints="93" numBranchPoints="66" visitedBranchPoints="45" sequenceCoverage="73.23" branchCoverage="68.18" maxCyclomaticComplexity="10" minCyclomaticComplexity="1" visitedClasses="1" numClasses="1" visitedMethods="17" numMethods="20" />
          <FullName>TheFlow.CoreConcepts.ProcessInstance</FullName>
          <Methods>
            <Method visited="true" cyclomaticComplexity="1" nPathComplexity="0" sequenceCoverage="100" branchCoverage="100" isConstructor="false" isStatic="false" isGetter="true" isSetter="false">
              <Summary numSequencePoints="1" visitedSequencePoints="1" numBranchPoints="1" visitedBranchPoints="1" sequenceCoverage="100" branchCoverage="100" maxCyclomaticComplexity="1" minCyclomaticComplexity="1" visitedClasses="0" numClasses="0" visitedMethods="1" numMethods="1" />
              <MetadataToken>100663414</MetadataToken>
              <Name>System.String TheFlow.CoreConcepts.ProcessInstance::get_ProcessModelId()</Name>
              <FileRef uid="27" />
              <SequencePoints>
                <SequencePoint vc="1" uspid="287" ordinal="0" offset="0" sl="14" sc="40" el="14" ec="44" bec="0" bev="0" fileid="27" />
              </SequencePoints>
              <BranchPoints />
              <MethodPoint xsi:type="SequencePoint" vc="1" uspid="287" ordinal="0" offset="0" sl="14" sc="40" el="14" ec="44" bec="0" bev="0" fileid="27" />
            </Method>
            <Method visited="true" cyclomaticComplexity="1" nPathComplexity="0" sequenceCoverage="100" branchCoverage="100" isConstructor="false" isStatic="false" isGetter="true" isSetter="false">
              <Summary numSequencePoints="1" visitedSequencePoints="1" numBranchPoints="1" visitedBranchPoints="1" sequenceCoverage="100" branchCoverage="100" maxCyclomaticComplexity="1" minCyclomaticComplexity="1" visitedClasses="0" numClasses="0" visitedMethods="1" numMethods="1" />
              <MetadataToken>100663415</MetadataToken>
              <Name>System.String TheFlow.CoreConcepts.ProcessInstance::get_Id()</Name>
              <FileRef uid="27" />
              <SequencePoints>
                <SequencePoint vc="22" uspid="288" ordinal="0" offset="0" sl="15" sc="28" el="15" ec="32" bec="0" bev="0" fileid="27" />
              </SequencePoints>
              <BranchPoints />
              <MethodPoint xsi:type="SequencePoint" vc="22" uspid="288" ordinal="0" offset="0" sl="15" sc="28" el="15" ec="32" bec="0" bev="0" fileid="27" />
            </Method>
            <Method visited="true" cyclomaticComplexity="1" nPathComplexity="0" sequenceCoverage="100" branchCoverage="100" isConstructor="false" isStatic="false" isGetter="true" isSetter="false">
              <Summary numSequencePoints="1" visitedSequencePoints="1" numBranchPoints="1" visitedBranchPoints="1" sequenceCoverage="100" branchCoverage="100" maxCyclomaticComplexity="1" minCyclomaticComplexity="1" visitedClasses="0" numClasses="0" visitedMethods="1" numMethods="1" />
              <MetadataToken>100663416</MetadataToken>
              <Name>TheFlow.CoreConcepts.Token TheFlow.CoreConcepts.ProcessInstance::get_Token()</Name>
              <FileRef uid="27" />
              <SequencePoints>
                <SequencePoint vc="104" uspid="289" ordinal="0" offset="0" sl="16" sc="30" el="16" ec="34" bec="0" bev="0" fileid="27" />
              </SequencePoints>
              <BranchPoints />
              <MethodPoint xsi:type="SequencePoint" vc="104" uspid="289" ordinal="0" offset="0" sl="16" sc="30" el="16" ec="34" bec="0" bev="0" fileid="27" />
            </Method>
            <Method visited="true" cyclomaticComplexity="1" nPathComplexity="0" sequenceCoverage="100" branchCoverage="100" isConstructor="false" isStatic="false" isGetter="true" isSetter="false">
              <Summary numSequencePoints="1" visitedSequencePoints="1" numBranchPoints="1" visitedBranchPoints="1" sequenceCoverage="100" branchCoverage="100" maxCyclomaticComplexity="1" minCyclomaticComplexity="1" visitedClasses="0" numClasses="0" visitedMethods="1" numMethods="1" />
              <MetadataToken>100663417</MetadataToken>
              <Name>System.Boolean TheFlow.CoreConcepts.ProcessInstance::get_IsRunning()</Name>
              <FileRef uid="27" />
              <SequencePoints>
                <SequencePoint vc="34" uspid="290" ordinal="0" offset="0" sl="17" sc="34" el="17" ec="62" bec="0" bev="0" fileid="27" />
              </SequencePoints>
              <BranchPoints />
              <MethodPoint xsi:type="SequencePoint" vc="34" uspid="290" ordinal="0" offset="0" sl="17" sc="34" el="17" ec="62" bec="0" bev="0" fileid="27" />
            </Method>
            <Method visited="true" cyclomaticComplexity="1" nPathComplexity="0" sequenceCoverage="100" branchCoverage="100" isConstructor="false" isStatic="false" isGetter="true" isSetter="false">
              <Summary numSequencePoints="1" visitedSequencePoints="1" numBranchPoints="1" visitedBranchPoints="1" sequenceCoverage="100" branchCoverage="100" maxCyclomaticComplexity="1" minCyclomaticComplexity="1" visitedClasses="0" numClasses="0" visitedMethods="1" numMethods="1" />
              <MetadataToken>100663418</MetadataToken>
              <Name>System.Boolean TheFlow.CoreConcepts.ProcessInstance::get_IsDone()</Name>
              <FileRef uid="27" />
              <SequencePoints>
                <SequencePoint vc="4" uspid="291" ordinal="0" offset="0" sl="18" sc="30" el="18" ec="34" bec="0" bev="0" fileid="27" />
              </SequencePoints>
              <BranchPoints />
              <MethodPoint xsi:type="SequencePoint" vc="4" uspid="291" ordinal="0" offset="0" sl="18" sc="30" el="18" ec="34" bec="0" bev="0" fileid="27" />
            </Method>
            <Method visited="true" cyclomaticComplexity="1" nPathComplexity="0" sequenceCoverage="100" branchCoverage="100" isConstructor="false" isStatic="false" isGetter="false" isSetter="true">
              <Summary numSequencePoints="1" visitedSequencePoints="1" numBranchPoints="1" visitedBranchPoints="1" sequenceCoverage="100" branchCoverage="100" maxCyclomaticComplexity="1" minCyclomaticComplexity="1" visitedClasses="0" numClasses="0" visitedMethods="1" numMethods="1" />
              <MetadataToken>100663419</MetadataToken>
              <Name>System.Void TheFlow.CoreConcepts.ProcessInstance::set_IsDone(System.Boolean)</Name>
              <FileRef uid="27" />
              <SequencePoints>
                <SequencePoint vc="8" uspid="292" ordinal="0" offset="0" sl="18" sc="35" el="18" ec="47" bec="0" bev="0" fileid="27" />
              </SequencePoints>
              <BranchPoints />
              <MethodPoint xsi:type="SequencePoint" vc="8" uspid="292" ordinal="0" offset="0" sl="18" sc="35" el="18" ec="47" bec="0" bev="0" fileid="27" />
            </Method>
            <Method visited="true" cyclomaticComplexity="1" nPathComplexity="0" sequenceCoverage="100" branchCoverage="100" isConstructor="false" isStatic="false" isGetter="true" isSetter="false">
              <Summary numSequencePoints="1" visitedSequencePoints="1" numBranchPoints="1" visitedBranchPoints="1" sequenceCoverage="100" branchCoverage="100" maxCyclomaticComplexity="1" minCyclomaticComplexity="1" visitedClasses="0" numClasses="0" visitedMethods="1" numMethods="1" />
              <MetadataToken>100663420</MetadataToken>
              <Name>System.Collections.Generic.IEnumerable`1&lt;TheFlow.CoreConcepts.HistoryItem&gt; TheFlow.CoreConcepts.ProcessInstance::get_History()</Name>
              <FileRef uid="27" />
              <SequencePoints>
                <SequencePoint vc="3" uspid="293" ordinal="0" offset="0" sl="21" sc="52" el="21" ec="60" bec="0" bev="0" fileid="27" />
              </SequencePoints>
              <BranchPoints />
              <MethodPoint xsi:type="SequencePoint" vc="3" uspid="293" ordinal="0" offset="0" sl="21" sc="52" el="21" ec="60" bec="0" bev="0" fileid="27" />
            </Method>
            <Method visited="false" cyclomaticComplexity="1" nPathComplexity="0" sequenceCoverage="0" branchCoverage="0" isConstructor="false" isStatic="false" isGetter="true" isSetter="false">
              <Summary numSequencePoints="1" visitedSequencePoints="0" numBranchPoints="1" visitedBranchPoints="0" sequenceCoverage="0" branchCoverage="0" maxCyclomaticComplexity="1" minCyclomaticComplexity="1" visitedClasses="0" numClasses="0" visitedMethods="0" numMethods="1" />
              <MetadataToken>100663421</MetadataToken>
              <Name>System.Collections.Generic.IDictionary`2&lt;System.String,System.Object&gt; TheFlow.CoreConcepts.ProcessInstance::get_DataInstances()</Name>
              <FileRef uid="27" />
              <SequencePoints>
                <SequencePoint vc="0" uspid="294" ordinal="0" offset="0" sl="24" sc="61" el="24" ec="75" bec="0" bev="0" fileid="27" />
              </SequencePoints>
              <BranchPoints />
              <MethodPoint xsi:type="SequencePoint" vc="0" uspid="294" ordinal="0" offset="0" sl="24" sc="61" el="24" ec="75" bec="0" bev="0" fileid="27" />
            </Method>
            <Method visited="true" cyclomaticComplexity="5" nPathComplexity="8" sequenceCoverage="100" branchCoverage="57.14" isConstructor="true" isStatic="false" isGetter="false" isSetter="false">
              <Summary numSequencePoints="8" visitedSequencePoints="8" numBranchPoints="7" visitedBranchPoints="4" sequenceCoverage="100" branchCoverage="57.14" maxCyclomaticComplexity="5" minCyclomaticComplexity="5" visitedClasses="0" numClasses="0" visitedMethods="1" numMethods="1" />
              <MetadataToken>100663422</MetadataToken>
              <Name>System.Void TheFlow.CoreConcepts.ProcessInstance::.ctor(System.String,System.String,TheFlow.CoreConcepts.Token,System.Collections.Generic.IEnumerable`1&lt;TheFlow.CoreConcepts.HistoryItem&gt;,System.Collections.Generic.IDictionary`2&lt;System.String,System.Object&gt;)</Name>
              <FileRef uid="27" />
              <SequencePoints>
                <SequencePoint vc="15" uspid="295" ordinal="0" offset="0" sl="26" sc="9" el="32" ec="14" bec="0" bev="0" fileid="27" />
                <SequencePoint vc="15" uspid="296" ordinal="1" offset="7" sl="33" sc="9" el="33" ec="10" bec="0" bev="0" fileid="27" />
                <SequencePoint vc="15" uspid="297" ordinal="2" offset="8" sl="34" sc="13" el="34" ec="44" bec="0" bev="0" fileid="27" />
                <SequencePoint vc="15" uspid="298" ordinal="3" offset="16" sl="35" sc="13" el="35" ec="45" bec="0" bev="0" fileid="27" />
                <SequencePoint vc="15" uspid="299" ordinal="4" offset="23" sl="36" sc="13" el="36" ec="21" bec="0" bev="0" fileid="27" />
                <SequencePoint vc="15" uspid="300" ordinal="5" offset="30" sl="37" sc="13" el="37" ec="45" bec="2" bev="1" fileid="27" />
                <SequencePoint vc="15" uspid="301" ordinal="6" offset="46" sl="38" sc="13" el="38" ec="69" bec="4" bev="2" fileid="27" />
                <SequencePoint vc="15" uspid="302" ordinal="7" offset="75" sl="39" sc="9" el="39" ec="10" bec="0" bev="0" fileid="27" />
              </SequencePoints>
              <BranchPoints>
                <BranchPoint vc="15" uspid="303" ordinal="0" offset="33" sl="37" path="0" offsetend="35" fileid="27" />
                <BranchPoint vc="0" uspid="304" ordinal="1" offset="33" sl="37" path="1" offsetend="41" fileid="27" />
                <BranchPoint vc="15" uspid="305" ordinal="2" offset="49" sl="38" path="0" offsetend="51" fileid="27" />
                <BranchPoint vc="0" uspid="306" ordinal="3" offset="49" sl="38" path="1" offsetend="54" fileid="27" />
                <BranchPoint vc="15" uspid="307" ordinal="4" offset="62" sl="38" path="0" offsetend="64" fileid="27" />
                <BranchPoint vc="0" uspid="308" ordinal="5" offset="62" sl="38" path="1" offsetend="70" fileid="27" />
              </BranchPoints>
              <MethodPoint xsi:type="SequencePoint" vc="15" uspid="295" ordinal="0" offset="0" sl="26" sc="9" el="32" ec="14" bec="0" bev="0" fileid="27" />
            </Method>
            <Method visited="true" cyclomaticComplexity="1" nPathComplexity="0" sequenceCoverage="100" branchCoverage="100" isConstructor="false" isStatic="true" isGetter="false" isSetter="false">
              <Summary numSequencePoints="1" visitedSequencePoints="1" numBranchPoints="1" visitedBranchPoints="1" sequenceCoverage="100" branchCoverage="100" maxCyclomaticComplexity="1" minCyclomaticComplexity="1" visitedClasses="0" numClasses="0" visitedMethods="1" numMethods="1" />
              <MetadataToken>100663423</MetadataToken>
              <Name>TheFlow.CoreConcepts.ProcessInstance TheFlow.CoreConcepts.ProcessInstance::Create(System.String)</Name>
              <FileRef uid="27" />
              <SequencePoints>
                <SequencePoint vc="8" uspid="309" ordinal="0" offset="0" sl="42" sc="16" el="42" ec="50" bec="0" bev="0" fileid="27" />
              </SequencePoints>
              <BranchPoints />
              <MethodPoint xsi:type="SequencePoint" vc="8" uspid="309" ordinal="0" offset="0" sl="42" sc="16" el="42" ec="50" bec="0" bev="0" fileid="27" />
            </Method>
            <Method visited="true" cyclomaticComplexity="1" nPathComplexity="0" sequenceCoverage="100" branchCoverage="100" isConstructor="false" isStatic="true" isGetter="false" isSetter="false">
              <Summary numSequencePoints="1" visitedSequencePoints="1" numBranchPoints="1" visitedBranchPoints="1" sequenceCoverage="100" branchCoverage="100" maxCyclomaticComplexity="1" minCyclomaticComplexity="1" visitedClasses="0" numClasses="0" visitedMethods="1" numMethods="1" />
              <MetadataToken>100663424</MetadataToken>
              <Name>TheFlow.CoreConcepts.ProcessInstance TheFlow.CoreConcepts.ProcessInstance::Create(System.Guid)</Name>
              <FileRef uid="27" />
              <SequencePoints>
                <SequencePoint vc="15" uspid="310" ordinal="0" offset="0" sl="45" sc="16" el="45" ec="89" bec="0" bev="0" fileid="27" />
              </SequencePoints>
              <BranchPoints />
              <MethodPoint xsi:type="SequencePoint" vc="15" uspid="310" ordinal="0" offset="0" sl="45" sc="16" el="45" ec="89" bec="0" bev="0" fileid="27" />
            </Method>
            <Method visited="true" cyclomaticComplexity="1" nPathComplexity="0" sequenceCoverage="100" branchCoverage="100" isConstructor="false" isStatic="true" isGetter="false" isSetter="false">
              <Summary numSequencePoints="1" visitedSequencePoints="1" numBranchPoints="1" visitedBranchPoints="1" sequenceCoverage="100" branchCoverage="100" maxCyclomaticComplexity="1" minCyclomaticComplexity="1" visitedClasses="0" numClasses="0" visitedMethods="1" numMethods="1" />
              <MetadataToken>100663425</MetadataToken>
              <Name>TheFlow.CoreConcepts.ProcessInstance TheFlow.CoreConcepts.ProcessInstance::Create(TheFlow.CoreConcepts.ProcessModel)</Name>
              <FileRef uid="27" />
              <SequencePoints>
                <SequencePoint vc="1" uspid="311" ordinal="0" offset="0" sl="48" sc="16" el="48" ec="32" bec="0" bev="0" fileid="27" />
              </SequencePoints>
              <BranchPoints />
              <MethodPoint xsi:type="SequencePoint" vc="1" uspid="311" ordinal="0" offset="0" sl="48" sc="16" el="48" ec="32" bec="0" bev="0" fileid="27" />
            </Method>
            <Method visited="false" cyclomaticComplexity="1" nPathComplexity="0" sequenceCoverage="0" branchCoverage="0" isConstructor="false" isStatic="false" isGetter="false" isSetter="false">
              <Summary numSequencePoints="5" visitedSequencePoints="0" numBranchPoints="1" visitedBranchPoints="0" sequenceCoverage="0" branchCoverage="0" maxCyclomaticComplexity="1" minCyclomaticComplexity="1" visitedClasses="0" numClasses="0" visitedMethods="0" numMethods="1" />
              <MetadataToken>100663426</MetadataToken>
              <Name>System.Collections.Generic.IEnumerable`1&lt;TheFlow.CoreConcepts.Token&gt; TheFlow.CoreConcepts.ProcessInstance::HandleEvent(System.IServiceProvider,System.Object)</Name>
              <FileRef uid="27" />
              <SequencePoints>
                <SequencePoint vc="0" uspid="312" ordinal="0" offset="0" sl="54" sc="9" el="54" ec="10" bec="0" bev="0" fileid="27" />
                <SequencePoint vc="0" uspid="313" ordinal="1" offset="1" sl="55" sc="13" el="55" ec="85" bec="0" bev="0" fileid="27" />
                <SequencePoint vc="0" uspid="314" ordinal="2" offset="8" sl="56" sc="13" el="56" ec="83" bec="0" bev="0" fileid="27" />
                <SequencePoint vc="0" uspid="315" ordinal="3" offset="26" sl="57" sc="13" el="57" ec="50" bec="0" bev="0" fileid="27" />
                <SequencePoint vc="0" uspid="316" ordinal="4" offset="37" sl="58" sc="9" el="58" ec="10" bec="0" bev="0" fileid="27" />
              </SequencePoints>
              <BranchPoints />
              <MethodPoint xsi:type="SequencePoint" vc="0" uspid="312" ordinal="0" offset="0" sl="54" sc="9" el="54" ec="10" bec="0" bev="0" fileid="27" />
            </Method>
            <Method visited="true" cyclomaticComplexity="1" nPathComplexity="0" sequenceCoverage="100" branchCoverage="100" isConstructor="false" isStatic="false" isGetter="false" isSetter="false">
              <Summary numSequencePoints="1" visitedSequencePoints="1" numBranchPoints="1" visitedBranchPoints="1" sequenceCoverage="100" branchCoverage="100" maxCyclomaticComplexity="1" minCyclomaticComplexity="1" visitedClasses="0" numClasses="0" visitedMethods="1" numMethods="1" />
              <MetadataToken>100663427</MetadataToken>
              <Name>System.Collections.Generic.IEnumerable`1&lt;TheFlow.CoreConcepts.Token&gt; TheFlow.CoreConcepts.ProcessInstance::HandleEvent(TheFlow.CoreConcepts.ProcessModel,System.Object)</Name>
              <FileRef uid="27" />
              <SequencePoints>
                <SequencePoint vc="16" uspid="317" ordinal="0" offset="0" sl="64" sc="14" el="64" ec="53" bec="0" bev="0" fileid="27" />
              </SequencePoints>
              <BranchPoints />
              <MethodPoint xsi:type="SequencePoint" vc="16" uspid="317" ordinal="0" offset="0" sl="64" sc="14" el="64" ec="53" bec="0" bev="0" fileid="27" />
            </Method>
            <Method visited="true" cyclomaticComplexity="10" nPathComplexity="64" sequenceCoverage="96.30" branchCoverage="92.31" isConstructor="false" isStatic="false" isGetter="false" isSetter="false">
              <Summary numSequencePoints="27" visitedSequencePoints="26" numBranchPoints="13" visitedBranchPoints="12" sequenceCoverage="96.30" branchCoverage="92.31" maxCyclomaticComplexity="10" minCyclomaticComplexity="10" visitedClasses="0" numClasses="0" visitedMethods="1" numMethods="1" />
              <MetadataToken>100663428</MetadataToken>
              <Name>System.Collections.Generic.IEnumerable`1&lt;TheFlow.CoreConcepts.Token&gt; TheFlow.CoreConcepts.ProcessInstance::HandleEvent(System.Guid,TheFlow.CoreConcepts.ProcessModel,System.Object)</Name>
              <FileRef uid="27" />
              <SequencePoints>
                <SequencePoint vc="23" uspid="318" ordinal="0" offset="13" sl="71" sc="9" el="71" ec="10" bec="0" bev="0" fileid="27" />
                <SequencePoint vc="23" uspid="319" ordinal="1" offset="14" sl="72" sc="13" el="72" ec="49" bec="0" bev="0" fileid="27" />
                <SequencePoint vc="23" uspid="320" ordinal="2" offset="32" sl="74" sc="13" el="74" ec="50" bec="2" bev="2" fileid="27" />
                <SequencePoint vc="2" uspid="321" ordinal="3" offset="61" sl="75" sc="13" el="75" ec="14" bec="0" bev="0" fileid="27" />
                <SequencePoint vc="2" uspid="322" ordinal="4" offset="62" sl="76" sc="17" el="76" ec="50" bec="0" bev="0" fileid="27" />
                <SequencePoint vc="21" uspid="323" ordinal="5" offset="74" sl="82" sc="13" el="82" ec="28" bec="2" bev="2" fileid="27" />
                <SequencePoint vc="14" uspid="324" ordinal="6" offset="89" sl="83" sc="13" el="83" ec="14" bec="0" bev="0" fileid="27" />
                <SequencePoint vc="14" uspid="325" ordinal="7" offset="90" sl="84" sc="17" el="85" ec="74" bec="0" bev="0" fileid="27" />
                <SequencePoint vc="14" uspid="326" ordinal="8" offset="114" sl="86" sc="17" el="86" ec="53" bec="2" bev="2" fileid="27" />
                <SequencePoint vc="14" uspid="327" ordinal="9" offset="138" sl="87" sc="13" el="87" ec="14" bec="0" bev="0" fileid="27" />
                <SequencePoint vc="7" uspid="328" ordinal="10" offset="141" sl="89" sc="13" el="89" ec="14" bec="0" bev="0" fileid="27" />
                <SequencePoint vc="7" uspid="329" ordinal="11" offset="142" sl="90" sc="17" el="91" ec="60" bec="0" bev="0" fileid="27" />
                <SequencePoint vc="7" uspid="330" ordinal="12" offset="165" sl="92" sc="13" el="92" ec="14" bec="0" bev="0" fileid="27" />
                <SequencePoint vc="21" uspid="331" ordinal="13" offset="166" sl="94" sc="13" el="94" ec="72" bec="2" bev="2" fileid="27" />
                <SequencePoint vc="4" uspid="332" ordinal="14" offset="198" sl="95" sc="13" el="95" ec="14" bec="0" bev="0" fileid="27" />
                <SequencePoint vc="4" uspid="333" ordinal="15" offset="199" sl="96" sc="17" el="96" ec="50" bec="0" bev="0" fileid="27" />
                <SequencePoint vc="17" uspid="334" ordinal="16" offset="211" sl="100" sc="13" el="100" ec="46" bec="0" bev="0" fileid="27" />
                <SequencePoint vc="17" uspid="335" ordinal="17" offset="229" sl="101" sc="13" el="103" ec="20" bec="0" bev="0" fileid="27" />
                <SequencePoint vc="17" uspid="336" ordinal="18" offset="284" sl="105" sc="13" el="107" ec="28" bec="0" bev="0" fileid="27" />
                <SequencePoint vc="17" uspid="337" ordinal="19" offset="302" sl="110" sc="13" el="110" ec="36" bec="2" bev="1" fileid="27" />
                <SequencePoint vc="0" uspid="338" ordinal="20" offset="317" sl="111" sc="17" el="111" ec="51" bec="0" bev="0" fileid="27" />
                <SequencePoint vc="17" uspid="339" ordinal="21" offset="323" sl="113" sc="13" el="113" ec="41" bec="2" bev="2" fileid="27" />
                <SequencePoint vc="1" uspid="340" ordinal="22" offset="338" sl="114" sc="13" el="114" ec="14" bec="0" bev="0" fileid="27" />
                <SequencePoint vc="1" uspid="341" ordinal="23" offset="339" sl="115" sc="17" el="122" ec="31" bec="0" bev="0" fileid="27" />
                <SequencePoint vc="16" uspid="342" ordinal="24" offset="366" sl="125" sc="13" el="125" ec="67" bec="0" bev="0" fileid="27" />
                <SequencePoint vc="16" uspid="343" ordinal="25" offset="394" sl="127" sc="13" el="127" ec="49" bec="0" bev="0" fileid="27" />
                <SequencePoint vc="23" uspid="344" ordinal="26" offset="420" sl="128" sc="9" el="128" ec="10" bec="0" bev="0" fileid="27" />
              </SequencePoints>
              <BranchPoints>
                <BranchPoint vc="2" uspid="347" ordinal="2" offset="59" sl="74" path="0" offsetend="61" fileid="27" />
                <BranchPoint vc="21" uspid="348" ordinal="3" offset="59" sl="74" path="1" offsetend="74" fileid="27" />
                <BranchPoint vc="14" uspid="349" ordinal="4" offset="87" sl="82" path="0" offsetend="89" fileid="27" />
                <BranchPoint vc="7" uspid="350" ordinal="5" offset="87" sl="82" path="1" offsetend="141" fileid="27" />
                <BranchPoint vc="1" uspid="351" ordinal="6" offset="121" sl="86" path="0" offsetend="123" fileid="27" />
                <BranchPoint vc="13" uspid="352" ordinal="7" offset="121" sl="86" path="1" offsetend="126" fileid="27" />
                <BranchPoint vc="4" uspid="355" ordinal="10" offset="196" sl="94" path="0" offsetend="198" fileid="27" />
                <BranchPoint vc="17" uspid="356" ordinal="11" offset="196" sl="94" path="1" offsetend="211" fileid="27" />
                <BranchPoint vc="0" uspid="357" ordinal="12" offset="315" sl="110" path="0" offsetend="317" fileid="27" />
                <BranchPoint vc="17" uspid="358" ordinal="13" offset="315" sl="110" path="1" offsetend="323" fileid="27" />
                <BranchPoint vc="1" uspid="359" ordinal="14" offset="336" sl="113" path="0" offsetend="338" fileid="27" />
                <BranchPoint vc="16" uspid="360" ordinal="15" offset="336" sl="113" path="1" offsetend="366" fileid="27" />
              </BranchPoints>
              <MethodPoint vc="23" uspid="361" ordinal="0" offset="0" />
            </Method>
            <Method visited="true" cyclomaticComplexity="10" nPathComplexity="64" sequenceCoverage="79.07" branchCoverage="53.85" isConstructor="false" isStatic="false" isGetter="false" isSetter="false">
              <Summary numSequencePoints="43" visitedSequencePoints="34" numBranchPoints="13" visitedBranchPoints="7" sequenceCoverage="79.07" branchCoverage="53.85" maxCyclomaticComplexity="10" minCyclomaticComplexity="10" visitedClasses="0" numClasses="0" visitedMethods="1" numMethods="1" />
              <MetadataToken>100663429</MetadataToken>
              <Name>System.Collections.Generic.IEnumerable`1&lt;TheFlow.CoreConcepts.Token&gt; TheFlow.CoreConcepts.ProcessInstance::MoveOn(TheFlow.CoreConcepts.ProcessModel,System.Collections.Generic.IEnumerable`1&lt;TheFlow.CoreConcepts.Token&gt;)</Name>
              <FileRef uid="27" />
              <SequencePoints>
                <SequencePoint vc="24" uspid="362" ordinal="0" offset="0" sl="134" sc="9" el="134" ec="10" bec="0" bev="0" fileid="27" />
                <SequencePoint vc="24" uspid="363" ordinal="1" offset="1" sl="135" sc="13" el="135" ec="44" bec="0" bev="0" fileid="27" />
                <SequencePoint vc="24" uspid="364" ordinal="2" offset="7" sl="136" sc="13" el="136" ec="20" bec="0" bev="0" fileid="27" />
                <SequencePoint vc="24" uspid="365" ordinal="3" offset="8" sl="136" sc="35" el="136" ec="41" bec="0" bev="0" fileid="27" />
                <SequencePoint vc="24" uspid="366" ordinal="4" offset="20" sl="136" sc="22" el="136" ec="31" bec="0" bev="0" fileid="27" />
                <SequencePoint vc="24" uspid="367" ordinal="5" offset="27" sl="137" sc="13" el="137" ec="14" bec="0" bev="0" fileid="27" />
                <SequencePoint vc="24" uspid="368" ordinal="6" offset="33" sl="140" sc="17" el="140" ec="18" bec="0" bev="0" fileid="27" />
                <SequencePoint vc="24" uspid="369" ordinal="7" offset="34" sl="142" sc="21" el="142" ec="74" bec="0" bev="0" fileid="27" />
                <SequencePoint vc="24" uspid="370" ordinal="8" offset="47" sl="143" sc="21" el="143" ec="45" bec="0" bev="0" fileid="27" />
                <SequencePoint vc="24" uspid="371" ordinal="9" offset="55" sl="145" sc="21" el="145" ec="47" bec="2" bev="2" fileid="27" />
                <SequencePoint vc="8" uspid="372" ordinal="10" offset="74" sl="146" sc="21" el="146" ec="22" bec="0" bev="0" fileid="27" />
                <SequencePoint vc="8" uspid="373" ordinal="11" offset="75" sl="148" sc="25" el="153" ec="27" bec="0" bev="0" fileid="27" />
                <SequencePoint vc="8" uspid="374" ordinal="12" offset="99" sl="155" sc="25" el="157" ec="28" bec="0" bev="0" fileid="27" />
                <SequencePoint vc="8" uspid="375" ordinal="13" offset="139" sl="159" sc="25" el="159" ec="61" bec="0" bev="0" fileid="27" />
                <SequencePoint vc="8" uspid="376" ordinal="14" offset="166" sl="160" sc="25" el="160" ec="31" bec="0" bev="0" fileid="27" />
                <SequencePoint vc="16" uspid="377" ordinal="15" offset="171" sl="162" sc="26" el="162" ec="58" bec="2" bev="2" fileid="27" />
                <SequencePoint vc="8" uspid="378" ordinal="16" offset="190" sl="163" sc="21" el="163" ec="22" bec="0" bev="0" fileid="27" />
                <SequencePoint vc="8" uspid="379" ordinal="17" offset="191" sl="164" sc="25" el="167" ec="28" bec="0" bev="0" fileid="27" />
                <SequencePoint vc="8" uspid="380" ordinal="18" offset="231" sl="169" sc="25" el="169" ec="36" bec="0" bev="0" fileid="27" />
                <SequencePoint vc="8" uspid="381" ordinal="19" offset="239" sl="170" sc="25" el="170" ec="75" bec="2" bev="1" fileid="27" />
                <SequencePoint vc="8" uspid="382" ordinal="20" offset="257" sl="171" sc="25" el="171" ec="26" bec="0" bev="0" fileid="27" />
                <SequencePoint vc="8" uspid="383" ordinal="21" offset="258" sl="172" sc="29" el="172" ec="57" bec="0" bev="0" fileid="27" />
                <SequencePoint vc="8" uspid="384" ordinal="22" offset="266" sl="173" sc="29" el="173" ec="45" bec="0" bev="0" fileid="27" />
                <SequencePoint vc="8" uspid="385" ordinal="23" offset="273" sl="174" sc="29" el="174" ec="43" bec="0" bev="0" fileid="27" />
                <SequencePoint vc="8" uspid="386" ordinal="24" offset="281" sl="175" sc="29" el="175" ec="35" bec="0" bev="0" fileid="27" />
                <SequencePoint vc="0" uspid="387" ordinal="25" offset="283" sl="177" sc="21" el="177" ec="22" bec="0" bev="0" fileid="27" />
                <SequencePoint vc="8" uspid="388" ordinal="26" offset="286" sl="178" sc="26" el="178" ec="55" bec="2" bev="1" fileid="27" />
                <SequencePoint vc="8" uspid="389" ordinal="27" offset="302" sl="179" sc="21" el="179" ec="22" bec="0" bev="0" fileid="27" />
                <SequencePoint vc="8" uspid="390" ordinal="28" offset="303" sl="180" sc="25" el="180" ec="31" bec="0" bev="0" fileid="27" />
                <SequencePoint vc="0" uspid="391" ordinal="29" offset="305" sl="183" sc="21" el="183" ec="22" bec="0" bev="0" fileid="27" />
                <SequencePoint vc="0" uspid="392" ordinal="30" offset="306" sl="184" sc="25" el="184" ec="61" bec="0" bev="0" fileid="27" />
                <SequencePoint vc="0" uspid="393" ordinal="31" offset="312" sl="187" sc="21" el="189" ec="33" bec="0" bev="0" fileid="27" />
                <SequencePoint vc="0" uspid="394" ordinal="32" offset="331" sl="191" sc="21" el="191" ec="50" bec="2" bev="0" fileid="27" />
                <SequencePoint vc="0" uspid="395" ordinal="33" offset="350" sl="192" sc="21" el="192" ec="22" bec="0" bev="0" fileid="27" />
                <SequencePoint vc="0" uspid="396" ordinal="34" offset="351" sl="193" sc="25" el="193" ec="61" bec="0" bev="0" fileid="27" />
                <SequencePoint vc="0" uspid="397" ordinal="35" offset="357" sl="196" sc="21" el="196" ec="85" bec="2" bev="0" fileid="27" />
                <SequencePoint vc="0" uspid="398" ordinal="36" offset="388" sl="197" sc="17" el="197" ec="18" bec="0" bev="0" fileid="27" />
                <SequencePoint vc="24" uspid="399" ordinal="37" offset="389" sl="139" sc="17" el="139" ec="29" bec="0" bev="0" fileid="27" />
                <SequencePoint vc="24" uspid="400" ordinal="38" offset="397" sl="199" sc="17" el="199" ec="35" bec="0" bev="0" fileid="27" />
                <SequencePoint vc="24" uspid="401" ordinal="39" offset="405" sl="200" sc="13" el="200" ec="14" bec="0" bev="0" fileid="27" />
                <SequencePoint vc="48" uspid="402" ordinal="40" offset="406" sl="136" sc="32" el="136" ec="34" bec="0" bev="0" fileid="27" />
                <SequencePoint vc="24" uspid="403" ordinal="41" offset="430" sl="201" sc="13" el="201" ec="27" bec="0" bev="0" fileid="27" />
                <SequencePoint vc="24" uspid="404" ordinal="42" offset="435" sl="202" sc="9" el="202" ec="10" bec="0" bev="0" fileid="27" />
              </SequencePoints>
              <BranchPoints>
                <BranchPoint vc="8" uspid="405" ordinal="0" offset="72" sl="145" path="0" offsetend="74" fileid="27" />
                <BranchPoint vc="16" uspid="406" ordinal="1" offset="72" sl="145" path="1" offsetend="171" fileid="27" />
                <BranchPoint vc="8" uspid="407" ordinal="2" offset="188" sl="162" path="0" offsetend="190" fileid="27" />
                <BranchPoint vc="8" uspid="408" ordinal="3" offset="188" sl="162" path="1" offsetend="286" fileid="27" />
                <BranchPoint vc="8" uspid="409" ordinal="4" offset="255" sl="170" path="0" offsetend="257" fileid="27" />
                <BranchPoint vc="0" uspid="410" ordinal="5" offset="255" sl="170" path="1" offsetend="283" fileid="27" />
                <BranchPoint vc="8" uspid="411" ordinal="6" offset="300" sl="178" path="0" offsetend="302" fileid="27" />
                <BranchPoint vc="0" uspid="412" ordinal="7" offset="300" sl="178" path="1" offsetend="305" fileid="27" />
                <BranchPoint vc="0" uspid="413" ordinal="8" offset="348" sl="191" path="0" offsetend="350" fileid="27" />
                <BranchPoint vc="0" uspid="414" ordinal="9" offset="348" sl="191" path="1" offsetend="357" fileid="27" />
                <BranchPoint vc="0" uspid="415" ordinal="10" offset="366" sl="196" path="0" offsetend="368" fileid="27" />
                <BranchPoint vc="0" uspid="416" ordinal="11" offset="366" sl="196" path="1" offsetend="372" fileid="27" />
              </BranchPoints>
              <MethodPoint xsi:type="SequencePoint" vc="24" uspid="362" ordinal="0" offset="0" sl="134" sc="9" el="134" ec="10" bec="0" bev="0" fileid="27" />
            </Method>
            <Method visited="true" cyclomaticComplexity="7" nPathComplexity="32" sequenceCoverage="57.14" branchCoverage="54.55" isConstructor="false" isStatic="false" isGetter="false" isSetter="false">
              <Summary numSequencePoints="21" visitedSequencePoints="12" numBranchPoints="11" visitedBranchPoints="6" sequenceCoverage="57.14" branchCoverage="54.55" maxCyclomaticComplexity="7" minCyclomaticComplexity="7" visitedClasses="0" numClasses="0" visitedMethods="1" numMethods="1" />
              <MetadataToken>100663430</MetadataToken>
              <Name>System.Collections.Generic.IEnumerable`1&lt;TheFlow.CoreConcepts.Token&gt; TheFlow.CoreConcepts.ProcessInstance::HandleActivityCompletation(System.Guid,TheFlow.CoreConcepts.ProcessModel,System.Object)</Name>
              <FileRef uid="27" />
              <SequencePoints>
                <SequencePoint vc="8" uspid="419" ordinal="0" offset="6" sl="205" sc="9" el="205" ec="10" bec="0" bev="0" fileid="27" />
                <SequencePoint vc="8" uspid="420" ordinal="1" offset="7" sl="206" sc="13" el="206" ec="28" bec="2" bev="1" fileid="27" />
                <SequencePoint vc="0" uspid="421" ordinal="2" offset="20" sl="207" sc="13" el="207" ec="14" bec="0" bev="0" fileid="27" />
                <SequencePoint vc="0" uspid="422" ordinal="3" offset="21" sl="208" sc="17" el="208" ec="50" bec="0" bev="0" fileid="27" />
                <SequencePoint vc="8" uspid="423" ordinal="4" offset="33" sl="211" sc="13" el="211" ec="49" bec="0" bev="0" fileid="27" />
                <SequencePoint vc="8" uspid="424" ordinal="5" offset="51" sl="213" sc="13" el="213" ec="50" bec="2" bev="1" fileid="27" />
                <SequencePoint vc="0" uspid="425" ordinal="6" offset="82" sl="214" sc="13" el="214" ec="14" bec="0" bev="0" fileid="27" />
                <SequencePoint vc="0" uspid="426" ordinal="7" offset="83" sl="215" sc="17" el="215" ec="50" bec="0" bev="0" fileid="27" />
                <SequencePoint vc="8" uspid="427" ordinal="8" offset="95" sl="218" sc="13" el="219" ec="61" bec="2" bev="1" fileid="27" />
                <SequencePoint vc="0" uspid="428" ordinal="9" offset="128" sl="220" sc="13" el="220" ec="14" bec="0" bev="0" fileid="27" />
                <SequencePoint vc="0" uspid="429" ordinal="10" offset="129" sl="221" sc="17" el="221" ec="50" bec="0" bev="0" fileid="27" />
                <SequencePoint vc="8" uspid="430" ordinal="11" offset="141" sl="225" sc="13" el="227" ec="16" bec="0" bev="0" fileid="27" />
                <SequencePoint vc="8" uspid="431" ordinal="12" offset="191" sl="229" sc="13" el="231" ec="28" bec="0" bev="0" fileid="27" />
                <SequencePoint vc="8" uspid="432" ordinal="13" offset="209" sl="234" sc="13" el="234" ec="36" bec="2" bev="1" fileid="27" />
                <SequencePoint vc="0" uspid="433" ordinal="14" offset="224" sl="235" sc="17" el="235" ec="51" bec="0" bev="0" fileid="27" />
                <SequencePoint vc="8" uspid="434" ordinal="15" offset="230" sl="237" sc="13" el="237" ec="41" bec="2" bev="1" fileid="27" />
                <SequencePoint vc="0" uspid="435" ordinal="16" offset="245" sl="238" sc="13" el="238" ec="14" bec="0" bev="0" fileid="27" />
                <SequencePoint vc="0" uspid="436" ordinal="17" offset="246" sl="239" sc="17" el="246" ec="31" bec="0" bev="0" fileid="27" />
                <SequencePoint vc="8" uspid="437" ordinal="18" offset="273" sl="249" sc="13" el="249" ec="67" bec="0" bev="0" fileid="27" />
                <SequencePoint vc="8" uspid="438" ordinal="19" offset="301" sl="251" sc="13" el="251" ec="51" bec="0" bev="0" fileid="27" />
                <SequencePoint vc="8" uspid="439" ordinal="20" offset="327" sl="252" sc="9" el="252" ec="10" bec="0" bev="0" fileid="27" />
              </SequencePoints>
              <BranchPoints>
                <BranchPoint vc="0" uspid="440" ordinal="0" offset="18" sl="206" path="0" offsetend="20" fileid="27" />
                <BranchPoint vc="8" uspid="441" ordinal="1" offset="18" sl="206" path="1" offsetend="33" fileid="27" />
                <BranchPoint vc="0" uspid="444" ordinal="4" offset="80" sl="213" path="0" offsetend="82" fileid="27" />
                <BranchPoint vc="8" uspid="445" ordinal="5" offset="80" sl="213" path="1" offsetend="95" fileid="27" />
                <BranchPoint vc="0" uspid="446" ordinal="6" offset="126" sl="218" path="0" offsetend="128" fileid="27" />
                <BranchPoint vc="8" uspid="447" ordinal="7" offset="126" sl="218" path="1" offsetend="141" fileid="27" />
                <BranchPoint vc="0" uspid="448" ordinal="8" offset="222" sl="234" path="0" offsetend="224" fileid="27" />
                <BranchPoint vc="8" uspid="449" ordinal="9" offset="222" sl="234" path="1" offsetend="230" fileid="27" />
                <BranchPoint vc="0" uspid="450" ordinal="10" offset="243" sl="237" path="0" offsetend="245" fileid="27" />
                <BranchPoint vc="8" uspid="451" ordinal="11" offset="243" sl="237" path="1" offsetend="273" fileid="27" />
              </BranchPoints>
              <MethodPoint vc="8" uspid="452" ordinal="0" offset="0" />
            </Method>
            <Method visited="false" cyclomaticComplexity="2" nPathComplexity="2" sequenceCoverage="0" branchCoverage="0" isConstructor="false" isStatic="false" isGetter="false" isSetter="false">
              <Summary numSequencePoints="9" visitedSequencePoints="0" numBranchPoints="3" visitedBranchPoints="0" sequenceCoverage="0" branchCoverage="0" maxCyclomaticComplexity="2" minCyclomaticComplexity="2" visitedClasses="0" numClasses="0" visitedMethods="0" numMethods="1" />
              <MetadataToken>100663431</MetadataToken>
              <Name>System.Object TheFlow.CoreConcepts.ProcessInstance::GetDataElementInstance(TheFlow.CoreConcepts.ProcessModel,System.String)</Name>
              <FileRef uid="27" />
              <SequencePoints>
                <SequencePoint vc="0" uspid="453" ordinal="0" offset="0" sl="258" sc="9" el="258" ec="10" bec="0" bev="0" fileid="27" />
                <SequencePoint vc="0" uspid="454" ordinal="1" offset="1" sl="259" sc="13" el="259" ec="90" bec="2" bev="0" fileid="27" />
                <SequencePoint vc="0" uspid="455" ordinal="2" offset="19" sl="260" sc="13" el="260" ec="14" bec="0" bev="0" fileid="27" />
                <SequencePoint vc="0" uspid="456" ordinal="3" offset="20" sl="261" sc="17" el="261" ec="44" bec="0" bev="0" fileid="27" />
                <SequencePoint vc="0" uspid="457" ordinal="4" offset="25" sl="264" sc="13" el="264" ec="89" bec="0" bev="0" fileid="27" />
                <SequencePoint vc="0" uspid="458" ordinal="5" offset="33" sl="266" sc="13" el="266" ec="78" bec="0" bev="0" fileid="27" />
                <SequencePoint vc="0" uspid="459" ordinal="6" offset="45" sl="267" sc="13" el="267" ec="65" bec="0" bev="0" fileid="27" />
                <SequencePoint vc="0" uspid="460" ordinal="7" offset="59" sl="268" sc="13" el="268" ec="35" bec="0" bev="0" fileid="27" />
                <SequencePoint vc="0" uspid="461" ordinal="8" offset="64" sl="269" sc="9" el="269" ec="10" bec="0" bev="0" fileid="27" />
              </SequencePoints>
              <BranchPoints>
                <BranchPoint vc="0" uspid="462" ordinal="0" offset="17" sl="259" path="0" offsetend="19" fileid="27" />
                <BranchPoint vc="0" uspid="463" ordinal="1" offset="17" sl="259" path="1" offsetend="25" fileid="27" />
              </BranchPoints>
              <MethodPoint xsi:type="SequencePoint" vc="0" uspid="453" ordinal="0" offset="0" sl="258" sc="9" el="258" ec="10" bec="0" bev="0" fileid="27" />
            </Method>
            <Method visited="true" cyclomaticComplexity="3" nPathComplexity="2" sequenceCoverage="100" branchCoverage="66.67" isConstructor="false" isStatic="false" isGetter="false" isSetter="false">
              <Summary numSequencePoints="1" visitedSequencePoints="1" numBranchPoints="3" visitedBranchPoints="2" sequenceCoverage="100" branchCoverage="66.67" maxCyclomaticComplexity="3" minCyclomaticComplexity="3" visitedClasses="0" numClasses="0" visitedMethods="1" numMethods="1" />
              <MetadataToken>100663432</MetadataToken>
              <Name>TheFlow.CoreConcepts.ProcessInstance TheFlow.CoreConcepts.ProcessInstance::GetProcessInstance(System.Guid)</Name>
              <FileRef uid="27" />
              <SequencePoints>
                <SequencePoint vc="8" uspid="464" ordinal="0" offset="0" sl="273" sc="13" el="275" ec="23" bec="2" bev="1" fileid="27" />
              </SequencePoints>
              <BranchPoints>
                <BranchPoint vc="0" uspid="465" ordinal="0" offset="17" sl="273" path="0" offsetend="19" fileid="27" />
                <BranchPoint vc="8" uspid="466" ordinal="1" offset="17" sl="273" path="1" offsetend="22" fileid="27" />
              </BranchPoints>
              <MethodPoint xsi:type="SequencePoint" vc="8" uspid="464" ordinal="0" offset="0" sl="273" sc="13" el="275" ec="23" bec="2" bev="1" fileid="27" />
            </Method>
            <Method visited="true" cyclomaticComplexity="3" nPathComplexity="2" sequenceCoverage="100" branchCoverage="100" isConstructor="false" isStatic="false" isGetter="false" isSetter="false">
              <Summary numSequencePoints="1" visitedSequencePoints="1" numBranchPoints="3" visitedBranchPoints="3" sequenceCoverage="100" branchCoverage="100" maxCyclomaticComplexity="3" minCyclomaticComplexity="3" visitedClasses="0" numClasses="0" visitedMethods="1" numMethods="1" />
              <MetadataToken>100663433</MetadataToken>
              <Name>System.Object TheFlow.CoreConcepts.ProcessInstance::GetService(System.Type)</Name>
              <FileRef uid="27" />
              <SequencePoints>
                <SequencePoint vc="16" uspid="467" ordinal="0" offset="0" sl="278" sc="13" el="280" ec="23" bec="2" bev="2" fileid="27" />
              </SequencePoints>
              <BranchPoints>
                <BranchPoint vc="8" uspid="468" ordinal="0" offset="16" sl="278" path="0" offsetend="18" fileid="27" />
                <BranchPoint vc="8" uspid="469" ordinal="1" offset="16" sl="278" path="1" offsetend="21" fileid="27" />
              </BranchPoints>
              <MethodPoint xsi:type="SequencePoint" vc="16" uspid="467" ordinal="0" offset="0" sl="278" sc="13" el="280" ec="23" bec="2" bev="2" fileid="27" />
            </Method>
          </Methods>
        </Class>
        <Class>
          <Summary numSequencePoints="6" visitedSequencePoints="6" numBranchPoints="2" visitedBranchPoints="2" sequenceCoverage="100" branchCoverage="100" maxCyclomaticComplexity="1" minCyclomaticComplexity="1" visitedClasses="1" numClasses="1" visitedMethods="2" numMethods="2" />
          <FullName>TheFlow.CoreConcepts.ProcessInstance/&lt;&gt;c__DisplayClass27_0</FullName>
          <Methods>
            <Method visited="true" cyclomaticComplexity="1" nPathComplexity="0" sequenceCoverage="0" branchCoverage="0" isConstructor="true" isStatic="false" isGetter="false" isSetter="false">
              <Summary numSequencePoints="0" visitedSequencePoints="0" numBranchPoints="0" visitedBranchPoints="0" sequenceCoverage="0" branchCoverage="0" maxCyclomaticComplexity="1" minCyclomaticComplexity="1" visitedClasses="0" numClasses="0" visitedMethods="0" numMethods="0" />
              <MetadataToken>100663497</MetadataToken>
              <Name>System.Void TheFlow.CoreConcepts.ProcessInstance/&lt;&gt;c__DisplayClass27_0::.ctor()</Name>
              <SequencePoints />
              <BranchPoints />
              <MethodPoint vc="23" uspid="470" ordinal="0" offset="0" />
            </Method>
            <Method visited="true" cyclomaticComplexity="1" nPathComplexity="0" sequenceCoverage="100" branchCoverage="100" isConstructor="false" isStatic="false" isGetter="false" isSetter="false">
              <Summary numSequencePoints="1" visitedSequencePoints="1" numBranchPoints="1" visitedBranchPoints="1" sequenceCoverage="100" branchCoverage="100" maxCyclomaticComplexity="1" minCyclomaticComplexity="1" visitedClasses="0" numClasses="0" visitedMethods="1" numMethods="1" />
              <MetadataToken>100663498</MetadataToken>
              <Name>System.Boolean TheFlow.CoreConcepts.ProcessInstance/&lt;&gt;c__DisplayClass27_0::&lt;HandleEvent&gt;b__0(TheFlow.Elements.INamedProcessElement`1&lt;TheFlow.Elements.Events.IEventCatcher&gt;)</Name>
              <FileRef uid="27" />
              <SequencePoints>
                <SequencePoint vc="14" uspid="471" ordinal="0" offset="0" sl="85" sc="42" el="85" ec="72" bec="0" bev="0" fileid="27" />
              </SequencePoints>
              <BranchPoints />
              <MethodPoint xsi:type="SequencePoint" vc="14" uspid="471" ordinal="0" offset="0" sl="85" sc="42" el="85" ec="72" bec="0" bev="0" fileid="27" />
            </Method>
            <Method visited="true" cyclomaticComplexity="1" nPathComplexity="0" sequenceCoverage="100" branchCoverage="100" isConstructor="false" isStatic="false" isGetter="false" isSetter="false">
              <Summary numSequencePoints="5" visitedSequencePoints="5" numBranchPoints="1" visitedBranchPoints="1" sequenceCoverage="100" branchCoverage="100" maxCyclomaticComplexity="1" minCyclomaticComplexity="1" visitedClasses="0" numClasses="0" visitedMethods="1" numMethods="1" />
              <MetadataToken>100663499</MetadataToken>
              <Name>TheFlow.CoreConcepts.Token TheFlow.CoreConcepts.ProcessInstance/&lt;&gt;c__DisplayClass27_0::&lt;HandleEvent&gt;b__1(TheFlow.Elements.IProcessElement`1&lt;TheFlow.Elements.Connections.IConnectionElement&gt;)</Name>
              <FileRef uid="27" />
              <SequencePoints>
                <SequencePoint vc="2" uspid="472" ordinal="0" offset="0" sl="117" sc="21" el="117" ec="22" bec="0" bev="0" fileid="27" />
                <SequencePoint vc="2" uspid="473" ordinal="1" offset="1" sl="118" sc="25" el="118" ec="59" bec="0" bev="0" fileid="27" />
                <SequencePoint vc="2" uspid="474" ordinal="2" offset="13" sl="119" sc="25" el="119" ec="70" bec="0" bev="0" fileid="27" />
                <SequencePoint vc="2" uspid="475" ordinal="3" offset="31" sl="120" sc="25" el="120" ec="38" bec="0" bev="0" fileid="27" />
                <SequencePoint vc="2" uspid="476" ordinal="4" offset="35" sl="121" sc="21" el="121" ec="22" bec="0" bev="0" fileid="27" />
              </SequencePoints>
              <BranchPoints />
              <MethodPoint xsi:type="SequencePoint" vc="2" uspid="472" ordinal="0" offset="0" sl="117" sc="21" el="117" ec="22" bec="0" bev="0" fileid="27" />
            </Method>
          </Methods>
        </Class>
        <Class>
          <Summary numSequencePoints="5" visitedSequencePoints="0" numBranchPoints="1" visitedBranchPoints="0" sequenceCoverage="0" branchCoverage="0" maxCyclomaticComplexity="1" minCyclomaticComplexity="1" visitedClasses="0" numClasses="1" visitedMethods="0" numMethods="1" />
          <FullName>TheFlow.CoreConcepts.ProcessInstance/&lt;&gt;c__DisplayClass29_0</FullName>
          <Methods>
            <Method visited="true" cyclomaticComplexity="1" nPathComplexity="0" sequenceCoverage="0" branchCoverage="0" isConstructor="true" isStatic="false" isGetter="false" isSetter="false">
              <Summary numSequencePoints="0" visitedSequencePoints="0" numBranchPoints="0" visitedBranchPoints="0" sequenceCoverage="0" branchCoverage="0" maxCyclomaticComplexity="1" minCyclomaticComplexity="1" visitedClasses="0" numClasses="0" visitedMethods="0" numMethods="0" />
              <MetadataToken>100663500</MetadataToken>
              <Name>System.Void TheFlow.CoreConcepts.ProcessInstance/&lt;&gt;c__DisplayClass29_0::.ctor()</Name>
              <SequencePoints />
              <BranchPoints />
              <MethodPoint vc="8" uspid="477" ordinal="0" offset="0" />
            </Method>
            <Method visited="false" cyclomaticComplexity="1" nPathComplexity="0" sequenceCoverage="0" branchCoverage="0" isConstructor="false" isStatic="false" isGetter="false" isSetter="false">
              <Summary numSequencePoints="5" visitedSequencePoints="0" numBranchPoints="1" visitedBranchPoints="0" sequenceCoverage="0" branchCoverage="0" maxCyclomaticComplexity="1" minCyclomaticComplexity="1" visitedClasses="0" numClasses="0" visitedMethods="0" numMethods="1" />
              <MetadataToken>100663501</MetadataToken>
              <Name>TheFlow.CoreConcepts.Token TheFlow.CoreConcepts.ProcessInstance/&lt;&gt;c__DisplayClass29_0::&lt;HandleActivityCompletation&gt;b__0(TheFlow.Elements.IProcessElement`1&lt;TheFlow.Elements.Connections.IConnectionElement&gt;)</Name>
              <FileRef uid="27" />
              <SequencePoints>
                <SequencePoint vc="0" uspid="478" ordinal="0" offset="0" sl="241" sc="21" el="241" ec="22" bec="0" bev="0" fileid="27" />
                <SequencePoint vc="0" uspid="479" ordinal="1" offset="1" sl="242" sc="25" el="242" ec="59" bec="0" bev="0" fileid="27" />
                <SequencePoint vc="0" uspid="480" ordinal="2" offset="13" sl="243" sc="25" el="243" ec="70" bec="0" bev="0" fileid="27" />
                <SequencePoint vc="0" uspid="481" ordinal="3" offset="31" sl="244" sc="25" el="244" ec="38" bec="0" bev="0" fileid="27" />
                <SequencePoint vc="0" uspid="482" ordinal="4" offset="35" sl="245" sc="21" el="245" ec="22" bec="0" bev="0" fileid="27" />
              </SequencePoints>
              <BranchPoints />
              <MethodPoint xsi:type="SequencePoint" vc="0" uspid="478" ordinal="0" offset="0" sl="241" sc="21" el="241" ec="22" bec="0" bev="0" fileid="27" />
            </Method>
          </Methods>
        </Class>
        <Class>
          <Summary numSequencePoints="55" visitedSequencePoints="45" numBranchPoints="36" visitedBranchPoints="28" sequenceCoverage="81.82" branchCoverage="77.78" maxCyclomaticComplexity="3" minCyclomaticComplexity="1" visitedClasses="1" numClasses="1" visitedMethods="26" numMethods="32" />
          <FullName>TheFlow.CoreConcepts.ProcessModel</FullName>
          <Methods>
            <Method visited="true" cyclomaticComplexity="1" nPathComplexity="0" sequenceCoverage="100" branchCoverage="100" isConstructor="false" isStatic="false" isGetter="true" isSetter="false">
              <Summary numSequencePoints="1" visitedSequencePoints="1" numBranchPoints="1" visitedBranchPoints="1" sequenceCoverage="100" branchCoverage="100" maxCyclomaticComplexity="1" minCyclomaticComplexity="1" visitedClasses="0" numClasses="0" visitedMethods="1" numMethods="1" />
              <MetadataToken>100663434</MetadataToken>
              <Name>System.String TheFlow.CoreConcepts.ProcessModel::get_Id()</Name>
              <FileRef uid="30" />
              <SequencePoints>
                <SequencePoint vc="118" uspid="483" ordinal="0" offset="0" sl="15" sc="28" el="15" ec="32" bec="0" bev="0" fileid="30" />
              </SequencePoints>
              <BranchPoints />
              <MethodPoint xsi:type="SequencePoint" vc="118" uspid="483" ordinal="0" offset="0" sl="15" sc="28" el="15" ec="32" bec="0" bev="0" fileid="30" />
            </Method>
            <Method visited="true" cyclomaticComplexity="1" nPathComplexity="0" sequenceCoverage="100" branchCoverage="100" isConstructor="false" isStatic="false" isGetter="true" isSetter="false">
              <Summary numSequencePoints="1" visitedSequencePoints="1" numBranchPoints="1" visitedBranchPoints="1" sequenceCoverage="100" branchCoverage="100" maxCyclomaticComplexity="1" minCyclomaticComplexity="1" visitedClasses="0" numClasses="0" visitedMethods="1" numMethods="1" />
              <MetadataToken>100663435</MetadataToken>
              <Name>System.Int32 TheFlow.CoreConcepts.ProcessModel::get_Version()</Name>
              <FileRef uid="30" />
              <SequencePoints>
                <SequencePoint vc="97" uspid="484" ordinal="0" offset="0" sl="16" sc="30" el="16" ec="34" bec="0" bev="0" fileid="30" />
              </SequencePoints>
              <BranchPoints />
              <MethodPoint xsi:type="SequencePoint" vc="97" uspid="484" ordinal="0" offset="0" sl="16" sc="30" el="16" ec="34" bec="0" bev="0" fileid="30" />
            </Method>
            <Method visited="true" cyclomaticComplexity="1" nPathComplexity="0" sequenceCoverage="100" branchCoverage="100" isConstructor="false" isStatic="false" isGetter="true" isSetter="false">
              <Summary numSequencePoints="1" visitedSequencePoints="1" numBranchPoints="1" visitedBranchPoints="1" sequenceCoverage="100" branchCoverage="100" maxCyclomaticComplexity="1" minCyclomaticComplexity="1" visitedClasses="0" numClasses="0" visitedMethods="1" numMethods="1" />
              <MetadataToken>100663436</MetadataToken>
              <Name>System.Collections.Immutable.ImmutableList`1&lt;TheFlow.Elements.IProcessElement`1&lt;TheFlow.Elements.IElement&gt;&gt; TheFlow.CoreConcepts.ProcessModel::get_Elements()</Name>
              <FileRef uid="30" />
              <SequencePoints>
                <SequencePoint vc="227" uspid="485" ordinal="0" offset="0" sl="19" sc="68" el="19" ec="72" bec="0" bev="0" fileid="30" />
              </SequencePoints>
              <BranchPoints />
              <MethodPoint xsi:type="SequencePoint" vc="227" uspid="485" ordinal="0" offset="0" sl="19" sc="68" el="19" ec="72" bec="0" bev="0" fileid="30" />
            </Method>
            <Method visited="true" cyclomaticComplexity="1" nPathComplexity="0" sequenceCoverage="100" branchCoverage="100" isConstructor="true" isStatic="false" isGetter="false" isSetter="false">
              <Summary numSequencePoints="6" visitedSequencePoints="6" numBranchPoints="1" visitedBranchPoints="1" sequenceCoverage="100" branchCoverage="100" maxCyclomaticComplexity="1" minCyclomaticComplexity="1" visitedClasses="0" numClasses="0" visitedMethods="1" numMethods="1" />
              <MetadataToken>100663437</MetadataToken>
              <Name>System.Void TheFlow.CoreConcepts.ProcessModel::.ctor(System.String,System.Int32,System.Collections.Immutable.ImmutableList`1&lt;TheFlow.Elements.IProcessElement`1&lt;TheFlow.Elements.IElement&gt;&gt;)</Name>
              <FileRef uid="30" />
              <SequencePoints>
                <SequencePoint vc="116" uspid="486" ordinal="0" offset="0" sl="22" sc="9" el="25" ec="63" bec="0" bev="0" fileid="30" />
                <SequencePoint vc="116" uspid="487" ordinal="1" offset="7" sl="26" sc="9" el="26" ec="10" bec="0" bev="0" fileid="30" />
                <SequencePoint vc="116" uspid="488" ordinal="2" offset="8" sl="27" sc="13" el="27" ec="21" bec="0" bev="0" fileid="30" />
                <SequencePoint vc="116" uspid="489" ordinal="3" offset="15" sl="28" sc="13" el="28" ec="31" bec="0" bev="0" fileid="30" />
                <SequencePoint vc="116" uspid="490" ordinal="4" offset="22" sl="29" sc="13" el="29" ec="33" bec="0" bev="0" fileid="30" />
                <SequencePoint vc="116" uspid="491" ordinal="5" offset="29" sl="30" sc="9" el="30" ec="10" bec="0" bev="0" fileid="30" />
              </SequencePoints>
              <BranchPoints />
              <MethodPoint xsi:type="SequencePoint" vc="116" uspid="486" ordinal="0" offset="0" sl="22" sc="9" el="25" ec="63" bec="0" bev="0" fileid="30" />
            </Method>
            <Method visited="true" cyclomaticComplexity="1" nPathComplexity="0" sequenceCoverage="100" branchCoverage="100" isConstructor="false" isStatic="false" isGetter="false" isSetter="false">
              <Summary numSequencePoints="1" visitedSequencePoints="1" numBranchPoints="1" visitedBranchPoints="1" sequenceCoverage="100" branchCoverage="100" maxCyclomaticComplexity="1" minCyclomaticComplexity="1" visitedClasses="0" numClasses="0" visitedMethods="1" numMethods="1" />
              <MetadataToken>100663438</MetadataToken>
              <Name>TheFlow.CoreConcepts.ProcessModel TheFlow.CoreConcepts.ProcessModel::AddEventCatcher(System.String,TheFlow.Elements.Events.IEventCatcher)</Name>
              <FileRef uid="30" />
              <SequencePoints>
                <SequencePoint vc="29" uspid="492" ordinal="0" offset="0" sl="39" sc="16" el="39" ec="89" bec="0" bev="0" fileid="30" />
              </SequencePoints>
              <BranchPoints />
              <MethodPoint xsi:type="SequencePoint" vc="29" uspid="492" ordinal="0" offset="0" sl="39" sc="16" el="39" ec="89" bec="0" bev="0" fileid="30" />
            </Method>
            <Method visited="true" cyclomaticComplexity="1" nPathComplexity="0" sequenceCoverage="100" branchCoverage="100" isConstructor="false" isStatic="false" isGetter="false" isSetter="false">
              <Summary numSequencePoints="1" visitedSequencePoints="1" numBranchPoints="1" visitedBranchPoints="1" sequenceCoverage="100" branchCoverage="100" maxCyclomaticComplexity="1" minCyclomaticComplexity="1" visitedClasses="0" numClasses="0" visitedMethods="1" numMethods="1" />
              <MetadataToken>100663439</MetadataToken>
              <Name>TheFlow.CoreConcepts.ProcessModel TheFlow.CoreConcepts.ProcessModel::AddEventCatcher(TheFlow.Elements.NamedProcessElement`1&lt;TheFlow.Elements.Events.IEventCatcher&gt;)</Name>
              <FileRef uid="30" />
              <SequencePoints>
                <SequencePoint vc="29" uspid="493" ordinal="0" offset="0" sl="42" sc="16" el="42" ec="83" bec="0" bev="0" fileid="30" />
              </SequencePoints>
              <BranchPoints />
              <MethodPoint xsi:type="SequencePoint" vc="29" uspid="493" ordinal="0" offset="0" sl="42" sc="16" el="42" ec="83" bec="0" bev="0" fileid="30" />
            </Method>
            <Method visited="true" cyclomaticComplexity="1" nPathComplexity="0" sequenceCoverage="100" branchCoverage="100" isConstructor="false" isStatic="false" isGetter="false" isSetter="false">
              <Summary numSequencePoints="1" visitedSequencePoints="1" numBranchPoints="1" visitedBranchPoints="1" sequenceCoverage="100" branchCoverage="100" maxCyclomaticComplexity="1" minCyclomaticComplexity="1" visitedClasses="0" numClasses="0" visitedMethods="1" numMethods="1" />
              <MetadataToken>100663440</MetadataToken>
              <Name>TheFlow.CoreConcepts.ProcessModel TheFlow.CoreConcepts.ProcessModel::AddEventThrower(System.String,TheFlow.Elements.Events.IEventThrower)</Name>
              <FileRef uid="30" />
              <SequencePoints>
                <SequencePoint vc="19" uspid="494" ordinal="0" offset="0" sl="46" sc="16" el="46" ec="89" bec="0" bev="0" fileid="30" />
              </SequencePoints>
              <BranchPoints />
              <MethodPoint xsi:type="SequencePoint" vc="19" uspid="494" ordinal="0" offset="0" sl="46" sc="16" el="46" ec="89" bec="0" bev="0" fileid="30" />
            </Method>
            <Method visited="true" cyclomaticComplexity="1" nPathComplexity="0" sequenceCoverage="100" branchCoverage="100" isConstructor="false" isStatic="false" isGetter="false" isSetter="false">
              <Summary numSequencePoints="1" visitedSequencePoints="1" numBranchPoints="1" visitedBranchPoints="1" sequenceCoverage="100" branchCoverage="100" maxCyclomaticComplexity="1" minCyclomaticComplexity="1" visitedClasses="0" numClasses="0" visitedMethods="1" numMethods="1" />
              <MetadataToken>100663441</MetadataToken>
              <Name>TheFlow.CoreConcepts.ProcessModel TheFlow.CoreConcepts.ProcessModel::AddEventThrower(TheFlow.Elements.NamedProcessElement`1&lt;TheFlow.Elements.Events.IEventThrower&gt;)</Name>
              <FileRef uid="30" />
              <SequencePoints>
                <SequencePoint vc="20" uspid="495" ordinal="0" offset="0" sl="49" sc="16" el="49" ec="72" bec="0" bev="0" fileid="30" />
              </SequencePoints>
              <BranchPoints />
              <MethodPoint xsi:type="SequencePoint" vc="20" uspid="495" ordinal="0" offset="0" sl="49" sc="16" el="49" ec="72" bec="0" bev="0" fileid="30" />
            </Method>
            <Method visited="true" cyclomaticComplexity="2" nPathComplexity="2" sequenceCoverage="100" branchCoverage="100" isConstructor="false" isStatic="false" isGetter="false" isSetter="false">
              <Summary numSequencePoints="12" visitedSequencePoints="12" numBranchPoints="3" visitedBranchPoints="3" sequenceCoverage="100" branchCoverage="100" maxCyclomaticComplexity="2" minCyclomaticComplexity="2" visitedClasses="0" numClasses="0" visitedMethods="1" numMethods="1" />
              <MetadataToken>100663442</MetadataToken>
              <Name>TheFlow.CoreConcepts.ProcessModel TheFlow.CoreConcepts.ProcessModel::AddSequenceFlow(System.String,System.String,System.String[])</Name>
              <FileRef uid="30" />
              <SequencePoints>
                <SequencePoint vc="26" uspid="496" ordinal="0" offset="0" sl="55" sc="9" el="55" ec="10" bec="0" bev="0" fileid="30" />
                <SequencePoint vc="26" uspid="497" ordinal="1" offset="1" sl="56" sc="13" el="56" ec="73" bec="0" bev="0" fileid="30" />
                <SequencePoint vc="26" uspid="498" ordinal="2" offset="15" sl="57" sc="13" el="57" ec="23" bec="0" bev="0" fileid="30" />
                <SequencePoint vc="26" uspid="499" ordinal="3" offset="18" sl="58" sc="18" el="58" ec="27" bec="0" bev="0" fileid="30" />
                <SequencePoint vc="14" uspid="500" ordinal="4" offset="22" sl="59" sc="13" el="59" ec="14" bec="0" bev="0" fileid="30" />
                <SequencePoint vc="14" uspid="501" ordinal="5" offset="23" sl="60" sc="17" el="60" ec="85" bec="0" bev="0" fileid="30" />
                <SequencePoint vc="14" uspid="502" ordinal="6" offset="39" sl="61" sc="17" el="61" ec="32" bec="0" bev="0" fileid="30" />
                <SequencePoint vc="14" uspid="503" ordinal="7" offset="44" sl="62" sc="13" el="62" ec="14" bec="0" bev="0" fileid="30" />
                <SequencePoint vc="14" uspid="504" ordinal="8" offset="45" sl="58" sc="46" el="58" ec="49" bec="0" bev="0" fileid="30" />
                <SequencePoint vc="40" uspid="505" ordinal="9" offset="49" sl="58" sc="29" el="58" ec="44" bec="2" bev="2" fileid="30" />
                <SequencePoint vc="26" uspid="506" ordinal="10" offset="59" sl="63" sc="13" el="63" ec="27" bec="0" bev="0" fileid="30" />
                <SequencePoint vc="26" uspid="507" ordinal="11" offset="63" sl="64" sc="9" el="64" ec="10" bec="0" bev="0" fileid="30" />
              </SequencePoints>
              <BranchPoints>
                <BranchPoint vc="26" uspid="508" ordinal="0" offset="57" sl="58" path="0" offsetend="59" fileid="30" />
                <BranchPoint vc="14" uspid="509" ordinal="1" offset="57" sl="58" path="1" offsetend="22" fileid="30" />
              </BranchPoints>
              <MethodPoint xsi:type="SequencePoint" vc="26" uspid="496" ordinal="0" offset="0" sl="55" sc="9" el="55" ec="10" bec="0" bev="0" fileid="30" />
            </Method>
            <Method visited="true" cyclomaticComplexity="1" nPathComplexity="0" sequenceCoverage="100" branchCoverage="100" isConstructor="false" isStatic="false" isGetter="false" isSetter="false">
              <Summary numSequencePoints="1" visitedSequencePoints="1" numBranchPoints="1" visitedBranchPoints="1" sequenceCoverage="100" branchCoverage="100" maxCyclomaticComplexity="1" minCyclomaticComplexity="1" visitedClasses="0" numClasses="0" visitedMethods="1" numMethods="1" />
              <MetadataToken>100663443</MetadataToken>
              <Name>TheFlow.CoreConcepts.ProcessModel TheFlow.CoreConcepts.ProcessModel::AddSequenceFlow(TheFlow.Elements.Connections.SequenceFlow)</Name>
              <FileRef uid="30" />
              <SequencePoints>
                <SequencePoint vc="40" uspid="510" ordinal="0" offset="0" sl="68" sc="16" el="68" ec="82" bec="0" bev="0" fileid="30" />
              </SequencePoints>
              <BranchPoints />
              <MethodPoint xsi:type="SequencePoint" vc="40" uspid="510" ordinal="0" offset="0" sl="68" sc="16" el="68" ec="82" bec="0" bev="0" fileid="30" />
            </Method>
            <Method visited="true" cyclomaticComplexity="1" nPathComplexity="0" sequenceCoverage="100" branchCoverage="100" isConstructor="false" isStatic="false" isGetter="false" isSetter="false">
              <Summary numSequencePoints="1" visitedSequencePoints="1" numBranchPoints="1" visitedBranchPoints="1" sequenceCoverage="100" branchCoverage="100" maxCyclomaticComplexity="1" minCyclomaticComplexity="1" visitedClasses="0" numClasses="0" visitedMethods="1" numMethods="1" />
              <MetadataToken>100663444</MetadataToken>
              <Name>TheFlow.CoreConcepts.ProcessModel TheFlow.CoreConcepts.ProcessModel::AddSequenceFlow(TheFlow.Elements.ProcessElement`1&lt;TheFlow.Elements.Connections.SequenceFlow&gt;)</Name>
              <FileRef uid="30" />
              <SequencePoints>
                <SequencePoint vc="40" uspid="511" ordinal="0" offset="0" sl="71" sc="16" el="71" ec="77" bec="0" bev="0" fileid="30" />
              </SequencePoints>
              <BranchPoints />
              <MethodPoint xsi:type="SequencePoint" vc="40" uspid="511" ordinal="0" offset="0" sl="71" sc="16" el="71" ec="77" bec="0" bev="0" fileid="30" />
            </Method>
            <Method visited="true" cyclomaticComplexity="1" nPathComplexity="0" sequenceCoverage="100" branchCoverage="100" isConstructor="false" isStatic="false" isGetter="false" isSetter="false">
              <Summary numSequencePoints="1" visitedSequencePoints="1" numBranchPoints="1" visitedBranchPoints="1" sequenceCoverage="100" branchCoverage="100" maxCyclomaticComplexity="1" minCyclomaticComplexity="1" visitedClasses="0" numClasses="0" visitedMethods="1" numMethods="1" />
              <MetadataToken>100663445</MetadataToken>
              <Name>TheFlow.CoreConcepts.ProcessModel TheFlow.CoreConcepts.ProcessModel::AddActivity(System.String,TheFlow.Elements.Activities.Activity)</Name>
              <FileRef uid="30" />
              <SequencePoints>
                <SequencePoint vc="8" uspid="512" ordinal="0" offset="0" sl="74" sc="16" el="74" ec="76" bec="0" bev="0" fileid="30" />
              </SequencePoints>
              <BranchPoints />
              <MethodPoint xsi:type="SequencePoint" vc="8" uspid="512" ordinal="0" offset="0" sl="74" sc="16" el="74" ec="76" bec="0" bev="0" fileid="30" />
            </Method>
            <Method visited="true" cyclomaticComplexity="1" nPathComplexity="0" sequenceCoverage="100" branchCoverage="100" isConstructor="false" isStatic="false" isGetter="false" isSetter="false">
              <Summary numSequencePoints="1" visitedSequencePoints="1" numBranchPoints="1" visitedBranchPoints="1" sequenceCoverage="100" branchCoverage="100" maxCyclomaticComplexity="1" minCyclomaticComplexity="1" visitedClasses="0" numClasses="0" visitedMethods="1" numMethods="1" />
              <MetadataToken>100663446</MetadataToken>
              <Name>TheFlow.CoreConcepts.ProcessModel TheFlow.CoreConcepts.ProcessModel::AddActivity(TheFlow.Elements.NamedProcessElement`1&lt;TheFlow.Elements.Activities.Activity&gt;)</Name>
              <FileRef uid="30" />
              <SequencePoints>
                <SequencePoint vc="8" uspid="513" ordinal="0" offset="0" sl="77" sc="16" el="77" ec="73" bec="0" bev="0" fileid="30" />
              </SequencePoints>
              <BranchPoints />
              <MethodPoint xsi:type="SequencePoint" vc="8" uspid="513" ordinal="0" offset="0" sl="77" sc="16" el="77" ec="73" bec="0" bev="0" fileid="30" />
            </Method>
            <Method visited="false" cyclomaticComplexity="1" nPathComplexity="0" sequenceCoverage="0" branchCoverage="0" isConstructor="false" isStatic="false" isGetter="false" isSetter="false">
              <Summary numSequencePoints="1" visitedSequencePoints="0" numBranchPoints="1" visitedBranchPoints="0" sequenceCoverage="0" branchCoverage="0" maxCyclomaticComplexity="1" minCyclomaticComplexity="1" visitedClasses="0" numClasses="0" visitedMethods="0" numMethods="1" />
              <MetadataToken>100663447</MetadataToken>
              <Name>TheFlow.CoreConcepts.ProcessModel TheFlow.CoreConcepts.ProcessModel::AddDataElementFactory(System.String,TheFlow.Elements.Data.IDataElementFactory)</Name>
              <FileRef uid="30" />
              <SequencePoints>
                <SequencePoint vc="0" uspid="514" ordinal="0" offset="0" sl="80" sc="16" el="80" ec="100" bec="0" bev="0" fileid="30" />
              </SequencePoints>
              <BranchPoints />
              <MethodPoint xsi:type="SequencePoint" vc="0" uspid="514" ordinal="0" offset="0" sl="80" sc="16" el="80" ec="100" bec="0" bev="0" fileid="30" />
            </Method>
            <Method visited="false" cyclomaticComplexity="1" nPathComplexity="0" sequenceCoverage="0" branchCoverage="0" isConstructor="false" isStatic="false" isGetter="false" isSetter="false">
              <Summary numSequencePoints="1" visitedSequencePoints="0" numBranchPoints="1" visitedBranchPoints="0" sequenceCoverage="0" branchCoverage="0" maxCyclomaticComplexity="1" minCyclomaticComplexity="1" visitedClasses="0" numClasses="0" visitedMethods="0" numMethods="1" />
              <MetadataToken>100663448</MetadataToken>
              <Name>TheFlow.CoreConcepts.ProcessModel TheFlow.CoreConcepts.ProcessModel::AddDataElementFactory(TheFlow.Elements.NamedProcessElement`1&lt;TheFlow.Elements.Data.IDataElementFactory&gt;)</Name>
              <FileRef uid="30" />
              <SequencePoints>
                <SequencePoint vc="0" uspid="515" ordinal="0" offset="0" sl="83" sc="16" el="83" ec="76" bec="0" bev="0" fileid="30" />
              </SequencePoints>
              <BranchPoints />
              <MethodPoint xsi:type="SequencePoint" vc="0" uspid="515" ordinal="0" offset="0" sl="83" sc="16" el="83" ec="76" bec="0" bev="0" fileid="30" />
            </Method>
            <Method visited="true" cyclomaticComplexity="1" nPathComplexity="0" sequenceCoverage="100" branchCoverage="100" isConstructor="false" isStatic="false" isGetter="false" isSetter="false">
              <Summary numSequencePoints="1" visitedSequencePoints="1" numBranchPoints="1" visitedBranchPoints="1" sequenceCoverage="100" branchCoverage="100" maxCyclomaticComplexity="1" minCyclomaticComplexity="1" visitedClasses="0" numClasses="0" visitedMethods="1" numMethods="1" />
              <MetadataToken>100663449</MetadataToken>
              <Name>System.Collections.Generic.IEnumerable`1&lt;TheFlow.Elements.IProcessElement`1&lt;TheFlow.Elements.Connections.IConnectionElement&gt;&gt; TheFlow.CoreConcepts.ProcessModel::GetIncomingConnections(System.String)</Name>
              <FileRef uid="30" />
              <SequencePoints>
                <SequencePoint vc="25" uspid="516" ordinal="0" offset="13" sl="88" sc="16" el="90" ec="57" bec="0" bev="0" fileid="30" />
              </SequencePoints>
              <BranchPoints />
              <MethodPoint vc="25" uspid="517" ordinal="0" offset="0" />
            </Method>
            <Method visited="true" cyclomaticComplexity="1" nPathComplexity="0" sequenceCoverage="100" branchCoverage="100" isConstructor="false" isStatic="false" isGetter="false" isSetter="false">
              <Summary numSequencePoints="1" visitedSequencePoints="1" numBranchPoints="1" visitedBranchPoints="1" sequenceCoverage="100" branchCoverage="100" maxCyclomaticComplexity="1" minCyclomaticComplexity="1" visitedClasses="0" numClasses="0" visitedMethods="1" numMethods="1" />
              <MetadataToken>100663450</MetadataToken>
              <Name>System.Collections.Generic.IEnumerable`1&lt;TheFlow.Elements.INamedProcessElement`1&lt;TheFlow.Elements.Events.IEventCatcher&gt;&gt; TheFlow.CoreConcepts.ProcessModel::GetStartEventCatchers()</Name>
              <FileRef uid="30" />
              <SequencePoints>
                <SequencePoint vc="21" uspid="518" ordinal="0" offset="0" sl="93" sc="16" el="95" ec="79" bec="0" bev="0" fileid="30" />
              </SequencePoints>
              <BranchPoints />
              <MethodPoint xsi:type="SequencePoint" vc="21" uspid="518" ordinal="0" offset="0" sl="93" sc="16" el="95" ec="79" bec="0" bev="0" fileid="30" />
            </Method>
            <Method visited="true" cyclomaticComplexity="1" nPathComplexity="0" sequenceCoverage="100" branchCoverage="100" isConstructor="false" isStatic="false" isGetter="false" isSetter="false">
              <Summary numSequencePoints="1" visitedSequencePoints="1" numBranchPoints="1" visitedBranchPoints="1" sequenceCoverage="100" branchCoverage="100" maxCyclomaticComplexity="1" minCyclomaticComplexity="1" visitedClasses="0" numClasses="0" visitedMethods="1" numMethods="1" />
              <MetadataToken>100663451</MetadataToken>
              <Name>System.Collections.Generic.IEnumerable`1&lt;TheFlow.Elements.INamedProcessElement`1&lt;TheFlow.Elements.Events.IEventThrower&gt;&gt; TheFlow.CoreConcepts.ProcessModel::GetEndEventThrowers()</Name>
              <FileRef uid="30" />
              <SequencePoints>
                <SequencePoint vc="9" uspid="519" ordinal="0" offset="0" sl="98" sc="16" el="100" ec="80" bec="0" bev="0" fileid="30" />
              </SequencePoints>
              <BranchPoints />
              <MethodPoint xsi:type="SequencePoint" vc="9" uspid="519" ordinal="0" offset="0" sl="98" sc="16" el="100" ec="80" bec="0" bev="0" fileid="30" />
            </Method>
            <Method visited="true" cyclomaticComplexity="1" nPathComplexity="0" sequenceCoverage="100" branchCoverage="100" isConstructor="false" isStatic="false" isGetter="false" isSetter="false">
              <Summary numSequencePoints="1" visitedSequencePoints="1" numBranchPoints="1" visitedBranchPoints="1" sequenceCoverage="100" branchCoverage="100" maxCyclomaticComplexity="1" minCyclomaticComplexity="1" visitedClasses="0" numClasses="0" visitedMethods="1" numMethods="1" />
              <MetadataToken>100663452</MetadataToken>
              <Name>System.Collections.Generic.IEnumerable`1&lt;TheFlow.Elements.IProcessElement`1&lt;TheFlow.Elements.Connections.IConnectionElement&gt;&gt; TheFlow.CoreConcepts.ProcessModel::GetOutcomingConnections(System.String)</Name>
              <FileRef uid="30" />
              <SequencePoints>
                <SequencePoint vc="35" uspid="520" ordinal="0" offset="13" sl="105" sc="12" el="107" ec="55" bec="0" bev="0" fileid="30" />
              </SequencePoints>
              <BranchPoints />
              <MethodPoint vc="35" uspid="521" ordinal="0" offset="0" />
            </Method>
            <Method visited="true" cyclomaticComplexity="1" nPathComplexity="0" sequenceCoverage="100" branchCoverage="100" isConstructor="false" isStatic="false" isGetter="false" isSetter="false">
              <Summary numSequencePoints="1" visitedSequencePoints="1" numBranchPoints="1" visitedBranchPoints="1" sequenceCoverage="100" branchCoverage="100" maxCyclomaticComplexity="1" minCyclomaticComplexity="1" visitedClasses="0" numClasses="0" visitedMethods="1" numMethods="1" />
              <MetadataToken>100663453</MetadataToken>
              <Name>TheFlow.Elements.INamedProcessElement`1&lt;TheFlow.Elements.IElement&gt; TheFlow.CoreConcepts.ProcessModel::GetElementByName(System.String)</Name>
              <FileRef uid="30" />
              <SequencePoints>
                <SequencePoint vc="40" uspid="522" ordinal="0" offset="13" sl="109" sc="80" el="111" ec="49" bec="0" bev="0" fileid="30" />
              </SequencePoints>
              <BranchPoints />
              <MethodPoint vc="40" uspid="523" ordinal="0" offset="0" />
            </Method>
            <Method visited="false" cyclomaticComplexity="1" nPathComplexity="0" sequenceCoverage="0" branchCoverage="0" isConstructor="false" isStatic="false" isGetter="false" isSetter="false">
              <Summary numSequencePoints="1" visitedSequencePoints="0" numBranchPoints="1" visitedBranchPoints="0" sequenceCoverage="0" branchCoverage="0" maxCyclomaticComplexity="1" minCyclomaticComplexity="1" visitedClasses="0" numClasses="0" visitedMethods="0" numMethods="1" />
              <MetadataToken>100663454</MetadataToken>
              <Name>TheFlow.Elements.INamedProcessElement`1&lt;TheFlow.Elements.Data.IDataElementFactory&gt; TheFlow.CoreConcepts.ProcessModel::GetDataElementFactoryByName(System.String)</Name>
              <FileRef uid="30" />
              <SequencePoints>
                <SequencePoint vc="0" uspid="524" ordinal="0" offset="0" sl="114" sc="13" el="114" ec="80" bec="0" bev="0" fileid="30" />
              </SequencePoints>
              <BranchPoints />
              <MethodPoint xsi:type="SequencePoint" vc="0" uspid="524" ordinal="0" offset="0" sl="114" sc="13" el="114" ec="80" bec="0" bev="0" fileid="30" />
            </Method>
            <Method visited="true" cyclomaticComplexity="1" nPathComplexity="0" sequenceCoverage="100" branchCoverage="100" isConstructor="false" isStatic="false" isGetter="false" isSetter="false">
              <Summary numSequencePoints="4" visitedSequencePoints="4" numBranchPoints="1" visitedBranchPoints="1" sequenceCoverage="100" branchCoverage="100" maxCyclomaticComplexity="1" minCyclomaticComplexity="1" visitedClasses="0" numClasses="0" visitedMethods="1" numMethods="1" />
              <MetadataToken>100663455</MetadataToken>
              <Name>System.Boolean TheFlow.CoreConcepts.ProcessModel::TryToGetEndEventThrower(System.String,TheFlow.Elements.INamedProcessElement`1&lt;TheFlow.Elements.Events.IEventThrower&gt;&amp;)</Name>
              <FileRef uid="30" />
              <SequencePoints>
                <SequencePoint vc="8" uspid="525" ordinal="0" offset="13" sl="120" sc="9" el="120" ec="10" bec="0" bev="0" fileid="30" />
                <SequencePoint vc="8" uspid="526" ordinal="1" offset="14" sl="121" sc="13" el="122" ec="66" bec="0" bev="0" fileid="30" />
                <SequencePoint vc="8" uspid="527" ordinal="2" offset="39" sl="124" sc="13" el="124" ec="35" bec="0" bev="0" fileid="30" />
                <SequencePoint vc="8" uspid="528" ordinal="3" offset="47" sl="125" sc="9" el="125" ec="10" bec="0" bev="0" fileid="30" />
              </SequencePoints>
              <BranchPoints />
              <MethodPoint vc="8" uspid="529" ordinal="0" offset="0" />
            </Method>
            <Method visited="false" cyclomaticComplexity="1" nPathComplexity="0" sequenceCoverage="0" branchCoverage="0" isConstructor="false" isStatic="false" isGetter="false" isSetter="false">
              <Summary numSequencePoints="4" visitedSequencePoints="0" numBranchPoints="1" visitedBranchPoints="0" sequenceCoverage="0" branchCoverage="0" maxCyclomaticComplexity="1" minCyclomaticComplexity="1" visitedClasses="0" numClasses="0" visitedMethods="0" numMethods="1" />
              <MetadataToken>100663456</MetadataToken>
              <Name>System.Boolean TheFlow.CoreConcepts.ProcessModel::TryToGet(System.String,TheFlow.Elements.INamedProcessElement`1&lt;TheFlow.Elements.IElement&gt;&amp;)</Name>
              <FileRef uid="30" />
              <SequencePoints>
                <SequencePoint vc="0" uspid="530" ordinal="0" offset="13" sl="131" sc="9" el="131" ec="10" bec="0" bev="0" fileid="30" />
                <SequencePoint vc="0" uspid="531" ordinal="1" offset="14" sl="132" sc="13" el="134" ec="66" bec="0" bev="0" fileid="30" />
                <SequencePoint vc="0" uspid="532" ordinal="2" offset="44" sl="136" sc="13" el="136" ec="35" bec="0" bev="0" fileid="30" />
                <SequencePoint vc="0" uspid="533" ordinal="3" offset="52" sl="137" sc="9" el="137" ec="10" bec="0" bev="0" fileid="30" />
              </SequencePoints>
              <BranchPoints />
              <MethodPoint vc="0" uspid="534" ordinal="0" offset="0" />
            </Method>
            <Method visited="true" cyclomaticComplexity="1" nPathComplexity="0" sequenceCoverage="100" branchCoverage="100" isConstructor="false" isStatic="false" isGetter="false" isSetter="false">
              <Summary numSequencePoints="1" visitedSequencePoints="1" numBranchPoints="1" visitedBranchPoints="1" sequenceCoverage="100" branchCoverage="100" maxCyclomaticComplexity="1" minCyclomaticComplexity="1" visitedClasses="0" numClasses="0" visitedMethods="1" numMethods="1" />
              <MetadataToken>100663457</MetadataToken>
              <Name>System.Boolean TheFlow.CoreConcepts.ProcessModel::IsEndEventThrower(System.String)</Name>
              <FileRef uid="30" />
              <SequencePoints>
                <SequencePoint vc="8" uspid="535" ordinal="0" offset="0" sl="140" sc="13" el="140" ec="55" bec="0" bev="0" fileid="30" />
              </SequencePoints>
              <BranchPoints />
              <MethodPoint xsi:type="SequencePoint" vc="8" uspid="535" ordinal="0" offset="0" sl="140" sc="13" el="140" ec="55" bec="0" bev="0" fileid="30" />
            </Method>
            <Method visited="true" cyclomaticComplexity="1" nPathComplexity="0" sequenceCoverage="100" branchCoverage="100" isConstructor="false" isStatic="true" isGetter="false" isSetter="false">
              <Summary numSequencePoints="1" visitedSequencePoints="1" numBranchPoints="1" visitedBranchPoints="1" sequenceCoverage="100" branchCoverage="100" maxCyclomaticComplexity="1" minCyclomaticComplexity="1" visitedClasses="0" numClasses="0" visitedMethods="1" numMethods="1" />
              <MetadataToken>100663458</MetadataToken>
              <Name>TheFlow.CoreConcepts.ProcessModel TheFlow.CoreConcepts.ProcessModel::Create()</Name>
              <FileRef uid="30" />
              <SequencePoints>
                <SequencePoint vc="19" uspid="536" ordinal="0" offset="0" sl="143" sc="13" el="143" ec="35" bec="0" bev="0" fileid="30" />
              </SequencePoints>
              <BranchPoints />
              <MethodPoint xsi:type="SequencePoint" vc="19" uspid="536" ordinal="0" offset="0" sl="143" sc="13" el="143" ec="35" bec="0" bev="0" fileid="30" />
            </Method>
            <Method visited="true" cyclomaticComplexity="1" nPathComplexity="0" sequenceCoverage="100" branchCoverage="100" isConstructor="false" isStatic="true" isGetter="false" isSetter="false">
              <Summary numSequencePoints="1" visitedSequencePoints="1" numBranchPoints="1" visitedBranchPoints="1" sequenceCoverage="100" branchCoverage="100" maxCyclomaticComplexity="1" minCyclomaticComplexity="1" visitedClasses="0" numClasses="0" visitedMethods="1" numMethods="1" />
              <MetadataToken>100663459</MetadataToken>
              <Name>TheFlow.CoreConcepts.ProcessModel TheFlow.CoreConcepts.ProcessModel::Create(System.Guid)</Name>
              <FileRef uid="30" />
              <SequencePoints>
                <SequencePoint vc="19" uspid="537" ordinal="0" offset="0" sl="146" sc="57" el="150" ec="10" bec="0" bev="0" fileid="30" />
              </SequencePoints>
              <BranchPoints />
              <MethodPoint xsi:type="SequencePoint" vc="19" uspid="537" ordinal="0" offset="0" sl="146" sc="57" el="150" ec="10" bec="0" bev="0" fileid="30" />
            </Method>
            <Method visited="true" cyclomaticComplexity="1" nPathComplexity="0" sequenceCoverage="100" branchCoverage="100" isConstructor="false" isStatic="false" isGetter="false" isSetter="false">
              <Summary numSequencePoints="1" visitedSequencePoints="1" numBranchPoints="1" visitedBranchPoints="1" sequenceCoverage="100" branchCoverage="100" maxCyclomaticComplexity="1" minCyclomaticComplexity="1" visitedClasses="0" numClasses="0" visitedMethods="1" numMethods="1" />
              <MetadataToken>100663460</MetadataToken>
              <Name>System.Boolean TheFlow.CoreConcepts.ProcessModel::CanStartWith(System.Object)</Name>
              <FileRef uid="30" />
              <SequencePoints>
                <SequencePoint vc="5" uspid="538" ordinal="0" offset="13" sl="153" sc="13" el="153" ec="89" bec="0" bev="0" fileid="30" />
              </SequencePoints>
              <BranchPoints />
              <MethodPoint vc="5" uspid="539" ordinal="0" offset="0" />
            </Method>
            <Method visited="false" cyclomaticComplexity="3" nPathComplexity="2" sequenceCoverage="0" branchCoverage="0" isConstructor="false" isStatic="false" isGetter="false" isSetter="false">
              <Summary numSequencePoints="1" visitedSequencePoints="0" numBranchPoints="3" visitedBranchPoints="0" sequenceCoverage="0" branchCoverage="0" maxCyclomaticComplexity="3" minCyclomaticComplexity="3" visitedClasses="0" numClasses="0" visitedMethods="0" numMethods="1" />
              <MetadataToken>100663461</MetadataToken>
              <Name>TheFlow.CoreConcepts.ProcessModel TheFlow.CoreConcepts.ProcessModel::GetProcessModel(System.Guid)</Name>
              <FileRef uid="30" />
              <SequencePoints>
                <SequencePoint vc="0" uspid="540" ordinal="0" offset="0" sl="156" sc="13" el="156" ec="47" bec="2" bev="0" fileid="30" />
              </SequencePoints>
              <BranchPoints>
                <BranchPoint vc="0" uspid="541" ordinal="0" offset="17" sl="156" path="0" offsetend="19" fileid="30" />
                <BranchPoint vc="0" uspid="542" ordinal="1" offset="17" sl="156" path="1" offsetend="22" fileid="30" />
              </BranchPoints>
              <MethodPoint xsi:type="SequencePoint" vc="0" uspid="540" ordinal="0" offset="0" sl="156" sc="13" el="156" ec="47" bec="2" bev="0" fileid="30" />
            </Method>
            <Method visited="true" cyclomaticComplexity="1" nPathComplexity="0" sequenceCoverage="100" branchCoverage="100" isConstructor="false" isStatic="true" isGetter="false" isSetter="false">
              <Summary numSequencePoints="1" visitedSequencePoints="1" numBranchPoints="1" visitedBranchPoints="1" sequenceCoverage="100" branchCoverage="100" maxCyclomaticComplexity="1" minCyclomaticComplexity="1" visitedClasses="0" numClasses="0" visitedMethods="1" numMethods="1" />
              <MetadataToken>100663462</MetadataToken>
              <Name>TheFlow.CoreConcepts.ProcessModel TheFlow.CoreConcepts.ProcessModel::CreateWithSingleActivity(TheFlow.Elements.Activities.LambdaActivity)</Name>
              <FileRef uid="30" />
              <SequencePoints>
                <SequencePoint vc="1" uspid="543" ordinal="0" offset="0" sl="158" sc="89" el="162" ec="57" bec="0" bev="0" fileid="30" />
              </SequencePoints>
              <BranchPoints />
              <MethodPoint xsi:type="SequencePoint" vc="1" uspid="543" ordinal="0" offset="0" sl="158" sc="89" el="162" ec="57" bec="0" bev="0" fileid="30" />
            </Method>
            <Method visited="false" cyclomaticComplexity="1" nPathComplexity="0" sequenceCoverage="0" branchCoverage="0" isConstructor="false" isStatic="false" isGetter="false" isSetter="false">
              <Summary numSequencePoints="2" visitedSequencePoints="0" numBranchPoints="1" visitedBranchPoints="0" sequenceCoverage="0" branchCoverage="0" maxCyclomaticComplexity="1" minCyclomaticComplexity="1" visitedClasses="0" numClasses="0" visitedMethods="0" numMethods="1" />
              <MetadataToken>100663463</MetadataToken>
              <Name>TheFlow.CoreConcepts.ProcessModel TheFlow.CoreConcepts.ProcessModel::AddDataAssociation(System.String,System.String,System.String,System.String)</Name>
              <FileRef uid="30" />
              <SequencePoints>
                <SequencePoint vc="0" uspid="544" ordinal="0" offset="0" sl="168" sc="9" el="168" ec="10" bec="0" bev="0" fileid="30" />
                <SequencePoint vc="0" uspid="545" ordinal="1" offset="1" sl="169" sc="13" el="169" ec="49" bec="0" bev="0" fileid="30" />
              </SequencePoints>
              <BranchPoints />
              <MethodPoint xsi:type="SequencePoint" vc="0" uspid="544" ordinal="0" offset="0" sl="168" sc="9" el="168" ec="10" bec="0" bev="0" fileid="30" />
            </Method>
            <Method visited="true" cyclomaticComplexity="1" nPathComplexity="0" sequenceCoverage="100" branchCoverage="100" isConstructor="false" isStatic="false" isGetter="false" isSetter="false">
              <Summary numSequencePoints="1" visitedSequencePoints="1" numBranchPoints="1" visitedBranchPoints="1" sequenceCoverage="100" branchCoverage="100" maxCyclomaticComplexity="1" minCyclomaticComplexity="1" visitedClasses="0" numClasses="0" visitedMethods="1" numMethods="1" />
              <MetadataToken>100663464</MetadataToken>
              <Name>System.Boolean TheFlow.CoreConcepts.ProcessModel::&lt;GetStartEventCatchers&gt;b__22_0(TheFlow.Elements.INamedProcessElement`1&lt;TheFlow.Elements.Events.IEventCatcher&gt;)</Name>
              <FileRef uid="30" />
              <SequencePoints>
                <SequencePoint vc="25" uspid="546" ordinal="0" offset="0" sl="95" sc="35" el="95" ec="78" bec="0" bev="0" fileid="30" />
              </SequencePoints>
              <BranchPoints />
              <MethodPoint xsi:type="SequencePoint" vc="25" uspid="546" ordinal="0" offset="0" sl="95" sc="35" el="95" ec="78" bec="0" bev="0" fileid="30" />
            </Method>
            <Method visited="true" cyclomaticComplexity="1" nPathComplexity="0" sequenceCoverage="100" branchCoverage="100" isConstructor="false" isStatic="false" isGetter="false" isSetter="false">
              <Summary numSequencePoints="1" visitedSequencePoints="1" numBranchPoints="1" visitedBranchPoints="1" sequenceCoverage="100" branchCoverage="100" maxCyclomaticComplexity="1" minCyclomaticComplexity="1" visitedClasses="0" numClasses="0" visitedMethods="1" numMethods="1" />
              <MetadataToken>100663465</MetadataToken>
              <Name>System.Boolean TheFlow.CoreConcepts.ProcessModel::&lt;GetEndEventThrowers&gt;b__23_0(TheFlow.Elements.INamedProcessElement`1&lt;TheFlow.Elements.Events.IEventThrower&gt;)</Name>
              <FileRef uid="30" />
              <SequencePoints>
                <SequencePoint vc="10" uspid="547" ordinal="0" offset="0" sl="100" sc="35" el="100" ec="79" bec="0" bev="0" fileid="30" />
              </SequencePoints>
              <BranchPoints />
              <MethodPoint xsi:type="SequencePoint" vc="10" uspid="547" ordinal="0" offset="0" sl="100" sc="35" el="100" ec="79" bec="0" bev="0" fileid="30" />
            </Method>
          </Methods>
        </Class>
        <Class>
          <Summary numSequencePoints="1" visitedSequencePoints="1" numBranchPoints="1" visitedBranchPoints="1" sequenceCoverage="100" branchCoverage="100" maxCyclomaticComplexity="1" minCyclomaticComplexity="1" visitedClasses="1" numClasses="1" visitedMethods="1" numMethods="1" />
          <FullName>TheFlow.CoreConcepts.ProcessModel/&lt;&gt;c__DisplayClass21_0</FullName>
          <Methods>
            <Method visited="true" cyclomaticComplexity="1" nPathComplexity="0" sequenceCoverage="0" branchCoverage="0" isConstructor="true" isStatic="false" isGetter="false" isSetter="false">
              <Summary numSequencePoints="0" visitedSequencePoints="0" numBranchPoints="0" visitedBranchPoints="0" sequenceCoverage="0" branchCoverage="0" maxCyclomaticComplexity="1" minCyclomaticComplexity="1" visitedClasses="0" numClasses="0" visitedMethods="0" numMethods="0" />
              <MetadataToken>100663502</MetadataToken>
              <Name>System.Void TheFlow.CoreConcepts.ProcessModel/&lt;&gt;c__DisplayClass21_0::.ctor()</Name>
              <SequencePoints />
              <BranchPoints />
              <MethodPoint vc="25" uspid="548" ordinal="0" offset="0" />
            </Method>
            <Method visited="true" cyclomaticComplexity="1" nPathComplexity="0" sequenceCoverage="100" branchCoverage="100" isConstructor="false" isStatic="false" isGetter="false" isSetter="false">
              <Summary numSequencePoints="1" visitedSequencePoints="1" numBranchPoints="1" visitedBranchPoints="1" sequenceCoverage="100" branchCoverage="100" maxCyclomaticComplexity="1" minCyclomaticComplexity="1" visitedClasses="0" numClasses="0" visitedMethods="1" numMethods="1" />
              <MetadataToken>100663503</MetadataToken>
              <Name>System.Boolean TheFlow.CoreConcepts.ProcessModel/&lt;&gt;c__DisplayClass21_0::&lt;GetIncomingConnections&gt;b__0(TheFlow.Elements.IProcessElement`1&lt;TheFlow.Elements.Connections.IConnectionElement&gt;)</Name>
              <FileRef uid="30" />
              <SequencePoints>
                <SequencePoint vc="51" uspid="549" ordinal="0" offset="0" sl="90" sc="29" el="90" ec="56" bec="0" bev="0" fileid="30" />
              </SequencePoints>
              <BranchPoints />
              <MethodPoint xsi:type="SequencePoint" vc="51" uspid="549" ordinal="0" offset="0" sl="90" sc="29" el="90" ec="56" bec="0" bev="0" fileid="30" />
            </Method>
          </Methods>
        </Class>
        <Class>
          <Summary numSequencePoints="1" visitedSequencePoints="1" numBranchPoints="1" visitedBranchPoints="1" sequenceCoverage="100" branchCoverage="100" maxCyclomaticComplexity="1" minCyclomaticComplexity="1" visitedClasses="1" numClasses="1" visitedMethods="1" numMethods="1" />
          <FullName>TheFlow.CoreConcepts.ProcessModel/&lt;&gt;c__DisplayClass24_0</FullName>
          <Methods>
            <Method visited="true" cyclomaticComplexity="1" nPathComplexity="0" sequenceCoverage="0" branchCoverage="0" isConstructor="true" isStatic="false" isGetter="false" isSetter="false">
              <Summary numSequencePoints="0" visitedSequencePoints="0" numBranchPoints="0" visitedBranchPoints="0" sequenceCoverage="0" branchCoverage="0" maxCyclomaticComplexity="1" minCyclomaticComplexity="1" visitedClasses="0" numClasses="0" visitedMethods="0" numMethods="0" />
              <MetadataToken>100663504</MetadataToken>
              <Name>System.Void TheFlow.CoreConcepts.ProcessModel/&lt;&gt;c__DisplayClass24_0::.ctor()</Name>
              <SequencePoints />
              <BranchPoints />
              <MethodPoint vc="35" uspid="550" ordinal="0" offset="0" />
            </Method>
            <Method visited="true" cyclomaticComplexity="1" nPathComplexity="0" sequenceCoverage="100" branchCoverage="100" isConstructor="false" isStatic="false" isGetter="false" isSetter="false">
              <Summary numSequencePoints="1" visitedSequencePoints="1" numBranchPoints="1" visitedBranchPoints="1" sequenceCoverage="100" branchCoverage="100" maxCyclomaticComplexity="1" minCyclomaticComplexity="1" visitedClasses="0" numClasses="0" visitedMethods="1" numMethods="1" />
              <MetadataToken>100663505</MetadataToken>
              <Name>System.Boolean TheFlow.CoreConcepts.ProcessModel/&lt;&gt;c__DisplayClass24_0::&lt;GetOutcomingConnections&gt;b__0(TheFlow.Elements.IProcessElement`1&lt;TheFlow.Elements.Connections.IConnectionElement&gt;)</Name>
              <FileRef uid="30" />
              <SequencePoints>
                <SequencePoint vc="94" uspid="551" ordinal="0" offset="0" sl="107" sc="25" el="107" ec="54" bec="0" bev="0" fileid="30" />
              </SequencePoints>
              <BranchPoints />
              <MethodPoint xsi:type="SequencePoint" vc="94" uspid="551" ordinal="0" offset="0" sl="107" sc="25" el="107" ec="54" bec="0" bev="0" fileid="30" />
            </Method>
          </Methods>
        </Class>
        <Class>
          <Summary numSequencePoints="1" visitedSequencePoints="1" numBranchPoints="1" visitedBranchPoints="1" sequenceCoverage="100" branchCoverage="100" maxCyclomaticComplexity="1" minCyclomaticComplexity="1" visitedClasses="1" numClasses="1" visitedMethods="1" numMethods="1" />
          <FullName>TheFlow.CoreConcepts.ProcessModel/&lt;&gt;c__DisplayClass25_0</FullName>
          <Methods>
            <Method visited="true" cyclomaticComplexity="1" nPathComplexity="0" sequenceCoverage="0" branchCoverage="0" isConstructor="true" isStatic="false" isGetter="false" isSetter="false">
              <Summary numSequencePoints="0" visitedSequencePoints="0" numBranchPoints="0" visitedBranchPoints="0" sequenceCoverage="0" branchCoverage="0" maxCyclomaticComplexity="1" minCyclomaticComplexity="1" visitedClasses="0" numClasses="0" visitedMethods="0" numMethods="0" />
              <MetadataToken>100663506</MetadataToken>
              <Name>System.Void TheFlow.CoreConcepts.ProcessModel/&lt;&gt;c__DisplayClass25_0::.ctor()</Name>
              <SequencePoints />
              <BranchPoints />
              <MethodPoint vc="40" uspid="552" ordinal="0" offset="0" />
            </Method>
            <Method visited="true" cyclomaticComplexity="1" nPathComplexity="0" sequenceCoverage="100" branchCoverage="100" isConstructor="false" isStatic="false" isGetter="false" isSetter="false">
              <Summary numSequencePoints="1" visitedSequencePoints="1" numBranchPoints="1" visitedBranchPoints="1" sequenceCoverage="100" branchCoverage="100" maxCyclomaticComplexity="1" minCyclomaticComplexity="1" visitedClasses="0" numClasses="0" visitedMethods="1" numMethods="1" />
              <MetadataToken>100663507</MetadataToken>
              <Name>System.Boolean TheFlow.CoreConcepts.ProcessModel/&lt;&gt;c__DisplayClass25_0::&lt;GetElementByName&gt;b__0(TheFlow.Elements.INamedProcessElement`1&lt;TheFlow.Elements.IElement&gt;)</Name>
              <FileRef uid="30" />
              <SequencePoints>
                <SequencePoint vc="107" uspid="553" ordinal="0" offset="0" sl="111" sc="34" el="111" ec="48" bec="0" bev="0" fileid="30" />
              </SequencePoints>
              <BranchPoints />
              <MethodPoint xsi:type="SequencePoint" vc="107" uspid="553" ordinal="0" offset="0" sl="111" sc="34" el="111" ec="48" bec="0" bev="0" fileid="30" />
            </Method>
          </Methods>
        </Class>
        <Class>
          <Summary numSequencePoints="1" visitedSequencePoints="1" numBranchPoints="1" visitedBranchPoints="1" sequenceCoverage="100" branchCoverage="100" maxCyclomaticComplexity="1" minCyclomaticComplexity="1" visitedClasses="1" numClasses="1" visitedMethods="1" numMethods="1" />
          <FullName>TheFlow.CoreConcepts.ProcessModel/&lt;&gt;c__DisplayClass27_0</FullName>
          <Methods>
            <Method visited="true" cyclomaticComplexity="1" nPathComplexity="0" sequenceCoverage="0" branchCoverage="0" isConstructor="true" isStatic="false" isGetter="false" isSetter="false">
              <Summary numSequencePoints="0" visitedSequencePoints="0" numBranchPoints="0" visitedBranchPoints="0" sequenceCoverage="0" branchCoverage="0" maxCyclomaticComplexity="1" minCyclomaticComplexity="1" visitedClasses="0" numClasses="0" visitedMethods="0" numMethods="0" />
              <MetadataToken>100663508</MetadataToken>
              <Name>System.Void TheFlow.CoreConcepts.ProcessModel/&lt;&gt;c__DisplayClass27_0::.ctor()</Name>
              <SequencePoints />
              <BranchPoints />
              <MethodPoint vc="8" uspid="554" ordinal="0" offset="0" />
            </Method>
            <Method visited="true" cyclomaticComplexity="1" nPathComplexity="0" sequenceCoverage="100" branchCoverage="100" isConstructor="false" isStatic="false" isGetter="false" isSetter="false">
              <Summary numSequencePoints="1" visitedSequencePoints="1" numBranchPoints="1" visitedBranchPoints="1" sequenceCoverage="100" branchCoverage="100" maxCyclomaticComplexity="1" minCyclomaticComplexity="1" visitedClasses="0" numClasses="0" visitedMethods="1" numMethods="1" />
              <MetadataToken>100663509</MetadataToken>
              <Name>System.Boolean TheFlow.CoreConcepts.ProcessModel/&lt;&gt;c__DisplayClass27_0::&lt;TryToGetEndEventThrower&gt;b__0(TheFlow.Elements.INamedProcessElement`1&lt;TheFlow.Elements.Events.IEventThrower&gt;)</Name>
              <FileRef uid="30" />
              <SequencePoints>
                <SequencePoint vc="8" uspid="555" ordinal="0" offset="0" sl="122" sc="44" el="122" ec="64" bec="0" bev="0" fileid="30" />
              </SequencePoints>
              <BranchPoints />
              <MethodPoint xsi:type="SequencePoint" vc="8" uspid="555" ordinal="0" offset="0" sl="122" sc="44" el="122" ec="64" bec="0" bev="0" fileid="30" />
            </Method>
          </Methods>
        </Class>
        <Class>
          <Summary numSequencePoints="1" visitedSequencePoints="0" numBranchPoints="1" visitedBranchPoints="0" sequenceCoverage="0" branchCoverage="0" maxCyclomaticComplexity="1" minCyclomaticComplexity="1" visitedClasses="0" numClasses="1" visitedMethods="0" numMethods="1" />
          <FullName>TheFlow.CoreConcepts.ProcessModel/&lt;&gt;c__DisplayClass28_0</FullName>
          <Methods>
            <Method visited="false" cyclomaticComplexity="1" nPathComplexity="0" sequenceCoverage="0" branchCoverage="0" isConstructor="true" isStatic="false" isGetter="false" isSetter="false">
              <Summary numSequencePoints="0" visitedSequencePoints="0" numBranchPoints="0" visitedBranchPoints="0" sequenceCoverage="0" branchCoverage="0" maxCyclomaticComplexity="1" minCyclomaticComplexity="1" visitedClasses="0" numClasses="0" visitedMethods="0" numMethods="0" />
              <MetadataToken>100663510</MetadataToken>
              <Name>System.Void TheFlow.CoreConcepts.ProcessModel/&lt;&gt;c__DisplayClass28_0::.ctor()</Name>
              <SequencePoints />
              <BranchPoints />
              <MethodPoint vc="0" uspid="556" ordinal="0" offset="0" />
            </Method>
            <Method visited="false" cyclomaticComplexity="1" nPathComplexity="0" sequenceCoverage="0" branchCoverage="0" isConstructor="false" isStatic="false" isGetter="false" isSetter="false">
              <Summary numSequencePoints="1" visitedSequencePoints="0" numBranchPoints="1" visitedBranchPoints="0" sequenceCoverage="0" branchCoverage="0" maxCyclomaticComplexity="1" minCyclomaticComplexity="1" visitedClasses="0" numClasses="0" visitedMethods="0" numMethods="1" />
              <MetadataToken>100663511</MetadataToken>
              <Name>System.Boolean TheFlow.CoreConcepts.ProcessModel/&lt;&gt;c__DisplayClass28_0::&lt;TryToGet&gt;b__0(TheFlow.Elements.INamedProcessElement`1&lt;TheFlow.Elements.IElement&gt;)</Name>
              <FileRef uid="30" />
              <SequencePoints>
                <SequencePoint vc="0" uspid="557" ordinal="0" offset="0" sl="134" sc="44" el="134" ec="64" bec="0" bev="0" fileid="30" />
              </SequencePoints>
              <BranchPoints />
              <MethodPoint xsi:type="SequencePoint" vc="0" uspid="557" ordinal="0" offset="0" sl="134" sc="44" el="134" ec="64" bec="0" bev="0" fileid="30" />
            </Method>
          </Methods>
        </Class>
        <Class>
          <Summary numSequencePoints="1" visitedSequencePoints="1" numBranchPoints="1" visitedBranchPoints="1" sequenceCoverage="100" branchCoverage="100" maxCyclomaticComplexity="1" minCyclomaticComplexity="1" visitedClasses="1" numClasses="1" visitedMethods="1" numMethods="1" />
          <FullName>TheFlow.CoreConcepts.ProcessModel/&lt;&gt;c__DisplayClass32_0</FullName>
          <Methods>
            <Method visited="true" cyclomaticComplexity="1" nPathComplexity="0" sequenceCoverage="0" branchCoverage="0" isConstructor="true" isStatic="false" isGetter="false" isSetter="false">
              <Summary numSequencePoints="0" visitedSequencePoints="0" numBranchPoints="0" visitedBranchPoints="0" sequenceCoverage="0" branchCoverage="0" maxCyclomaticComplexity="1" minCyclomaticComplexity="1" visitedClasses="0" numClasses="0" visitedMethods="0" numMethods="0" />
              <MetadataToken>100663512</MetadataToken>
              <Name>System.Void TheFlow.CoreConcepts.ProcessModel/&lt;&gt;c__DisplayClass32_0::.ctor()</Name>
              <SequencePoints />
              <BranchPoints />
              <MethodPoint vc="5" uspid="558" ordinal="0" offset="0" />
            </Method>
            <Method visited="true" cyclomaticComplexity="1" nPathComplexity="0" sequenceCoverage="100" branchCoverage="100" isConstructor="false" isStatic="false" isGetter="false" isSetter="false">
              <Summary numSequencePoints="1" visitedSequencePoints="1" numBranchPoints="1" visitedBranchPoints="1" sequenceCoverage="100" branchCoverage="100" maxCyclomaticComplexity="1" minCyclomaticComplexity="1" visitedClasses="0" numClasses="0" visitedMethods="1" numMethods="1" />
              <MetadataToken>100663513</MetadataToken>
              <Name>System.Boolean TheFlow.CoreConcepts.ProcessModel/&lt;&gt;c__DisplayClass32_0::&lt;CanStartWith&gt;b__0(TheFlow.Elements.INamedProcessElement`1&lt;TheFlow.Elements.Events.IEventCatcher&gt;)</Name>
              <FileRef uid="30" />
              <SequencePoints>
                <SequencePoint vc="5" uspid="559" ordinal="0" offset="0" sl="153" sc="52" el="153" ec="88" bec="0" bev="0" fileid="30" />
              </SequencePoints>
              <BranchPoints />
              <MethodPoint xsi:type="SequencePoint" vc="5" uspid="559" ordinal="0" offset="0" sl="153" sc="52" el="153" ec="88" bec="0" bev="0" fileid="30" />
            </Method>
          </Methods>
        </Class>
        <Class>
          <Summary numSequencePoints="36" visitedSequencePoints="34" numBranchPoints="23" visitedBranchPoints="20" sequenceCoverage="94.44" branchCoverage="86.96" maxCyclomaticComplexity="4" minCyclomaticComplexity="1" visitedClasses="1" numClasses="1" visitedMethods="15" numMethods="15" />
          <FullName>TheFlow.CoreConcepts.Token</FullName>
          <Methods>
            <Method visited="true" cyclomaticComplexity="1" nPathComplexity="0" sequenceCoverage="100" branchCoverage="100" isConstructor="false" isStatic="false" isGetter="true" isSetter="false">
              <Summary numSequencePoints="1" visitedSequencePoints="1" numBranchPoints="1" visitedBranchPoints="1" sequenceCoverage="100" branchCoverage="100" maxCyclomaticComplexity="1" minCyclomaticComplexity="1" visitedClasses="0" numClasses="0" visitedMethods="1" numMethods="1" />
              <MetadataToken>100663466</MetadataToken>
              <Name>System.Guid TheFlow.CoreConcepts.Token::get_ParentId()</Name>
              <FileRef uid="37" />
              <SequencePoints>
                <SequencePoint vc="5" uspid="560" ordinal="0" offset="0" sl="9" sc="32" el="9" ec="36" bec="0" bev="0" fileid="37" />
              </SequencePoints>
              <BranchPoints />
              <MethodPoint xsi:type="SequencePoint" vc="5" uspid="560" ordinal="0" offset="0" sl="9" sc="32" el="9" ec="36" bec="0" bev="0" fileid="37" />
            </Method>
            <Method visited="true" cyclomaticComplexity="1" nPathComplexity="0" sequenceCoverage="100" branchCoverage="100" isConstructor="false" isStatic="false" isGetter="true" isSetter="false">
              <Summary numSequencePoints="1" visitedSequencePoints="1" numBranchPoints="1" visitedBranchPoints="1" sequenceCoverage="100" branchCoverage="100" maxCyclomaticComplexity="1" minCyclomaticComplexity="1" visitedClasses="0" numClasses="0" visitedMethods="1" numMethods="1" />
              <MetadataToken>100663467</MetadataToken>
              <Name>System.Guid TheFlow.CoreConcepts.Token::get_Id()</Name>
              <FileRef uid="37" />
              <SequencePoints>
                <SequencePoint vc="142" uspid="561" ordinal="0" offset="0" sl="10" sc="26" el="10" ec="30" bec="0" bev="0" fileid="37" />
              </SequencePoints>
              <BranchPoints />
              <MethodPoint xsi:type="SequencePoint" vc="142" uspid="561" ordinal="0" offset="0" sl="10" sc="26" el="10" ec="30" bec="0" bev="0" fileid="37" />
            </Method>
            <Method visited="true" cyclomaticComplexity="1" nPathComplexity="0" sequenceCoverage="100" branchCoverage="100" isConstructor="false" isStatic="false" isGetter="true" isSetter="false">
              <Summary numSequencePoints="1" visitedSequencePoints="1" numBranchPoints="1" visitedBranchPoints="1" sequenceCoverage="100" branchCoverage="100" maxCyclomaticComplexity="1" minCyclomaticComplexity="1" visitedClasses="0" numClasses="0" visitedMethods="1" numMethods="1" />
              <MetadataToken>100663468</MetadataToken>
              <Name>System.String TheFlow.CoreConcepts.Token::get_ExecutionPoint()</Name>
              <FileRef uid="37" />
              <SequencePoints>
                <SequencePoint vc="156" uspid="562" ordinal="0" offset="0" sl="11" sc="40" el="11" ec="44" bec="0" bev="0" fileid="37" />
              </SequencePoints>
              <BranchPoints />
              <MethodPoint xsi:type="SequencePoint" vc="156" uspid="562" ordinal="0" offset="0" sl="11" sc="40" el="11" ec="44" bec="0" bev="0" fileid="37" />
            </Method>
            <Method visited="true" cyclomaticComplexity="1" nPathComplexity="0" sequenceCoverage="100" branchCoverage="100" isConstructor="false" isStatic="false" isGetter="false" isSetter="true">
              <Summary numSequencePoints="1" visitedSequencePoints="1" numBranchPoints="1" visitedBranchPoints="1" sequenceCoverage="100" branchCoverage="100" maxCyclomaticComplexity="1" minCyclomaticComplexity="1" visitedClasses="0" numClasses="0" visitedMethods="1" numMethods="1" />
              <MetadataToken>100663469</MetadataToken>
              <Name>System.Void TheFlow.CoreConcepts.Token::set_ExecutionPoint(System.String)</Name>
              <FileRef uid="37" />
              <SequencePoints>
                <SequencePoint vc="91" uspid="563" ordinal="0" offset="0" sl="11" sc="45" el="11" ec="49" bec="0" bev="0" fileid="37" />
              </SequencePoints>
              <BranchPoints />
              <MethodPoint xsi:type="SequencePoint" vc="91" uspid="563" ordinal="0" offset="0" sl="11" sc="45" el="11" ec="49" bec="0" bev="0" fileid="37" />
            </Method>
            <Method visited="true" cyclomaticComplexity="1" nPathComplexity="0" sequenceCoverage="100" branchCoverage="100" isConstructor="false" isStatic="false" isGetter="true" isSetter="false">
              <Summary numSequencePoints="1" visitedSequencePoints="1" numBranchPoints="1" visitedBranchPoints="1" sequenceCoverage="100" branchCoverage="100" maxCyclomaticComplexity="1" minCyclomaticComplexity="1" visitedClasses="0" numClasses="0" visitedMethods="1" numMethods="1" />
              <MetadataToken>100663470</MetadataToken>
              <Name>System.Collections.Generic.IEnumerable`1&lt;TheFlow.CoreConcepts.Token&gt; TheFlow.CoreConcepts.Token::get_Children()</Name>
              <FileRef uid="37" />
              <SequencePoints>
                <SequencePoint vc="5" uspid="564" ordinal="0" offset="0" sl="15" sc="47" el="15" ec="56" bec="0" bev="0" fileid="37" />
              </SequencePoints>
              <BranchPoints />
              <MethodPoint xsi:type="SequencePoint" vc="5" uspid="564" ordinal="0" offset="0" sl="15" sc="47" el="15" ec="56" bec="0" bev="0" fileid="37" />
            </Method>
            <Method visited="true" cyclomaticComplexity="1" nPathComplexity="0" sequenceCoverage="100" branchCoverage="100" isConstructor="false" isStatic="false" isGetter="true" isSetter="false">
              <Summary numSequencePoints="1" visitedSequencePoints="1" numBranchPoints="1" visitedBranchPoints="1" sequenceCoverage="100" branchCoverage="100" maxCyclomaticComplexity="1" minCyclomaticComplexity="1" visitedClasses="0" numClasses="0" visitedMethods="1" numMethods="1" />
              <MetadataToken>100663471</MetadataToken>
              <Name>System.Boolean TheFlow.CoreConcepts.Token::get_WasReleased()</Name>
              <FileRef uid="37" />
              <SequencePoints>
                <SequencePoint vc="65" uspid="565" ordinal="0" offset="0" sl="16" sc="35" el="16" ec="39" bec="0" bev="0" fileid="37" />
              </SequencePoints>
              <BranchPoints />
              <MethodPoint xsi:type="SequencePoint" vc="65" uspid="565" ordinal="0" offset="0" sl="16" sc="35" el="16" ec="39" bec="0" bev="0" fileid="37" />
            </Method>
            <Method visited="true" cyclomaticComplexity="1" nPathComplexity="0" sequenceCoverage="100" branchCoverage="100" isConstructor="false" isStatic="false" isGetter="false" isSetter="true">
              <Summary numSequencePoints="1" visitedSequencePoints="1" numBranchPoints="1" visitedBranchPoints="1" sequenceCoverage="100" branchCoverage="100" maxCyclomaticComplexity="1" minCyclomaticComplexity="1" visitedClasses="0" numClasses="0" visitedMethods="1" numMethods="1" />
              <MetadataToken>100663472</MetadataToken>
              <Name>System.Void TheFlow.CoreConcepts.Token::set_WasReleased(System.Boolean)</Name>
              <FileRef uid="37" />
              <SequencePoints>
                <SequencePoint vc="11" uspid="566" ordinal="0" offset="0" sl="16" sc="40" el="16" ec="52" bec="0" bev="0" fileid="37" />
              </SequencePoints>
              <BranchPoints />
              <MethodPoint xsi:type="SequencePoint" vc="11" uspid="566" ordinal="0" offset="0" sl="16" sc="40" el="16" ec="52" bec="0" bev="0" fileid="37" />
            </Method>
            <Method visited="true" cyclomaticComplexity="1" nPathComplexity="0" sequenceCoverage="100" branchCoverage="100" isConstructor="false" isStatic="false" isGetter="true" isSetter="false">
              <Summary numSequencePoints="1" visitedSequencePoints="1" numBranchPoints="1" visitedBranchPoints="1" sequenceCoverage="100" branchCoverage="100" maxCyclomaticComplexity="1" minCyclomaticComplexity="1" visitedClasses="0" numClasses="0" visitedMethods="1" numMethods="1" />
              <MetadataToken>100663473</MetadataToken>
              <Name>System.Boolean TheFlow.CoreConcepts.Token::get_IsActive()</Name>
              <FileRef uid="37" />
              <SequencePoints>
                <SequencePoint vc="41" uspid="567" ordinal="0" offset="0" sl="17" sc="33" el="17" ec="45" bec="0" bev="0" fileid="37" />
              </SequencePoints>
              <BranchPoints />
              <MethodPoint xsi:type="SequencePoint" vc="41" uspid="567" ordinal="0" offset="0" sl="17" sc="33" el="17" ec="45" bec="0" bev="0" fileid="37" />
            </Method>
            <Method visited="true" cyclomaticComplexity="4" nPathComplexity="4" sequenceCoverage="100" branchCoverage="60" isConstructor="true" isStatic="false" isGetter="false" isSetter="false">
              <Summary numSequencePoints="7" visitedSequencePoints="7" numBranchPoints="5" visitedBranchPoints="3" sequenceCoverage="100" branchCoverage="60" maxCyclomaticComplexity="4" minCyclomaticComplexity="4" visitedClasses="0" numClasses="0" visitedMethods="1" numMethods="1" />
              <MetadataToken>100663474</MetadataToken>
              <Name>System.Void TheFlow.CoreConcepts.Token::.ctor(System.Guid,System.Guid,System.String,System.Collections.Generic.IEnumerable`1&lt;TheFlow.CoreConcepts.Token&gt;)</Name>
              <FileRef uid="37" />
              <SequencePoints>
                <SequencePoint vc="42" uspid="568" ordinal="0" offset="0" sl="19" sc="9" el="24" ec="14" bec="0" bev="0" fileid="37" />
                <SequencePoint vc="42" uspid="569" ordinal="1" offset="7" sl="25" sc="9" el="25" ec="10" bec="0" bev="0" fileid="37" />
                <SequencePoint vc="42" uspid="570" ordinal="2" offset="8" sl="26" sc="13" el="26" ec="33" bec="0" bev="0" fileid="37" />
                <SequencePoint vc="42" uspid="571" ordinal="3" offset="15" sl="27" sc="13" el="27" ec="21" bec="0" bev="0" fileid="37" />
                <SequencePoint vc="42" uspid="572" ordinal="4" offset="22" sl="28" sc="13" el="28" ec="45" bec="0" bev="0" fileid="37" />
                <SequencePoint vc="42" uspid="573" ordinal="5" offset="30" sl="29" sc="13" el="29" ec="65" bec="4" bev="2" fileid="37" />
                <SequencePoint vc="42" uspid="574" ordinal="6" offset="59" sl="30" sc="9" el="30" ec="10" bec="0" bev="0" fileid="37" />
              </SequencePoints>
              <BranchPoints>
                <BranchPoint vc="42" uspid="575" ordinal="0" offset="33" sl="29" path="0" offsetend="35" fileid="37" />
                <BranchPoint vc="0" uspid="576" ordinal="1" offset="33" sl="29" path="1" offsetend="38" fileid="37" />
                <BranchPoint vc="42" uspid="577" ordinal="2" offset="46" sl="29" path="0" offsetend="48" fileid="37" />
                <BranchPoint vc="0" uspid="578" ordinal="3" offset="46" sl="29" path="1" offsetend="54" fileid="37" />
              </BranchPoints>
              <MethodPoint xsi:type="SequencePoint" vc="42" uspid="568" ordinal="0" offset="0" sl="19" sc="9" el="24" ec="14" bec="0" bev="0" fileid="37" />
            </Method>
            <Method visited="true" cyclomaticComplexity="2" nPathComplexity="2" sequenceCoverage="100" branchCoverage="100" isConstructor="false" isStatic="false" isGetter="false" isSetter="false">
              <Summary numSequencePoints="8" visitedSequencePoints="8" numBranchPoints="3" visitedBranchPoints="3" sequenceCoverage="100" branchCoverage="100" maxCyclomaticComplexity="2" minCyclomaticComplexity="2" visitedClasses="0" numClasses="0" visitedMethods="1" numMethods="1" />
              <MetadataToken>100663475</MetadataToken>
              <Name>TheFlow.CoreConcepts.Token TheFlow.CoreConcepts.Token::AllocateChild()</Name>
              <FileRef uid="37" />
              <SequencePoints>
                <SequencePoint vc="16" uspid="579" ordinal="0" offset="0" sl="33" sc="9" el="33" ec="10" bec="0" bev="0" fileid="37" />
                <SequencePoint vc="16" uspid="580" ordinal="1" offset="1" sl="34" sc="13" el="34" ec="29" bec="2" bev="2" fileid="37" />
                <SequencePoint vc="1" uspid="581" ordinal="2" offset="11" sl="35" sc="13" el="35" ec="14" bec="0" bev="0" fileid="37" />
                <SequencePoint vc="1" uspid="582" ordinal="3" offset="12" sl="36" sc="17" el="36" ec="104" bec="0" bev="0" fileid="37" />
                <SequencePoint vc="15" uspid="583" ordinal="4" offset="23" sl="39" sc="13" el="43" ec="15" bec="0" bev="0" fileid="37" />
                <SequencePoint vc="15" uspid="584" ordinal="5" offset="47" sl="45" sc="13" el="45" ec="42" bec="0" bev="0" fileid="37" />
                <SequencePoint vc="15" uspid="585" ordinal="6" offset="60" sl="47" sc="13" el="47" ec="34" bec="0" bev="0" fileid="37" />
                <SequencePoint vc="15" uspid="586" ordinal="7" offset="64" sl="48" sc="9" el="48" ec="10" bec="0" bev="0" fileid="37" />
              </SequencePoints>
              <BranchPoints>
                <BranchPoint vc="1" uspid="587" ordinal="0" offset="9" sl="34" path="0" offsetend="11" fileid="37" />
                <BranchPoint vc="15" uspid="588" ordinal="1" offset="9" sl="34" path="1" offsetend="23" fileid="37" />
              </BranchPoints>
              <MethodPoint xsi:type="SequencePoint" vc="16" uspid="579" ordinal="0" offset="0" sl="33" sc="9" el="33" ec="10" bec="0" bev="0" fileid="37" />
            </Method>
            <Method visited="true" cyclomaticComplexity="1" nPathComplexity="0" sequenceCoverage="100" branchCoverage="100" isConstructor="false" isStatic="false" isGetter="false" isSetter="false">
              <Summary numSequencePoints="3" visitedSequencePoints="3" numBranchPoints="1" visitedBranchPoints="1" sequenceCoverage="100" branchCoverage="100" maxCyclomaticComplexity="1" minCyclomaticComplexity="1" visitedClasses="0" numClasses="0" visitedMethods="1" numMethods="1" />
              <MetadataToken>100663476</MetadataToken>
              <Name>System.Void TheFlow.CoreConcepts.Token::Release()</Name>
              <FileRef uid="37" />
              <SequencePoints>
                <SequencePoint vc="11" uspid="589" ordinal="0" offset="0" sl="51" sc="9" el="51" ec="10" bec="0" bev="0" fileid="37" />
                <SequencePoint vc="11" uspid="590" ordinal="1" offset="1" sl="52" sc="13" el="52" ec="32" bec="0" bev="0" fileid="37" />
                <SequencePoint vc="11" uspid="591" ordinal="2" offset="9" sl="54" sc="9" el="54" ec="10" bec="0" bev="0" fileid="37" />
              </SequencePoints>
              <BranchPoints />
              <MethodPoint xsi:type="SequencePoint" vc="11" uspid="589" ordinal="0" offset="0" sl="51" sc="9" el="51" ec="10" bec="0" bev="0" fileid="37" />
            </Method>
            <Method visited="true" cyclomaticComplexity="1" nPathComplexity="0" sequenceCoverage="100" branchCoverage="100" isConstructor="false" isStatic="true" isGetter="false" isSetter="false">
              <Summary numSequencePoints="1" visitedSequencePoints="1" numBranchPoints="1" visitedBranchPoints="1" sequenceCoverage="100" branchCoverage="100" maxCyclomaticComplexity="1" minCyclomaticComplexity="1" visitedClasses="0" numClasses="0" visitedMethods="1" numMethods="1" />
              <MetadataToken>100663477</MetadataToken>
              <Name>TheFlow.CoreConcepts.Token TheFlow.CoreConcepts.Token::Create()</Name>
              <FileRef uid="37" />
              <SequencePoints>
                <SequencePoint vc="27" uspid="592" ordinal="0" offset="0" sl="57" sc="16" el="57" ec="59" bec="0" bev="0" fileid="37" />
              </SequencePoints>
              <BranchPoints />
              <MethodPoint xsi:type="SequencePoint" vc="27" uspid="592" ordinal="0" offset="0" sl="57" sc="16" el="57" ec="59" bec="0" bev="0" fileid="37" />
            </Method>
            <Method visited="true" cyclomaticComplexity="2" nPathComplexity="0" sequenceCoverage="100" branchCoverage="100" isConstructor="false" isStatic="false" isGetter="false" isSetter="false">
              <Summary numSequencePoints="1" visitedSequencePoints="1" numBranchPoints="1" visitedBranchPoints="1" sequenceCoverage="100" branchCoverage="100" maxCyclomaticComplexity="2" minCyclomaticComplexity="2" visitedClasses="0" numClasses="0" visitedMethods="1" numMethods="1" />
              <MetadataToken>100663478</MetadataToken>
              <Name>System.Collections.Generic.IEnumerable`1&lt;TheFlow.CoreConcepts.Token&gt; TheFlow.CoreConcepts.Token::GetDescendants()</Name>
              <FileRef uid="37" />
              <SequencePoints>
                <SequencePoint vc="13" uspid="593" ordinal="0" offset="0" sl="60" sc="13" el="60" ec="76" bec="0" bev="0" fileid="37" />
              </SequencePoints>
              <BranchPoints />
              <MethodPoint xsi:type="SequencePoint" vc="13" uspid="593" ordinal="0" offset="0" sl="60" sc="13" el="60" ec="76" bec="0" bev="0" fileid="37" />
            </Method>
            <Method visited="true" cyclomaticComplexity="4" nPathComplexity="2" sequenceCoverage="71.43" branchCoverage="66.67" isConstructor="false" isStatic="false" isGetter="false" isSetter="false">
              <Summary numSequencePoints="7" visitedSequencePoints="5" numBranchPoints="3" visitedBranchPoints="2" sequenceCoverage="71.43" branchCoverage="66.67" maxCyclomaticComplexity="4" minCyclomaticComplexity="4" visitedClasses="0" numClasses="0" visitedMethods="1" numMethods="1" />
              <MetadataToken>100663479</MetadataToken>
              <Name>System.Collections.Generic.IEnumerable`1&lt;TheFlow.CoreConcepts.Token&gt; TheFlow.CoreConcepts.Token::GetActiveDescendants()</Name>
              <FileRef uid="37" />
              <SequencePoints>
                <SequencePoint vc="2" uspid="596" ordinal="0" offset="0" sl="64" sc="9" el="64" ec="10" bec="0" bev="0" fileid="37" />
                <SequencePoint vc="2" uspid="597" ordinal="1" offset="1" sl="65" sc="13" el="65" ec="27" bec="2" bev="1" fileid="37" />
                <SequencePoint vc="0" uspid="598" ordinal="2" offset="14" sl="66" sc="13" el="66" ec="14" bec="0" bev="0" fileid="37" />
                <SequencePoint vc="0" uspid="599" ordinal="3" offset="15" sl="67" sc="17" el="67" ec="50" bec="0" bev="0" fileid="37" />
                <SequencePoint vc="2" uspid="600" ordinal="4" offset="23" sl="70" sc="13" el="70" ec="77" bec="0" bev="0" fileid="37" />
                <SequencePoint vc="2" uspid="601" ordinal="5" offset="71" sl="71" sc="13" el="71" ec="100" bec="0" bev="0" fileid="37" />
                <SequencePoint vc="2" uspid="602" ordinal="6" offset="117" sl="72" sc="9" el="72" ec="10" bec="0" bev="0" fileid="37" />
              </SequencePoints>
              <BranchPoints>
                <BranchPoint vc="0" uspid="603" ordinal="0" offset="12" sl="65" path="0" offsetend="14" fileid="37" />
                <BranchPoint vc="2" uspid="604" ordinal="1" offset="12" sl="65" path="1" offsetend="23" fileid="37" />
              </BranchPoints>
              <MethodPoint xsi:type="SequencePoint" vc="2" uspid="596" ordinal="0" offset="0" sl="64" sc="9" el="64" ec="10" bec="0" bev="0" fileid="37" />
            </Method>
            <Method visited="true" cyclomaticComplexity="2" nPathComplexity="0" sequenceCoverage="100" branchCoverage="100" isConstructor="false" isStatic="false" isGetter="false" isSetter="false">
              <Summary numSequencePoints="1" visitedSequencePoints="1" numBranchPoints="1" visitedBranchPoints="1" sequenceCoverage="100" branchCoverage="100" maxCyclomaticComplexity="2" minCyclomaticComplexity="2" visitedClasses="0" numClasses="0" visitedMethods="1" numMethods="1" />
              <MetadataToken>100663480</MetadataToken>
              <Name>TheFlow.CoreConcepts.Token TheFlow.CoreConcepts.Token::FindById(System.Guid)</Name>
              <FileRef uid="37" />
              <SequencePoints>
                <SequencePoint vc="37" uspid="609" ordinal="0" offset="13" sl="75" sc="43" el="77" ec="71" bec="0" bev="0" fileid="37" />
              </SequencePoints>
              <BranchPoints />
              <MethodPoint vc="37" uspid="612" ordinal="0" offset="0" />
            </Method>
          </Methods>
        </Class>
        <Class>
          <Summary numSequencePoints="3" visitedSequencePoints="3" numBranchPoints="3" visitedBranchPoints="3" sequenceCoverage="100" branchCoverage="100" maxCyclomaticComplexity="1" minCyclomaticComplexity="1" visitedClasses="1" numClasses="1" visitedMethods="3" numMethods="3" />
          <FullName>TheFlow.CoreConcepts.Token/&lt;&gt;c</FullName>
          <Methods>
            <Method visited="true" cyclomaticComplexity="1" nPathComplexity="0" sequenceCoverage="0" branchCoverage="0" isConstructor="true" isStatic="true" isGetter="false" isSetter="false">
              <Summary numSequencePoints="0" visitedSequencePoints="0" numBranchPoints="0" visitedBranchPoints="0" sequenceCoverage="0" branchCoverage="0" maxCyclomaticComplexity="1" minCyclomaticComplexity="1" visitedClasses="0" numClasses="0" visitedMethods="0" numMethods="0" />
              <MetadataToken>100663514</MetadataToken>
              <Name>System.Void TheFlow.CoreConcepts.Token/&lt;&gt;c::.cctor()</Name>
              <SequencePoints />
              <BranchPoints />
              <MethodPoint vc="1" uspid="613" ordinal="0" offset="0" />
            </Method>
            <Method visited="true" cyclomaticComplexity="1" nPathComplexity="0" sequenceCoverage="0" branchCoverage="0" isConstructor="true" isStatic="false" isGetter="false" isSetter="false">
              <Summary numSequencePoints="0" visitedSequencePoints="0" numBranchPoints="0" visitedBranchPoints="0" sequenceCoverage="0" branchCoverage="0" maxCyclomaticComplexity="1" minCyclomaticComplexity="1" visitedClasses="0" numClasses="0" visitedMethods="0" numMethods="0" />
              <MetadataToken>100663515</MetadataToken>
              <Name>System.Void TheFlow.CoreConcepts.Token/&lt;&gt;c::.ctor()</Name>
              <SequencePoints />
              <BranchPoints />
              <MethodPoint vc="1" uspid="614" ordinal="0" offset="0" />
            </Method>
            <Method visited="true" cyclomaticComplexity="1" nPathComplexity="0" sequenceCoverage="100" branchCoverage="100" isConstructor="false" isStatic="false" isGetter="false" isSetter="false">
              <Summary numSequencePoints="1" visitedSequencePoints="1" numBranchPoints="1" visitedBranchPoints="1" sequenceCoverage="100" branchCoverage="100" maxCyclomaticComplexity="1" minCyclomaticComplexity="1" visitedClasses="0" numClasses="0" visitedMethods="1" numMethods="1" />
              <MetadataToken>100663516</MetadataToken>
              <Name>System.Collections.Generic.IEnumerable`1&lt;TheFlow.CoreConcepts.Token&gt; TheFlow.CoreConcepts.Token/&lt;&gt;c::&lt;GetDescendants&gt;b__23_0(TheFlow.CoreConcepts.Token)</Name>
              <FileRef uid="37" />
              <SequencePoints>
                <SequencePoint vc="7" uspid="615" ordinal="0" offset="0" sl="60" sc="56" el="60" ec="74" bec="0" bev="0" fileid="37" />
              </SequencePoints>
              <BranchPoints />
              <MethodPoint xsi:type="SequencePoint" vc="7" uspid="615" ordinal="0" offset="0" sl="60" sc="56" el="60" ec="74" bec="0" bev="0" fileid="37" />
            </Method>
            <Method visited="true" cyclomaticComplexity="1" nPathComplexity="0" sequenceCoverage="100" branchCoverage="100" isConstructor="false" isStatic="false" isGetter="false" isSetter="false">
              <Summary numSequencePoints="1" visitedSequencePoints="1" numBranchPoints="1" visitedBranchPoints="1" sequenceCoverage="100" branchCoverage="100" maxCyclomaticComplexity="1" minCyclomaticComplexity="1" visitedClasses="0" numClasses="0" visitedMethods="1" numMethods="1" />
              <MetadataToken>100663517</MetadataToken>
              <Name>System.Boolean TheFlow.CoreConcepts.Token/&lt;&gt;c::&lt;GetActiveDescendants&gt;b__24_0(TheFlow.CoreConcepts.Token)</Name>
              <FileRef uid="37" />
              <SequencePoints>
                <SequencePoint vc="2" uspid="616" ordinal="0" offset="0" sl="70" sc="55" el="70" ec="65" bec="0" bev="0" fileid="37" />
              </SequencePoints>
              <BranchPoints />
              <MethodPoint xsi:type="SequencePoint" vc="2" uspid="616" ordinal="0" offset="0" sl="70" sc="55" el="70" ec="65" bec="0" bev="0" fileid="37" />
            </Method>
            <Method visited="true" cyclomaticComplexity="1" nPathComplexity="0" sequenceCoverage="100" branchCoverage="100" isConstructor="false" isStatic="false" isGetter="false" isSetter="false">
              <Summary numSequencePoints="1" visitedSequencePoints="1" numBranchPoints="1" visitedBranchPoints="1" sequenceCoverage="100" branchCoverage="100" maxCyclomaticComplexity="1" minCyclomaticComplexity="1" visitedClasses="0" numClasses="0" visitedMethods="1" numMethods="1" />
              <MetadataToken>100663518</MetadataToken>
              <Name>System.Collections.Generic.IEnumerable`1&lt;TheFlow.CoreConcepts.Token&gt; TheFlow.CoreConcepts.Token/&lt;&gt;c::&lt;GetActiveDescendants&gt;b__24_1(TheFlow.CoreConcepts.Token)</Name>
              <FileRef uid="37" />
              <SequencePoints>
                <SequencePoint vc="1" uspid="617" ordinal="0" offset="0" sl="71" sc="73" el="71" ec="97" bec="0" bev="0" fileid="37" />
              </SequencePoints>
              <BranchPoints />
              <MethodPoint xsi:type="SequencePoint" vc="1" uspid="617" ordinal="0" offset="0" sl="71" sc="73" el="71" ec="97" bec="0" bev="0" fileid="37" />
            </Method>
          </Methods>
        </Class>
        <Class>
          <Summary numSequencePoints="1" visitedSequencePoints="1" numBranchPoints="1" visitedBranchPoints="1" sequenceCoverage="100" branchCoverage="100" maxCyclomaticComplexity="1" minCyclomaticComplexity="1" visitedClasses="1" numClasses="1" visitedMethods="1" numMethods="1" />
          <FullName>TheFlow.CoreConcepts.Token/&lt;&gt;c__DisplayClass25_0</FullName>
          <Methods>
            <Method visited="true" cyclomaticComplexity="1" nPathComplexity="0" sequenceCoverage="0" branchCoverage="0" isConstructor="true" isStatic="false" isGetter="false" isSetter="false">
              <Summary numSequencePoints="0" visitedSequencePoints="0" numBranchPoints="0" visitedBranchPoints="0" sequenceCoverage="0" branchCoverage="0" maxCyclomaticComplexity="1" minCyclomaticComplexity="1" visitedClasses="0" numClasses="0" visitedMethods="0" numMethods="0" />
              <MetadataToken>100663519</MetadataToken>
              <Name>System.Void TheFlow.CoreConcepts.Token/&lt;&gt;c__DisplayClass25_0::.ctor()</Name>
              <SequencePoints />
              <BranchPoints />
              <MethodPoint vc="37" uspid="618" ordinal="0" offset="0" />
            </Method>
            <Method visited="true" cyclomaticComplexity="1" nPathComplexity="0" sequenceCoverage="100" branchCoverage="100" isConstructor="false" isStatic="false" isGetter="false" isSetter="false">
              <Summary numSequencePoints="1" visitedSequencePoints="1" numBranchPoints="1" visitedBranchPoints="1" sequenceCoverage="100" branchCoverage="100" maxCyclomaticComplexity="1" minCyclomaticComplexity="1" visitedClasses="0" numClasses="0" visitedMethods="1" numMethods="1" />
              <MetadataToken>100663520</MetadataToken>
              <Name>System.Boolean TheFlow.CoreConcepts.Token/&lt;&gt;c__DisplayClass25_0::&lt;FindById&gt;b__0(TheFlow.CoreConcepts.Token)</Name>
              <FileRef uid="37" />
              <SequencePoints>
                <SequencePoint vc="6" uspid="619" ordinal="0" offset="0" sl="77" sc="56" el="77" ec="70" bec="0" bev="0" fileid="37" />
              </SequencePoints>
              <BranchPoints />
              <MethodPoint xsi:type="SequencePoint" vc="6" uspid="619" ordinal="0" offset="0" sl="77" sc="56" el="77" ec="70" bec="0" bev="0" fileid="37" />
            </Method>
          </Methods>
        </Class>
      </Classes>
    </Module>
    <Module skippedDueTo="MissingPdb" hash="B5-D0-7B-14-0B-02-7B-E7-7A-C4-1B-AF-19-A4-5F-1B-F8-76-51-C3">
      <ModulePath>c:\program files\dotnet\shared\Microsoft.NETCore.App\2.1.0\Microsoft.CSharp.dll</ModulePath>
      <ModuleTime>2018-05-15T17:03:32Z</ModuleTime>
      <ModuleName>Microsoft.CSharp</ModuleName>
      <Classes />
    </Module>
    <Module skippedDueTo="Filter" hash="30-6C-46-C1-EC-08-4D-D2-18-F7-7D-BE-08-BC-BC-51-FE-6D-54-D5">
      <ModulePath>c:\program files\dotnet\shared\Microsoft.NETCore.App\2.1.0\Microsoft.VisualBasic.dll</ModulePath>
      <ModuleTime>2018-05-15T17:03:32Z</ModuleTime>
      <ModuleName>Microsoft.VisualBasic</ModuleName>
      <Classes />
    </Module>
    <Module skippedDueTo="MissingPdb" hash="20-B2-59-8F-C7-14-4E-F0-13-BD-7E-A3-10-08-23-76-28-0E-DB-8D">
      <ModulePath>c:\program files\dotnet\shared\Microsoft.NETCore.App\2.1.0\Microsoft.Win32.Registry.dll</ModulePath>
      <ModuleTime>2018-05-15T17:03:32Z</ModuleTime>
      <ModuleName>Microsoft.Win32.Registry</ModuleName>
      <Classes />
    </Module>
    <Module skippedDueTo="Filter" hash="4D-3B-78-35-B5-9F-C7-B1-D7-A9-36-5D-11-38-17-02-11-F8-23-B6">
      <ModulePath>c:\program files\dotnet\shared\Microsoft.NETCore.App\2.1.0\System.Security.AccessControl.dll</ModulePath>
      <ModuleTime>2018-05-15T17:03:38Z</ModuleTime>
      <ModuleName>System.Security.AccessControl</ModuleName>
      <Classes />
    </Module>
    <Module skippedDueTo="MissingPdb" hash="FD-A0-A5-CC-2F-68-EA-D3-DA-74-4D-74-08-F7-40-32-45-0D-58-F0">
      <ModulePath>c:\program files\dotnet\shared\Microsoft.NETCore.App\2.1.0\SOS.NETCore.dll</ModulePath>
      <ModuleTime>2018-05-15T17:03:40Z</ModuleTime>
      <ModuleName>SOS.NETCore</ModuleName>
      <Classes />
    </Module>
    <Module skippedDueTo="Filter" hash="9E-5F-AD-60-04-57-6F-40-C1-C3-F9-E2-BC-8E-5E-64-5E-61-98-48">
      <ModulePath>c:\program files\dotnet\shared\Microsoft.NETCore.App\2.1.0\System.Collections.Concurrent.dll</ModulePath>
      <ModuleTime>2018-05-15T17:03:34Z</ModuleTime>
      <ModuleName>System.Collections.Concurrent</ModuleName>
      <Classes />
    </Module>
    <Module skippedDueTo="Filter" hash="0B-FA-56-19-85-6A-C4-75-4C-10-0F-DC-F8-D1-5B-9B-CD-DC-C3-F6">
      <ModulePath>c:\program files\dotnet\shared\Microsoft.NETCore.App\2.1.0\System.Collections.Immutable.dll</ModulePath>
      <ModuleTime>2018-05-15T17:03:34Z</ModuleTime>
      <ModuleName>System.Collections.Immutable</ModuleName>
      <Classes />
    </Module>
    <Module skippedDueTo="Filter" hash="C2-D4-23-6C-CC-96-C8-64-94-6D-04-35-9A-CE-C8-9F-6F-50-39-77">
      <ModulePath>c:\program files\dotnet\shared\Microsoft.NETCore.App\2.1.0\System.ComponentModel.Annotations.dll</ModulePath>
      <ModuleTime>2018-05-15T17:03:34Z</ModuleTime>
      <ModuleName>System.ComponentModel.Annotations</ModuleName>
      <Classes />
    </Module>
    <Module skippedDueTo="Filter" hash="2C-38-59-89-3D-B4-00-4C-27-53-19-AC-91-62-E6-D3-52-5E-02-04">
      <ModulePath>c:\program files\dotnet\shared\Microsoft.NETCore.App\2.1.0\System.ComponentModel.DataAnnotations.dll</ModulePath>
      <ModuleTime>2018-05-15T17:03:34Z</ModuleTime>
      <ModuleName>System.ComponentModel.DataAnnotations</ModuleName>
      <Classes />
    </Module>
    <Module skippedDueTo="Filter" hash="1E-72-CD-99-FB-10-54-DE-81-39-84-19-A2-10-F0-C4-38-D4-09-0D">
      <ModulePath>c:\program files\dotnet\shared\Microsoft.NETCore.App\2.1.0\System.Drawing.Primitives.dll</ModulePath>
      <ModuleTime>2018-05-15T17:03:34Z</ModuleTime>
      <ModuleName>System.Drawing.Primitives</ModuleName>
      <Classes />
    </Module>
    <Module skippedDueTo="Filter" hash="97-52-9E-00-0C-E9-69-9F-7C-C8-06-38-CA-9A-E3-E1-3E-1E-4B-B8">
      <ModulePath>c:\program files\dotnet\shared\Microsoft.NETCore.App\2.1.0\System.Configuration.dll</ModulePath>
      <ModuleTime>2018-05-15T17:03:34Z</ModuleTime>
      <ModuleName>System.Configuration</ModuleName>
      <Classes />
    </Module>
    <Module skippedDueTo="Filter" hash="F4-D8-E0-A0-9C-AC-8C-F5-17-7F-8B-73-82-22-9E-44-19-4E-87-E8">
      <ModulePath>c:\program files\dotnet\shared\Microsoft.NETCore.App\2.1.0\System.Core.dll</ModulePath>
      <ModuleTime>2018-05-15T17:03:34Z</ModuleTime>
      <ModuleName>System.Core</ModuleName>
      <Classes />
    </Module>
    <Module skippedDueTo="Filter" hash="4C-1E-43-CF-7A-CE-A7-24-9B-1B-B5-2D-51-30-C1-08-7B-82-C7-20">
      <ModulePath>c:\program files\dotnet\shared\Microsoft.NETCore.App\2.1.0\System.Data.Common.dll</ModulePath>
      <ModuleTime>2018-05-15T17:03:34Z</ModuleTime>
      <ModuleName>System.Data.Common</ModuleName>
      <Classes />
    </Module>
    <Module skippedDueTo="Filter" hash="ED-F1-0A-62-AE-72-7D-90-EB-61-12-FF-AD-6E-1A-BD-35-EE-CB-5A">
      <ModulePath>c:\program files\dotnet\shared\Microsoft.NETCore.App\2.1.0\System.Runtime.Numerics.dll</ModulePath>
      <ModuleTime>2018-05-15T17:03:38Z</ModuleTime>
      <ModuleName>System.Runtime.Numerics</ModuleName>
      <Classes />
    </Module>
    <Module skippedDueTo="Filter" hash="9C-8A-A5-6E-D5-E6-87-AC-26-3D-6F-4E-C0-6F-86-DE-57-37-A2-4B">
      <ModulePath>c:\program files\dotnet\shared\Microsoft.NETCore.App\2.1.0\System.Data.dll</ModulePath>
      <ModuleTime>2018-05-15T17:03:34Z</ModuleTime>
      <ModuleName>System.Data</ModuleName>
      <Classes />
    </Module>
    <Module skippedDueTo="Filter" hash="76-80-84-D0-43-90-70-B4-9A-5F-EF-0E-6A-39-1B-A2-76-51-35-ED">
      <ModulePath>c:\program files\dotnet\shared\Microsoft.NETCore.App\2.1.0\System.Diagnostics.Contracts.dll</ModulePath>
      <ModuleTime>2018-05-15T17:03:34Z</ModuleTime>
      <ModuleName>System.Diagnostics.Contracts</ModuleName>
      <Classes />
    </Module>
    <Module skippedDueTo="Filter" hash="0F-DB-A7-E6-AA-F8-E5-3E-DE-54-3D-EA-49-AC-84-46-97-51-FA-C2">
      <ModulePath>c:\program files\dotnet\shared\Microsoft.NETCore.App\2.1.0\System.Diagnostics.DiagnosticSource.dll</ModulePath>
      <ModuleTime>2018-05-15T17:03:34Z</ModuleTime>
      <ModuleName>System.Diagnostics.DiagnosticSource</ModuleName>
      <Classes />
    </Module>
    <Module skippedDueTo="Filter" hash="81-A4-25-B6-D3-88-DA-45-70-D0-3A-2D-05-DE-62-CD-FB-83-91-B1">
      <ModulePath>c:\program files\dotnet\shared\Microsoft.NETCore.App\2.1.0\System.Diagnostics.FileVersionInfo.dll</ModulePath>
      <ModuleTime>2018-05-15T17:03:34Z</ModuleTime>
      <ModuleName>System.Diagnostics.FileVersionInfo</ModuleName>
      <Classes />
    </Module>
    <Module skippedDueTo="Filter" hash="63-76-CF-C2-78-EB-41-7F-2F-68-B8-D0-0E-7A-C2-81-85-2D-0A-11">
      <ModulePath>c:\program files\dotnet\shared\Microsoft.NETCore.App\2.1.0\System.Diagnostics.StackTrace.dll</ModulePath>
      <ModuleTime>2018-05-15T17:03:34Z</ModuleTime>
      <ModuleName>System.Diagnostics.StackTrace</ModuleName>
      <Classes />
    </Module>
    <Module skippedDueTo="Filter" hash="CB-39-E5-B1-B4-D2-03-F7-BD-8B-F2-1B-FF-A9-EA-6F-4B-61-93-6D">
      <ModulePath>c:\program files\dotnet\shared\Microsoft.NETCore.App\2.1.0\System.Diagnostics.Tools.dll</ModulePath>
      <ModuleTime>2018-05-15T17:03:34Z</ModuleTime>
      <ModuleName>System.Diagnostics.Tools</ModuleName>
      <Classes />
    </Module>
    <Module skippedDueTo="Filter" hash="D7-14-AE-7A-9F-44-9F-51-03-92-CE-F6-F8-9A-AE-A7-86-32-1B-63">
      <ModulePath>c:\program files\dotnet\shared\Microsoft.NETCore.App\2.1.0\System.Drawing.dll</ModulePath>
      <ModuleTime>2018-05-15T17:03:34Z</ModuleTime>
      <ModuleName>System.Drawing</ModuleName>
      <Classes />
    </Module>
    <Module skippedDueTo="Filter" hash="AE-58-CA-AE-E1-07-92-68-EC-98-E9-60-1F-4B-C0-87-66-A8-58-EE">
      <ModulePath>c:\program files\dotnet\shared\Microsoft.NETCore.App\2.1.0\System.Globalization.Calendars.dll</ModulePath>
      <ModuleTime>2018-05-15T17:03:34Z</ModuleTime>
      <ModuleName>System.Globalization.Calendars</ModuleName>
      <Classes />
    </Module>
    <Module skippedDueTo="Filter" hash="45-37-31-1F-94-C5-F6-1D-6B-E5-85-70-46-D9-17-38-54-16-A8-10">
      <ModulePath>c:\program files\dotnet\shared\Microsoft.NETCore.App\2.1.0\System.Globalization.Extensions.dll</ModulePath>
      <ModuleTime>2018-05-15T17:03:34Z</ModuleTime>
      <ModuleName>System.Globalization.Extensions</ModuleName>
      <Classes />
    </Module>
    <Module skippedDueTo="Filter" hash="BE-18-F1-12-BC-29-E6-3A-91-57-BF-73-05-E3-8E-AD-3A-9F-1B-5C">
      <ModulePath>c:\program files\dotnet\shared\Microsoft.NETCore.App\2.1.0\System.IO.Compression.Brotli.dll</ModulePath>
      <ModuleTime>2018-05-15T17:03:34Z</ModuleTime>
      <ModuleName>System.IO.Compression.Brotli</ModuleName>
      <Classes />
    </Module>
    <Module skippedDueTo="Filter" hash="66-3E-96-27-78-BC-78-E5-7A-31-7D-F8-36-DC-98-0F-1D-42-CC-49">
      <ModulePath>c:\program files\dotnet\shared\Microsoft.NETCore.App\2.1.0\System.IO.Compression.dll</ModulePath>
      <ModuleTime>2018-05-15T17:03:34Z</ModuleTime>
      <ModuleName>System.IO.Compression</ModuleName>
      <Classes />
    </Module>
    <Module skippedDueTo="Filter" hash="AE-38-27-0C-B9-26-F2-25-C9-AA-F1-76-3F-6A-09-87-84-2E-62-F2">
      <ModulePath>c:\program files\dotnet\shared\Microsoft.NETCore.App\2.1.0\System.IO.Compression.FileSystem.dll</ModulePath>
      <ModuleTime>2018-05-15T17:03:34Z</ModuleTime>
      <ModuleName>System.IO.Compression.FileSystem</ModuleName>
      <Classes />
    </Module>
    <Module skippedDueTo="Filter" hash="F9-DF-37-EC-44-4E-C1-51-61-38-20-E1-FB-EE-98-7D-AB-8E-38-3F">
      <ModulePath>c:\program files\dotnet\shared\Microsoft.NETCore.App\2.1.0\System.IO.Compression.ZipFile.dll</ModulePath>
      <ModuleTime>2018-05-15T17:03:34Z</ModuleTime>
      <ModuleName>System.IO.Compression.ZipFile</ModuleName>
      <Classes />
    </Module>
    <Module skippedDueTo="Filter" hash="B8-00-68-2A-E5-66-97-83-52-1B-79-78-1C-5E-F9-FB-FA-9A-88-D3">
      <ModulePath>c:\program files\dotnet\shared\Microsoft.NETCore.App\2.1.0\System.IO.FileSystem.AccessControl.dll</ModulePath>
      <ModuleTime>2018-05-15T17:03:34Z</ModuleTime>
      <ModuleName>System.IO.FileSystem.AccessControl</ModuleName>
      <Classes />
    </Module>
    <Module skippedDueTo="Filter" hash="4F-C0-AA-11-48-23-6E-D9-D4-84-F0-B1-40-3E-A8-5F-6D-4D-9D-27">
      <ModulePath>c:\program files\dotnet\shared\Microsoft.NETCore.App\2.1.0\System.IO.FileSystem.DriveInfo.dll</ModulePath>
      <ModuleTime>2018-05-15T17:03:34Z</ModuleTime>
      <ModuleName>System.IO.FileSystem.DriveInfo</ModuleName>
      <Classes />
    </Module>
    <Module skippedDueTo="Filter" hash="29-C1-28-BB-F3-A1-74-D7-F5-01-01-6C-1A-67-FF-40-CE-15-B1-1E">
      <ModulePath>c:\program files\dotnet\shared\Microsoft.NETCore.App\2.1.0\System.IO.FileSystem.Watcher.dll</ModulePath>
      <ModuleTime>2018-05-15T17:03:34Z</ModuleTime>
      <ModuleName>System.IO.FileSystem.Watcher</ModuleName>
      <Classes />
    </Module>
    <Module skippedDueTo="Filter" hash="44-97-73-54-CD-6E-DE-07-00-7F-FE-2D-0A-B4-36-15-D1-0A-80-4B">
      <ModulePath>c:\program files\dotnet\shared\Microsoft.NETCore.App\2.1.0\System.IO.IsolatedStorage.dll</ModulePath>
      <ModuleTime>2018-05-15T17:03:34Z</ModuleTime>
      <ModuleName>System.IO.IsolatedStorage</ModuleName>
      <Classes />
    </Module>
    <Module skippedDueTo="Filter" hash="24-37-77-64-7F-CD-CB-B2-42-EB-60-6C-A9-B6-FE-20-8E-F3-AF-01">
      <ModulePath>c:\program files\dotnet\shared\Microsoft.NETCore.App\2.1.0\System.IO.MemoryMappedFiles.dll</ModulePath>
      <ModuleTime>2018-05-15T17:03:34Z</ModuleTime>
      <ModuleName>System.IO.MemoryMappedFiles</ModuleName>
      <Classes />
    </Module>
    <Module skippedDueTo="Filter" hash="9B-B6-C8-91-E4-D7-75-59-E7-4D-8E-D5-A8-88-24-62-CE-88-8C-E5">
      <ModulePath>c:\program files\dotnet\shared\Microsoft.NETCore.App\2.1.0\System.IO.Pipes.AccessControl.dll</ModulePath>
      <ModuleTime>2018-05-15T17:03:36Z</ModuleTime>
      <ModuleName>System.IO.Pipes.AccessControl</ModuleName>
      <Classes />
    </Module>
    <Module skippedDueTo="Filter" hash="2F-11-F8-D5-E0-AB-58-10-94-51-27-E6-DD-B3-17-15-E3-AC-0F-2D">
      <ModulePath>c:\program files\dotnet\shared\Microsoft.NETCore.App\2.1.0\System.IO.Pipes.dll</ModulePath>
      <ModuleTime>2018-05-15T17:03:36Z</ModuleTime>
      <ModuleName>System.IO.Pipes</ModuleName>
      <Classes />
    </Module>
    <Module skippedDueTo="Filter" hash="18-50-68-5E-B4-08-88-32-66-E2-F8-3A-10-B2-6C-29-A0-B9-71-32">
      <ModulePath>c:\program files\dotnet\shared\Microsoft.NETCore.App\2.1.0\System.IO.UnmanagedMemoryStream.dll</ModulePath>
      <ModuleTime>2018-05-15T17:03:36Z</ModuleTime>
      <ModuleName>System.IO.UnmanagedMemoryStream</ModuleName>
      <Classes />
    </Module>
    <Module skippedDueTo="Filter" hash="B1-81-80-A2-AC-25-FC-C9-C6-A2-62-F1-96-EE-69-52-C5-DB-D6-8D">
      <ModulePath>c:\program files\dotnet\shared\Microsoft.NETCore.App\2.1.0\System.Linq.Parallel.dll</ModulePath>
      <ModuleTime>2018-05-15T17:03:36Z</ModuleTime>
      <ModuleName>System.Linq.Parallel</ModuleName>
      <Classes />
    </Module>
    <Module skippedDueTo="Filter" hash="77-60-9D-5F-52-40-E7-75-D4-F8-1E-B8-5F-2C-4A-E1-28-13-99-55">
      <ModulePath>c:\program files\dotnet\shared\Microsoft.NETCore.App\2.1.0\System.Linq.Queryable.dll</ModulePath>
      <ModuleTime>2018-05-15T17:03:36Z</ModuleTime>
      <ModuleName>System.Linq.Queryable</ModuleName>
      <Classes />
    </Module>
    <Module skippedDueTo="Filter" hash="66-30-70-85-91-ED-55-B3-0B-E6-B9-A6-64-9D-CC-CC-94-0A-EE-C8">
      <ModulePath>c:\program files\dotnet\shared\Microsoft.NETCore.App\2.1.0\System.Net.Http.dll</ModulePath>
      <ModuleTime>2018-05-15T17:03:36Z</ModuleTime>
      <ModuleName>System.Net.Http</ModuleName>
      <Classes />
    </Module>
    <Module skippedDueTo="Filter" hash="CB-26-D8-B4-F5-C0-85-70-AA-9F-52-97-F5-68-EC-32-9B-2D-73-B3">
      <ModulePath>c:\program files\dotnet\shared\Microsoft.NETCore.App\2.1.0\System.Net.Security.dll</ModulePath>
      <ModuleTime>2018-05-15T17:03:36Z</ModuleTime>
      <ModuleName>System.Net.Security</ModuleName>
      <Classes />
    </Module>
    <Module skippedDueTo="Filter" hash="1E-D2-1E-FF-0F-B1-AC-38-31-74-07-C0-EA-3C-FA-07-A8-FA-D9-00">
      <ModulePath>c:\program files\dotnet\shared\Microsoft.NETCore.App\2.1.0\System.Net.HttpListener.dll</ModulePath>
      <ModuleTime>2018-05-15T17:03:36Z</ModuleTime>
      <ModuleName>System.Net.HttpListener</ModuleName>
      <Classes />
    </Module>
    <Module skippedDueTo="Filter" hash="7C-DD-2A-3B-37-6C-DE-F5-54-0B-79-23-63-D8-16-E4-AF-AD-18-C9">
      <ModulePath>c:\program files\dotnet\shared\Microsoft.NETCore.App\2.1.0\System.Net.WebSockets.dll</ModulePath>
      <ModuleTime>2018-05-15T17:03:36Z</ModuleTime>
      <ModuleName>System.Net.WebSockets</ModuleName>
      <Classes />
    </Module>
    <Module skippedDueTo="Filter" hash="CC-A9-4B-14-85-0D-9E-D8-92-07-52-43-80-8E-77-02-59-35-1E-54">
      <ModulePath>c:\program files\dotnet\shared\Microsoft.NETCore.App\2.1.0\System.Net.Mail.dll</ModulePath>
      <ModuleTime>2018-05-15T17:03:36Z</ModuleTime>
      <ModuleName>System.Net.Mail</ModuleName>
      <Classes />
    </Module>
    <Module skippedDueTo="Filter" hash="0A-B2-E4-7B-B0-E9-FD-9C-A8-4F-38-C9-DE-41-06-D4-7B-D0-78-CC">
      <ModulePath>c:\program files\dotnet\shared\Microsoft.NETCore.App\2.1.0\System.Net.NetworkInformation.dll</ModulePath>
      <ModuleTime>2018-05-15T17:03:36Z</ModuleTime>
      <ModuleName>System.Net.NetworkInformation</ModuleName>
      <Classes />
    </Module>
    <Module skippedDueTo="Filter" hash="EB-E3-94-89-44-15-7A-63-25-7C-DD-C9-2C-21-B8-38-5F-83-F8-DA">
      <ModulePath>c:\program files\dotnet\shared\Microsoft.NETCore.App\2.1.0\System.Net.Ping.dll</ModulePath>
      <ModuleTime>2018-05-15T17:03:36Z</ModuleTime>
      <ModuleName>System.Net.Ping</ModuleName>
      <Classes />
    </Module>
    <Module skippedDueTo="Filter" hash="5F-D3-0F-CA-5B-E9-11-54-8E-E4-A1-B2-10-EE-04-11-63-EB-DB-D3">
      <ModulePath>c:\program files\dotnet\shared\Microsoft.NETCore.App\2.1.0\System.Net.Requests.dll</ModulePath>
      <ModuleTime>2018-05-15T17:03:36Z</ModuleTime>
      <ModuleName>System.Net.Requests</ModuleName>
      <Classes />
    </Module>
    <Module skippedDueTo="Filter" hash="98-96-3F-E5-73-90-B1-DF-65-97-14-A3-21-62-18-F5-77-F5-B3-B6">
      <ModulePath>c:\program files\dotnet\shared\Microsoft.NETCore.App\2.1.0\System.Security.Cryptography.X509Certificates.dll</ModulePath>
      <ModuleTime>2018-05-15T17:03:38Z</ModuleTime>
      <ModuleName>System.Security.Cryptography.X509Certificates</ModuleName>
      <Classes />
    </Module>
    <Module skippedDueTo="Filter" hash="0D-D1-30-DB-65-77-9A-CD-59-17-7B-1B-9E-F1-DB-E6-70-D9-AE-BD">
      <ModulePath>c:\program files\dotnet\shared\Microsoft.NETCore.App\2.1.0\System.Net.ServicePoint.dll</ModulePath>
      <ModuleTime>2018-05-15T17:03:36Z</ModuleTime>
      <ModuleName>System.Net.ServicePoint</ModuleName>
      <Classes />
    </Module>
    <Module skippedDueTo="Filter" hash="45-B1-05-D0-63-F5-9B-31-21-6C-C1-63-C9-FB-64-FD-CC-D1-32-FC">
      <ModulePath>c:\program files\dotnet\shared\Microsoft.NETCore.App\2.1.0\System.Net.WebClient.dll</ModulePath>
      <ModuleTime>2018-05-15T17:03:36Z</ModuleTime>
      <ModuleName>System.Net.WebClient</ModuleName>
      <Classes />
    </Module>
    <Module skippedDueTo="Filter" hash="C2-5A-A4-B9-20-4E-D6-94-D7-D8-7B-10-B9-32-10-96-35-61-82-C9">
      <ModulePath>c:\program files\dotnet\shared\Microsoft.NETCore.App\2.1.0\System.Net.WebHeaderCollection.dll</ModulePath>
      <ModuleTime>2018-05-15T17:03:36Z</ModuleTime>
      <ModuleName>System.Net.WebHeaderCollection</ModuleName>
      <Classes />
    </Module>
    <Module skippedDueTo="Filter" hash="4F-4C-41-D2-B7-A7-9E-65-7F-57-CC-34-72-4F-67-67-9A-F8-BE-59">
      <ModulePath>c:\program files\dotnet\shared\Microsoft.NETCore.App\2.1.0\System.Net.WebProxy.dll</ModulePath>
      <ModuleTime>2018-05-15T17:03:36Z</ModuleTime>
      <ModuleName>System.Net.WebProxy</ModuleName>
      <Classes />
    </Module>
    <Module skippedDueTo="Filter" hash="E5-B5-CB-14-89-5D-51-63-DB-98-2D-C5-6E-0B-25-BE-B1-14-F3-28">
      <ModulePath>c:\program files\dotnet\shared\Microsoft.NETCore.App\2.1.0\System.Net.WebSockets.Client.dll</ModulePath>
      <ModuleTime>2018-05-15T17:03:36Z</ModuleTime>
      <ModuleName>System.Net.WebSockets.Client</ModuleName>
      <Classes />
    </Module>
    <Module skippedDueTo="Filter" hash="79-C2-E5-62-34-A8-80-A7-DA-B2-33-7E-FB-E6-10-88-3A-85-96-40">
      <ModulePath>c:\program files\dotnet\shared\Microsoft.NETCore.App\2.1.0\System.Net.dll</ModulePath>
      <ModuleTime>2018-05-15T17:03:36Z</ModuleTime>
      <ModuleName>System.Net</ModuleName>
      <Classes />
    </Module>
    <Module skippedDueTo="Filter" hash="16-D0-B1-FB-53-2C-C9-6C-8D-37-F8-2C-84-AF-E5-6E-3D-BB-80-74">
      <ModulePath>c:\program files\dotnet\shared\Microsoft.NETCore.App\2.1.0\System.Numerics.Vectors.dll</ModulePath>
      <ModuleTime>2018-05-15T17:03:36Z</ModuleTime>
      <ModuleName>System.Numerics.Vectors</ModuleName>
      <Classes />
    </Module>
    <Module skippedDueTo="Filter" hash="F2-C3-85-2D-15-9E-D4-A4-D2-A4-35-58-A1-2D-C9-7D-03-3C-E8-79">
      <ModulePath>c:\program files\dotnet\shared\Microsoft.NETCore.App\2.1.0\System.Numerics.dll</ModulePath>
      <ModuleTime>2018-05-15T17:03:36Z</ModuleTime>
      <ModuleName>System.Numerics</ModuleName>
      <Classes />
    </Module>
    <Module skippedDueTo="Filter" hash="30-5E-25-3B-49-95-17-0A-17-F8-FC-10-EE-09-B9-09-D2-96-7E-BC">
      <ModulePath>c:\program files\dotnet\shared\Microsoft.NETCore.App\2.1.0\System.Private.DataContractSerialization.dll</ModulePath>
      <ModuleTime>2018-05-15T17:03:36Z</ModuleTime>
      <ModuleName>System.Private.DataContractSerialization</ModuleName>
      <Classes />
    </Module>
    <Module skippedDueTo="Filter" hash="BB-70-F4-68-DD-92-B3-F6-FB-00-D6-D4-4C-56-CB-EF-A3-91-1B-0D">
      <ModulePath>c:\program files\dotnet\shared\Microsoft.NETCore.App\2.1.0\System.Reflection.Emit.ILGeneration.dll</ModulePath>
      <ModuleTime>2018-05-15T17:03:38Z</ModuleTime>
      <ModuleName>System.Reflection.Emit.ILGeneration</ModuleName>
      <Classes />
    </Module>
    <Module skippedDueTo="Filter" hash="A5-AE-34-E9-EF-78-83-B3-34-BE-53-64-54-2E-10-AA-B1-58-95-05">
      <ModulePath>c:\program files\dotnet\shared\Microsoft.NETCore.App\2.1.0\System.Reflection.DispatchProxy.dll</ModulePath>
      <ModuleTime>2018-05-15T17:03:38Z</ModuleTime>
      <ModuleName>System.Reflection.DispatchProxy</ModuleName>
      <Classes />
    </Module>
    <Module skippedDueTo="Filter" hash="38-CE-AE-5A-FB-25-CF-0E-7C-94-96-84-5F-7C-AD-3A-56-F4-A2-A4">
      <ModulePath>c:\program files\dotnet\shared\Microsoft.NETCore.App\2.1.0\System.Reflection.Emit.Lightweight.dll</ModulePath>
      <ModuleTime>2018-05-15T17:03:38Z</ModuleTime>
      <ModuleName>System.Reflection.Emit.Lightweight</ModuleName>
      <Classes />
    </Module>
    <Module skippedDueTo="Filter" hash="CA-D1-52-7B-14-B3-36-96-43-B8-C1-C3-A7-AD-77-A7-9F-1A-10-38">
      <ModulePath>c:\program files\dotnet\shared\Microsoft.NETCore.App\2.1.0\System.Reflection.Emit.dll</ModulePath>
      <ModuleTime>2018-05-15T17:03:38Z</ModuleTime>
      <ModuleName>System.Reflection.Emit</ModuleName>
      <Classes />
    </Module>
    <Module skippedDueTo="Filter" hash="04-EE-21-3D-50-7D-5E-CE-12-10-F6-9C-5E-AA-EE-24-C1-E0-FD-B3">
      <ModulePath>c:\program files\dotnet\shared\Microsoft.NETCore.App\2.1.0\System.Reflection.Metadata.dll</ModulePath>
      <ModuleTime>2018-05-15T17:03:38Z</ModuleTime>
      <ModuleName>System.Reflection.Metadata</ModuleName>
      <Classes />
    </Module>
    <Module skippedDueTo="Filter" hash="CC-EB-DD-C7-0A-85-19-06-8D-84-86-4E-4E-44-CF-17-AF-4A-84-68">
      <ModulePath>c:\program files\dotnet\shared\Microsoft.NETCore.App\2.1.0\System.Reflection.Primitives.dll</ModulePath>
      <ModuleTime>2018-05-15T17:03:38Z</ModuleTime>
      <ModuleName>System.Reflection.Primitives</ModuleName>
      <Classes />
    </Module>
    <Module skippedDueTo="Filter" hash="5C-05-B5-8E-5E-6F-DB-C1-7C-FE-45-86-B7-2E-90-50-8B-F6-A5-25">
      <ModulePath>c:\program files\dotnet\shared\Microsoft.NETCore.App\2.1.0\System.Reflection.TypeExtensions.dll</ModulePath>
      <ModuleTime>2018-05-15T17:03:38Z</ModuleTime>
      <ModuleName>System.Reflection.TypeExtensions</ModuleName>
      <Classes />
    </Module>
    <Module skippedDueTo="Filter" hash="A9-4F-30-81-65-16-6D-57-B1-49-D4-8D-4A-C3-FC-BD-A2-28-3B-F6">
      <ModulePath>c:\program files\dotnet\shared\Microsoft.NETCore.App\2.1.0\System.Resources.Reader.dll</ModulePath>
      <ModuleTime>2018-05-15T17:03:38Z</ModuleTime>
      <ModuleName>System.Resources.Reader</ModuleName>
      <Classes />
    </Module>
    <Module skippedDueTo="Filter" hash="B6-31-CB-D2-F9-78-A5-13-D6-2C-D4-38-F8-52-3E-52-28-76-F3-43">
      <ModulePath>c:\program files\dotnet\shared\Microsoft.NETCore.App\2.1.0\System.Resources.Writer.dll</ModulePath>
      <ModuleTime>2018-05-15T17:03:38Z</ModuleTime>
      <ModuleName>System.Resources.Writer</ModuleName>
      <Classes />
    </Module>
    <Module skippedDueTo="Filter" hash="31-3F-A9-D0-29-8B-76-0B-A7-6B-6B-DD-B5-5C-19-17-0B-9F-61-9C">
      <ModulePath>c:\program files\dotnet\shared\Microsoft.NETCore.App\2.1.0\System.Runtime.CompilerServices.VisualC.dll</ModulePath>
      <ModuleTime>2018-05-15T17:03:38Z</ModuleTime>
      <ModuleName>System.Runtime.CompilerServices.VisualC</ModuleName>
      <Classes />
    </Module>
    <Module skippedDueTo="Filter" hash="A9-4D-FD-C9-1F-10-4D-E0-F9-5F-FE-EC-F0-D1-B2-78-31-1A-8E-4D">
      <ModulePath>c:\program files\dotnet\shared\Microsoft.NETCore.App\2.1.0\System.Runtime.Handles.dll</ModulePath>
      <ModuleTime>2018-05-15T17:03:38Z</ModuleTime>
      <ModuleName>System.Runtime.Handles</ModuleName>
      <Classes />
    </Module>
    <Module skippedDueTo="Filter" hash="BA-DF-1E-96-62-E9-1E-1C-5D-BD-37-09-7C-61-5D-C9-F2-1C-F1-31">
      <ModulePath>c:\program files\dotnet\shared\Microsoft.NETCore.App\2.1.0\System.Runtime.InteropServices.WindowsRuntime.dll</ModulePath>
      <ModuleTime>2018-05-15T17:03:38Z</ModuleTime>
      <ModuleName>System.Runtime.InteropServices.WindowsRuntime</ModuleName>
      <Classes />
    </Module>
    <Module skippedDueTo="Filter" hash="A2-2B-54-37-17-00-1E-EF-79-AE-A3-33-ED-63-E0-49-8A-A8-BA-8F">
      <ModulePath>c:\program files\dotnet\shared\Microsoft.NETCore.App\2.1.0\System.Runtime.Serialization.Json.dll</ModulePath>
      <ModuleTime>2018-05-15T17:03:38Z</ModuleTime>
      <ModuleName>System.Runtime.Serialization.Json</ModuleName>
      <Classes />
    </Module>
    <Module skippedDueTo="Filter" hash="C8-5B-E4-A4-7D-15-CF-0B-73-FC-38-97-E3-75-6F-B1-1A-80-21-B7">
      <ModulePath>c:\program files\dotnet\shared\Microsoft.NETCore.App\2.1.0\System.Runtime.Serialization.Xml.dll</ModulePath>
      <ModuleTime>2018-05-15T17:03:38Z</ModuleTime>
      <ModuleName>System.Runtime.Serialization.Xml</ModuleName>
      <Classes />
    </Module>
    <Module skippedDueTo="Filter" hash="C1-9F-F4-8E-79-52-57-DC-91-43-BB-5A-56-39-61-16-E2-28-64-4A">
      <ModulePath>c:\program files\dotnet\shared\Microsoft.NETCore.App\2.1.0\System.Runtime.Serialization.dll</ModulePath>
      <ModuleTime>2018-05-15T17:03:38Z</ModuleTime>
      <ModuleName>System.Runtime.Serialization</ModuleName>
      <Classes />
    </Module>
    <Module skippedDueTo="Filter" hash="06-17-26-DD-65-DD-EF-6E-2E-D9-3B-5F-6B-34-E5-D7-6D-F3-F7-E0">
      <ModulePath>c:\program files\dotnet\shared\Microsoft.NETCore.App\2.1.0\System.Security.Cryptography.Encoding.dll</ModulePath>
      <ModuleTime>2018-05-15T17:03:38Z</ModuleTime>
      <ModuleName>System.Security.Cryptography.Encoding</ModuleName>
      <Classes />
    </Module>
    <Module skippedDueTo="Filter" hash="96-1F-A5-9A-60-99-81-FC-8E-F0-9A-6E-0B-B0-7C-FD-63-B6-C5-CD">
      <ModulePath>c:\program files\dotnet\shared\Microsoft.NETCore.App\2.1.0\System.Security.Cryptography.Primitives.dll</ModulePath>
      <ModuleTime>2018-05-15T17:03:38Z</ModuleTime>
      <ModuleName>System.Security.Cryptography.Primitives</ModuleName>
      <Classes />
    </Module>
    <Module skippedDueTo="Filter" hash="98-CE-2F-DB-D2-C0-10-C6-1F-63-48-15-2C-85-9D-EA-9D-1B-74-16">
      <ModulePath>c:\program files\dotnet\shared\Microsoft.NETCore.App\2.1.0\System.Security.Cryptography.Cng.dll</ModulePath>
      <ModuleTime>2018-05-15T17:03:38Z</ModuleTime>
      <ModuleName>System.Security.Cryptography.Cng</ModuleName>
      <Classes />
    </Module>
    <Module skippedDueTo="Filter" hash="F2-E3-F1-2F-17-27-CC-06-00-09-03-40-C1-CF-71-AA-C4-63-03-C5">
      <ModulePath>c:\program files\dotnet\shared\Microsoft.NETCore.App\2.1.0\System.Security.Cryptography.Csp.dll</ModulePath>
      <ModuleTime>2018-05-15T17:03:38Z</ModuleTime>
      <ModuleName>System.Security.Cryptography.Csp</ModuleName>
      <Classes />
    </Module>
    <Module skippedDueTo="Filter" hash="66-A6-2C-FC-07-15-8B-8A-1B-24-D2-E1-00-82-8C-C3-D7-9E-46-CE">
      <ModulePath>c:\program files\dotnet\shared\Microsoft.NETCore.App\2.1.0\System.Security.Cryptography.OpenSsl.dll</ModulePath>
      <ModuleTime>2018-05-15T17:03:38Z</ModuleTime>
      <ModuleName>System.Security.Cryptography.OpenSsl</ModuleName>
      <Classes />
    </Module>
    <Module skippedDueTo="Filter" hash="86-42-72-F8-ED-AC-F1-43-74-67-E1-14-46-B9-B2-B9-6A-EB-E4-94">
      <ModulePath>c:\program files\dotnet\shared\Microsoft.NETCore.App\2.1.0\System.Security.SecureString.dll</ModulePath>
      <ModuleTime>2018-05-15T17:03:38Z</ModuleTime>
      <ModuleName>System.Security.SecureString</ModuleName>
      <Classes />
    </Module>
    <Module skippedDueTo="Filter" hash="05-F0-42-16-F1-7E-B6-00-97-2E-E2-FA-A8-E5-B1-B2-4F-92-F8-54">
      <ModulePath>c:\program files\dotnet\shared\Microsoft.NETCore.App\2.1.0\System.Security.dll</ModulePath>
      <ModuleTime>2018-05-15T17:03:38Z</ModuleTime>
      <ModuleName>System.Security</ModuleName>
      <Classes />
    </Module>
    <Module skippedDueTo="Filter" hash="EF-DB-FA-8A-09-73-8C-B7-AF-1A-5B-5D-D2-00-79-29-D5-F0-2C-32">
      <ModulePath>c:\program files\dotnet\shared\Microsoft.NETCore.App\2.1.0\System.ServiceModel.Web.dll</ModulePath>
      <ModuleTime>2018-05-15T17:03:38Z</ModuleTime>
      <ModuleName>System.ServiceModel.Web</ModuleName>
      <Classes />
    </Module>
    <Module skippedDueTo="Filter" hash="B0-70-4F-08-CF-A8-F9-1A-84-DF-F1-D7-DC-17-BC-C8-01-43-18-DF">
      <ModulePath>c:\program files\dotnet\shared\Microsoft.NETCore.App\2.1.0\System.ServiceProcess.dll</ModulePath>
      <ModuleTime>2018-05-15T17:03:38Z</ModuleTime>
      <ModuleName>System.ServiceProcess</ModuleName>
      <Classes />
    </Module>
    <Module skippedDueTo="Filter" hash="2B-15-19-D9-E6-56-DC-AC-E0-43-94-94-4C-00-47-20-93-31-C3-E5">
      <ModulePath>c:\program files\dotnet\shared\Microsoft.NETCore.App\2.1.0\System.Threading.Tasks.Dataflow.dll</ModulePath>
      <ModuleTime>2018-05-15T17:03:38Z</ModuleTime>
      <ModuleName>System.Threading.Tasks.Dataflow</ModuleName>
      <Classes />
    </Module>
    <Module skippedDueTo="Filter" hash="B9-12-32-8A-AD-BC-F6-A8-84-7D-13-F1-AA-E9-4C-47-40-3A-06-23">
      <ModulePath>c:\program files\dotnet\shared\Microsoft.NETCore.App\2.1.0\System.Threading.Tasks.Extensions.dll</ModulePath>
      <ModuleTime>2018-05-15T17:03:38Z</ModuleTime>
      <ModuleName>System.Threading.Tasks.Extensions</ModuleName>
      <Classes />
    </Module>
    <Module skippedDueTo="Filter" hash="DC-EE-C1-38-F2-18-91-33-F1-C3-BD-36-22-CF-EB-CB-64-37-AA-32">
      <ModulePath>c:\program files\dotnet\shared\Microsoft.NETCore.App\2.1.0\System.Threading.Tasks.Parallel.dll</ModulePath>
      <ModuleTime>2018-05-15T17:03:38Z</ModuleTime>
      <ModuleName>System.Threading.Tasks.Parallel</ModuleName>
      <Classes />
    </Module>
    <Module skippedDueTo="Filter" hash="3D-64-CA-C4-6A-0A-09-53-17-45-A0-C9-96-02-F5-17-AC-9F-10-38">
      <ModulePath>c:\program files\dotnet\shared\Microsoft.NETCore.App\2.1.0\System.Transactions.Local.dll</ModulePath>
      <ModuleTime>2018-05-15T17:03:38Z</ModuleTime>
      <ModuleName>System.Transactions.Local</ModuleName>
      <Classes />
    </Module>
    <Module skippedDueTo="Filter" hash="87-72-FF-A1-AB-5C-F4-5D-45-27-32-53-2D-4A-73-F5-01-49-F0-9E">
      <ModulePath>c:\program files\dotnet\shared\Microsoft.NETCore.App\2.1.0\System.Transactions.dll</ModulePath>
      <ModuleTime>2018-05-15T17:03:38Z</ModuleTime>
      <ModuleName>System.Transactions</ModuleName>
      <Classes />
    </Module>
    <Module skippedDueTo="Filter" hash="C7-CF-E0-B1-65-AF-B8-8A-7E-2D-D3-21-7C-90-98-1F-F6-01-B7-E6">
      <ModulePath>c:\program files\dotnet\shared\Microsoft.NETCore.App\2.1.0\System.ValueTuple.dll</ModulePath>
      <ModuleTime>2018-05-15T17:03:38Z</ModuleTime>
      <ModuleName>System.ValueTuple</ModuleName>
      <Classes />
    </Module>
    <Module skippedDueTo="Filter" hash="01-B8-17-FC-FB-97-FB-04-E9-16-10-E1-1E-A1-85-89-1D-5A-76-6B">
      <ModulePath>c:\program files\dotnet\shared\Microsoft.NETCore.App\2.1.0\System.Web.HttpUtility.dll</ModulePath>
      <ModuleTime>2018-05-15T17:03:38Z</ModuleTime>
      <ModuleName>System.Web.HttpUtility</ModuleName>
      <Classes />
    </Module>
    <Module skippedDueTo="Filter" hash="18-D5-10-4C-6A-2C-F5-46-B2-94-C5-3A-42-E8-AA-7A-96-AC-1C-BA">
      <ModulePath>c:\program files\dotnet\shared\Microsoft.NETCore.App\2.1.0\System.Web.dll</ModulePath>
      <ModuleTime>2018-05-15T17:03:38Z</ModuleTime>
      <ModuleName>System.Web</ModuleName>
      <Classes />
    </Module>
    <Module skippedDueTo="Filter" hash="A4-E3-23-6F-3C-66-3F-6E-9A-E5-3F-4B-A0-39-C4-70-0B-50-1E-E7">
      <ModulePath>c:\program files\dotnet\shared\Microsoft.NETCore.App\2.1.0\System.Windows.dll</ModulePath>
      <ModuleTime>2018-05-15T17:03:38Z</ModuleTime>
      <ModuleName>System.Windows</ModuleName>
      <Classes />
    </Module>
    <Module skippedDueTo="Filter" hash="83-81-68-73-F2-25-78-8F-A7-2E-8F-F4-1A-AD-2E-D1-0D-95-D7-91">
      <ModulePath>c:\program files\dotnet\shared\Microsoft.NETCore.App\2.1.0\System.Xml.Linq.dll</ModulePath>
      <ModuleTime>2018-05-15T17:03:38Z</ModuleTime>
      <ModuleName>System.Xml.Linq</ModuleName>
      <Classes />
    </Module>
    <Module skippedDueTo="Filter" hash="23-83-4D-9B-46-B5-72-B4-66-07-AB-2F-20-FD-C1-2C-3A-95-6B-5B">
      <ModulePath>c:\program files\dotnet\shared\Microsoft.NETCore.App\2.1.0\System.Xml.Serialization.dll</ModulePath>
      <ModuleTime>2018-05-15T17:03:38Z</ModuleTime>
      <ModuleName>System.Xml.Serialization</ModuleName>
      <Classes />
    </Module>
    <Module skippedDueTo="Filter" hash="52-55-69-93-B4-F6-30-2E-5C-73-BF-F0-E9-55-23-F6-B4-CE-50-DF">
      <ModulePath>c:\program files\dotnet\shared\Microsoft.NETCore.App\2.1.0\System.Xml.XPath.XDocument.dll</ModulePath>
      <ModuleTime>2018-05-15T17:03:38Z</ModuleTime>
      <ModuleName>System.Xml.XPath.XDocument</ModuleName>
      <Classes />
    </Module>
    <Module skippedDueTo="Filter" hash="27-01-11-06-A9-A2-0E-E7-B0-AA-15-71-30-D7-F9-91-05-3C-3E-B1">
      <ModulePath>c:\program files\dotnet\shared\Microsoft.NETCore.App\2.1.0\System.Xml.XmlSerializer.dll</ModulePath>
      <ModuleTime>2018-05-15T17:03:40Z</ModuleTime>
      <ModuleName>System.Xml.XmlSerializer</ModuleName>
      <Classes />
    </Module>
    <Module skippedDueTo="Filter" hash="A9-EC-E4-42-AC-07-BE-CA-81-CC-7E-A0-C9-5D-AF-B1-DD-1C-78-33">
      <ModulePath>c:\program files\dotnet\shared\Microsoft.NETCore.App\2.1.0\System.Xml.dll</ModulePath>
      <ModuleTime>2018-05-15T17:03:40Z</ModuleTime>
      <ModuleName>System.Xml</ModuleName>
      <Classes />
    </Module>
    <Module skippedDueTo="Filter" hash="AB-47-A8-D9-D6-6A-5A-D0-1C-C1-8A-61-58-EF-9A-8F-AE-97-06-71">
      <ModulePath>c:\program files\dotnet\shared\Microsoft.NETCore.App\2.1.0\System.dll</ModulePath>
      <ModuleTime>2018-05-15T17:03:40Z</ModuleTime>
      <ModuleName>System</ModuleName>
      <Classes />
    </Module>
    <Module skippedDueTo="MissingPdb" hash="36-03-43-0A-D6-05-D1-4D-71-4C-C8-C0-AA-DE-8B-6A-3E-33-0A-3A">
      <ModulePath>c:\program files\dotnet\shared\Microsoft.NETCore.App\2.1.0\WindowsBase.dll</ModulePath>
      <ModuleTime>2018-05-15T17:03:40Z</ModuleTime>
      <ModuleName>WindowsBase</ModuleName>
      <Classes />
    </Module>
    <Module skippedDueTo="Filter" hash="44-8B-AD-FD-2A-B5-FE-44-6C-1A-41-86-21-22-10-6D-A9-78-FA-D1">
      <ModulePath>c:\program files\dotnet\shared\Microsoft.NETCore.App\2.1.0\mscorlib.dll</ModulePath>
      <ModuleTime>2018-05-15T17:03:32Z</ModuleTime>
      <ModuleName>mscorlib</ModuleName>
      <Classes />
    </Module>
    <Module skippedDueTo="MissingPdb" hash="0B-62-40-90-58-76-E8-86-0D-1A-DC-F5-78-DB-B7-94-BC-00-10-0C">
      <ModulePath>C:\dev\github\nstep\TheFlow\test\TheFlow.Tests\bin\Debug\netcoreapp2.1\xunit.runner.reporters.netcoreapp10.dll</ModulePath>
      <ModuleTime>2018-07-17T07:18:26Z</ModuleTime>
      <ModuleName>xunit.runner.reporters.netcoreapp10</ModuleName>
      <Classes />
    </Module>
    <Module skippedDueTo="MissingPdb" hash="16-7C-D1-8D-0E-08-82-D2-50-9C-9A-FF-7A-6F-C1-DB-D3-21-8A-72">
      <ModulePath>C:\dev\github\nstep\TheFlow\test\TheFlow.Tests\bin\Debug\netcoreapp2.1\xunit.runner.visualstudio.dotnetcore.testadapter.dll</ModulePath>
      <ModuleTime>2018-07-17T07:18:28Z</ModuleTime>
      <ModuleName>xunit.runner.visualstudio.dotnetcore.testadapter</ModuleName>
      <Classes />
    </Module>
    <Module skippedDueTo="Filter" hash="90-9A-ED-47-04-2B-8A-42-2C-26-2D-AC-58-1F-41-AA-7C-AB-DA-48">
      <ModulePath>c:\program files\dotnet\shared\Microsoft.NETCore.App\2.1.0\System.Threading.ThreadPool.dll</ModulePath>
      <ModuleTime>2018-05-15T17:03:38Z</ModuleTime>
      <ModuleName>System.Threading.ThreadPool</ModuleName>
      <Classes />
    </Module>
    <Module skippedDueTo="Filter" hash="C0-16-E9-9B-FF-FA-5B-79-E3-1C-03-FB-3D-CB-62-55-5D-54-B0-65">
      <ModulePath>c:\program files\dotnet\shared\Microsoft.NETCore.App\2.1.0\System.Collections.NonGeneric.dll</ModulePath>
      <ModuleTime>2018-05-15T17:03:34Z</ModuleTime>
      <ModuleName>System.Collections.NonGeneric</ModuleName>
      <Classes />
    </Module>
  </Modules>
</CoverageSession>